  Determining projects to restore...
C:\Users\Administrator\Documents\malik\dekstop_ta\AbsenSholat\AbsenSholat.csproj : warning NU1603: AbsenSholat depends on OpenCvSharp4 (>= 4.9.0.20241106) but OpenCvSharp4 4.9.0.20241106 was not found. OpenCvSharp4 4.10.0.20240615 was resolved instead. [C:\Users\Administrator\Documents\malik\dekstop_ta\AbsenSholat.sln]
C:\Users\Administrator\Documents\malik\dekstop_ta\AbsenSholat\AbsenSholat.csproj : warning NU1603: AbsenSholat depends on OpenCvSharp4.runtime.win (>= 4.9.0.20241106) but OpenCvSharp4.runtime.win 4.9.0.20241106 was not found. OpenCvSharp4.runtime.win 4.10.0.20240615 was resolved instead. [C:\Users\Administrator\Documents\malik\dekstop_ta\AbsenSholat.sln]
  All projects are up-to-date for restore.
C:\Program Files\dotnet\sdk\10.0.102\Microsoft.Common.CurrentVersion.targets(5937,5): warning MSB3061: Unable to delete file "C:\Users\Administrator\Documents\malik\dekstop_ta\AbsenSholat\bin\Debug\net8.0-windows\AbsenSholat.exe". Access to the path 'C:\Users\Administrator\Documents\malik\dekstop_ta\AbsenSholat\bin\Debug\net8.0-windows\AbsenSholat.exe' is denied. The file is locked by: "AbsenSholat (7952)" [C:\Users\Administrator\Documents\malik\dekstop_ta\AbsenSholat\AbsenSholat.csproj]
C:\Program Files\dotnet\sdk\10.0.102\Microsoft.Common.CurrentVersion.targets(5937,5): warning MSB3061: Unable to delete file "C:\Users\Administrator\Documents\malik\dekstop_ta\AbsenSholat\bin\Debug\net8.0-windows\AbsenSholat.dll". Access to the path 'C:\Users\Administrator\Documents\malik\dekstop_ta\AbsenSholat\bin\Debug\net8.0-windows\AbsenSholat.dll' is denied. The file is locked by: "Microsoft Visual Studio (6572), AbsenSholat (7952)" [C:\Users\Administrator\Documents\malik\dekstop_ta\AbsenSholat\AbsenSholat.csproj]
C:\Program Files\dotnet\sdk\10.0.102\Microsoft.Common.CurrentVersion.targets(5937,5): warning MSB3061: Unable to delete file "C:\Users\Administrator\Documents\malik\dekstop_ta\AbsenSholat\bin\Debug\net8.0-windows\OpenCvSharp.dll". Access to the path 'C:\Users\Administrator\Documents\malik\dekstop_ta\AbsenSholat\bin\Debug\net8.0-windows\OpenCvSharp.dll' is denied. The file is locked by: "Microsoft Visual Studio (6572), AbsenSholat (7952)" [C:\Users\Administrator\Documents\malik\dekstop_ta\AbsenSholat\AbsenSholat.csproj]
C:\Program Files\dotnet\sdk\10.0.102\Microsoft.Common.CurrentVersion.targets(5937,5): warning MSB3061: Unable to delete file "C:\Users\Administrator\Documents\malik\dekstop_ta\AbsenSholat\bin\Debug\net8.0-windows\runtimes\win-x64\native\OpenCvSharpExtern.dll". Access to the path 'C:\Users\Administrator\Documents\malik\dekstop_ta\AbsenSholat\bin\Debug\net8.0-windows\runtimes\win-x64\native\OpenCvSharpExtern.dll' is denied. The file is locked by: "AbsenSholat (7952)" [C:\Users\Administrator\Documents\malik\dekstop_ta\AbsenSholat\AbsenSholat.csproj]
C:\Users\Administrator\Documents\malik\dekstop_ta\AbsenSholat\AbsenSholat.csproj : warning NU1603: AbsenSholat depends on OpenCvSharp4 (>= 4.9.0.20241106) but OpenCvSharp4 4.9.0.20241106 was not found. OpenCvSharp4 4.10.0.20240615 was resolved instead.
C:\Users\Administrator\Documents\malik\dekstop_ta\AbsenSholat\AbsenSholat.csproj : warning NU1603: AbsenSholat depends on OpenCvSharp4.runtime.win (>= 4.9.0.20241106) but OpenCvSharp4.runtime.win 4.9.0.20241106 was not found. OpenCvSharp4.runtime.win 4.10.0.20240615 was resolved instead.
C:\Users\Administrator\Documents\malik\dekstop_ta\AbsenSholat\AbsenSholat_jtp3b20w_wpftmp.csproj : warning NU1603: AbsenSholat depends on OpenCvSharp4 (>= 4.9.0.20241106) but OpenCvSharp4 4.9.0.20241106 was not found. OpenCvSharp4 4.10.0.20240615 was resolved instead.
C:\Users\Administrator\Documents\malik\dekstop_ta\AbsenSholat\AbsenSholat_jtp3b20w_wpftmp.csproj : warning NU1603: AbsenSholat depends on OpenCvSharp4.runtime.win (>= 4.9.0.20241106) but OpenCvSharp4.runtime.win 4.9.0.20241106 was not found. OpenCvSharp4.runtime.win 4.10.0.20240615 was resolved instead.
C:\Users\Administrator\Documents\malik\dekstop_ta\AbsenSholat\ApiClient.cs(44,104): warning CS8625: Cannot convert null literal to non-nullable reference type. [C:\Users\Administrator\Documents\malik\dekstop_ta\AbsenSholat\AbsenSholat_jtp3b20w_wpftmp.csproj]
C:\Users\Administrator\Documents\malik\dekstop_ta\AbsenSholat\ChangeEmailWindow.xaml.cs(17,16): warning CS8618: Non-nullable property 'NewEmail' must contain a non-null value when exiting constructor. Consider adding the 'required' modifier or declaring the property as nullable. [C:\Users\Administrator\Documents\malik\dekstop_ta\AbsenSholat\AbsenSholat_jtp3b20w_wpftmp.csproj]
C:\Users\Administrator\Documents\malik\dekstop_ta\AbsenSholat\ApiClient.cs(23,16): warning CS8618: Non-nullable field '_token' must contain a non-null value when exiting constructor. Consider adding the 'required' modifier or declaring the field as nullable. [C:\Users\Administrator\Documents\malik\dekstop_ta\AbsenSholat\AbsenSholat_jtp3b20w_wpftmp.csproj]
C:\Users\Administrator\Documents\malik\dekstop_ta\AbsenSholat\ChangeEmailOtpWindow.xaml.cs(19,16): warning CS8618: Non-nullable field '_timer' must contain a non-null value when exiting constructor. Consider adding the 'required' modifier or declaring the field as nullable. [C:\Users\Administrator\Documents\malik\dekstop_ta\AbsenSholat\AbsenSholat_jtp3b20w_wpftmp.csproj]
C:\Users\Administrator\Documents\malik\dekstop_ta\AbsenSholat\AdminDashboardWindow.xaml.cs(44,37): warning CS8600: Converting null literal or possible null value to non-nullable type. [C:\Users\Administrator\Documents\malik\dekstop_ta\AbsenSholat\AbsenSholat_jtp3b20w_wpftmp.csproj]
C:\Users\Administrator\Documents\malik\dekstop_ta\AbsenSholat\AdminDashboardWindow.xaml.cs(44,37): warning CS8604: Possible null reference argument for parameter 'token' in 'void ApiClient.SetToken(string token)'. [C:\Users\Administrator\Documents\malik\dekstop_ta\AbsenSholat\AbsenSholat_jtp3b20w_wpftmp.csproj]
C:\Users\Administrator\Documents\malik\dekstop_ta\AbsenSholat\AdminDashboardWindow.xaml.cs(35,16): warning CS8618: Non-nullable field '_clockTimer' must contain a non-null value when exiting constructor. Consider adding the 'required' modifier or declaring the field as nullable. [C:\Users\Administrator\Documents\malik\dekstop_ta\AbsenSholat\AbsenSholat_jtp3b20w_wpftmp.csproj]
C:\Users\Administrator\Documents\malik\dekstop_ta\AbsenSholat\AdminDashboardWindow.xaml.cs(35,16): warning CS8618: Non-nullable field '_qrCountdownTimer' must contain a non-null value when exiting constructor. Consider adding the 'required' modifier or declaring the field as nullable. [C:\Users\Administrator\Documents\malik\dekstop_ta\AbsenSholat\AbsenSholat_jtp3b20w_wpftmp.csproj]
C:\Users\Administrator\Documents\malik\dekstop_ta\AbsenSholat\ChangeEmailOtpWindow.xaml.cs(40,28): warning CS8622: Nullability of reference types in type of parameter 'sender' of 'void ChangeEmailOtpWindow.Timer_Tick(object sender, EventArgs e)' doesn't match the target delegate 'EventHandler' (possibly because of nullability attributes). [C:\Users\Administrator\Documents\malik\dekstop_ta\AbsenSholat\AbsenSholat_jtp3b20w_wpftmp.csproj]
C:\Users\Administrator\Documents\malik\dekstop_ta\AbsenSholat\ChangePasswordWindow.xaml.cs(73,87): warning CS8625: Cannot convert null literal to non-nullable reference type. [C:\Users\Administrator\Documents\malik\dekstop_ta\AbsenSholat\AbsenSholat_jtp3b20w_wpftmp.csproj]
C:\Users\Administrator\Documents\malik\dekstop_ta\AbsenSholat\ChangePasswordWindow.xaml.cs(74,62): warning CS8625: Cannot convert null literal to non-nullable reference type. [C:\Users\Administrator\Documents\malik\dekstop_ta\AbsenSholat\AbsenSholat_jtp3b20w_wpftmp.csproj]
C:\Users\Administrator\Documents\malik\dekstop_ta\AbsenSholat\ChangePasswordWindow.xaml.cs(95,95): warning CS8625: Cannot convert null literal to non-nullable reference type. [C:\Users\Administrator\Documents\malik\dekstop_ta\AbsenSholat\AbsenSholat_jtp3b20w_wpftmp.csproj]
C:\Users\Administrator\Documents\malik\dekstop_ta\AbsenSholat\ChangePasswordWindow.xaml.cs(96,66): warning CS8625: Cannot convert null literal to non-nullable reference type. [C:\Users\Administrator\Documents\malik\dekstop_ta\AbsenSholat\AbsenSholat_jtp3b20w_wpftmp.csproj]
C:\Users\Administrator\Documents\malik\dekstop_ta\AbsenSholat\ApiClient.cs(91,20): warning CS8603: Possible null reference return. [C:\Users\Administrator\Documents\malik\dekstop_ta\AbsenSholat\AbsenSholat_jtp3b20w_wpftmp.csproj]
C:\Users\Administrator\Documents\malik\dekstop_ta\AbsenSholat\ApiClient.cs(106,20): warning CS8603: Possible null reference return. [C:\Users\Administrator\Documents\malik\dekstop_ta\AbsenSholat\AbsenSholat_jtp3b20w_wpftmp.csproj]
C:\Users\Administrator\Documents\malik\dekstop_ta\AbsenSholat\ApiClient.cs(134,20): warning CS8603: Possible null reference return. [C:\Users\Administrator\Documents\malik\dekstop_ta\AbsenSholat\AbsenSholat_jtp3b20w_wpftmp.csproj]
C:\Users\Administrator\Documents\malik\dekstop_ta\AbsenSholat\DashboardWindow.xaml.cs(32,22): warning CS8625: Cannot convert null literal to non-nullable reference type. [C:\Users\Administrator\Documents\malik\dekstop_ta\AbsenSholat\AbsenSholat_jtp3b20w_wpftmp.csproj]
C:\Users\Administrator\Documents\malik\dekstop_ta\AbsenSholat\DashboardWindow.xaml.cs(28,16): warning CS8618: Non-nullable field '_siswa' must contain a non-null value when exiting constructor. Consider adding the 'required' modifier or declaring the field as nullable. [C:\Users\Administrator\Documents\malik\dekstop_ta\AbsenSholat\AbsenSholat_jtp3b20w_wpftmp.csproj]
C:\Users\Administrator\Documents\malik\dekstop_ta\AbsenSholat\DashboardWindow.xaml.cs(28,16): warning CS8618: Non-nullable field '_email' must contain a non-null value when exiting constructor. Consider adding the 'required' modifier or declaring the field as nullable. [C:\Users\Administrator\Documents\malik\dekstop_ta\AbsenSholat\AbsenSholat_jtp3b20w_wpftmp.csproj]
C:\Users\Administrator\Documents\malik\dekstop_ta\AbsenSholat\DashboardWindow.xaml.cs(28,16): warning CS8618: Non-nullable field '_timer' must contain a non-null value when exiting constructor. Consider adding the 'required' modifier or declaring the field as nullable. [C:\Users\Administrator\Documents\malik\dekstop_ta\AbsenSholat\AbsenSholat_jtp3b20w_wpftmp.csproj]
C:\Users\Administrator\Documents\malik\dekstop_ta\AbsenSholat\DashboardWindow.xaml.cs(28,16): warning CS8618: Non-nullable field '_scanAnimationTimer' must contain a non-null value when exiting constructor. Consider adding the 'required' modifier or declaring the field as nullable. [C:\Users\Administrator\Documents\malik\dekstop_ta\AbsenSholat\AbsenSholat_jtp3b20w_wpftmp.csproj]
C:\Users\Administrator\Documents\malik\dekstop_ta\AbsenSholat\DashboardWindow.xaml.cs(660,23): warning CS8618: Non-nullable property 'Name' must contain a non-null value when exiting constructor. Consider adding the 'required' modifier or declaring the property as nullable. [C:\Users\Administrator\Documents\malik\dekstop_ta\AbsenSholat\AbsenSholat_jtp3b20w_wpftmp.csproj]
C:\Users\Administrator\Documents\malik\dekstop_ta\AbsenSholat\DashboardWindow.xaml.cs(661,23): warning CS8618: Non-nullable property 'TimeRange' must contain a non-null value when exiting constructor. Consider adding the 'required' modifier or declaring the property as nullable. [C:\Users\Administrator\Documents\malik\dekstop_ta\AbsenSholat\AbsenSholat_jtp3b20w_wpftmp.csproj]
C:\Users\Administrator\Documents\malik\dekstop_ta\AbsenSholat\DashboardWindow.xaml.cs(662,23): warning CS8618: Non-nullable property 'StatusText' must contain a non-null value when exiting constructor. Consider adding the 'required' modifier or declaring the property as nullable. [C:\Users\Administrator\Documents\malik\dekstop_ta\AbsenSholat\AbsenSholat_jtp3b20w_wpftmp.csproj]
C:\Users\Administrator\Documents\malik\dekstop_ta\AbsenSholat\DashboardWindow.xaml.cs(663,23): warning CS8618: Non-nullable property 'StatusBackground' must contain a non-null value when exiting constructor. Consider adding the 'required' modifier or declaring the property as nullable. [C:\Users\Administrator\Documents\malik\dekstop_ta\AbsenSholat\AbsenSholat_jtp3b20w_wpftmp.csproj]
C:\Users\Administrator\Documents\malik\dekstop_ta\AbsenSholat\DashboardWindow.xaml.cs(664,23): warning CS8618: Non-nullable property 'StatusForeground' must contain a non-null value when exiting constructor. Consider adding the 'required' modifier or declaring the property as nullable. [C:\Users\Administrator\Documents\malik\dekstop_ta\AbsenSholat\AbsenSholat_jtp3b20w_wpftmp.csproj]
C:\Users\Administrator\Documents\malik\dekstop_ta\AbsenSholat\DashboardWindow.xaml.cs(665,23): warning CS8618: Non-nullable property 'BorderColor' must contain a non-null value when exiting constructor. Consider adding the 'required' modifier or declaring the property as nullable. [C:\Users\Administrator\Documents\malik\dekstop_ta\AbsenSholat\AbsenSholat_jtp3b20w_wpftmp.csproj]
C:\Users\Administrator\Documents\malik\dekstop_ta\AbsenSholat\DashboardWindow.xaml.cs(666,23): warning CS8618: Non-nullable property 'BackgroundColor' must contain a non-null value when exiting constructor. Consider adding the 'required' modifier or declaring the property as nullable. [C:\Users\Administrator\Documents\malik\dekstop_ta\AbsenSholat\AbsenSholat_jtp3b20w_wpftmp.csproj]
C:\Users\Administrator\Documents\malik\dekstop_ta\AbsenSholat\DashboardWindow.xaml.cs(42,22): warning CS8601: Possible null reference assignment. [C:\Users\Administrator\Documents\malik\dekstop_ta\AbsenSholat\AbsenSholat_jtp3b20w_wpftmp.csproj]
C:\Users\Administrator\Documents\malik\dekstop_ta\AbsenSholat\DashboardWindow.xaml.cs(55,37): warning CS8600: Converting null literal or possible null value to non-nullable type. [C:\Users\Administrator\Documents\malik\dekstop_ta\AbsenSholat\AbsenSholat_jtp3b20w_wpftmp.csproj]
C:\Users\Administrator\Documents\malik\dekstop_ta\AbsenSholat\DashboardWindow.xaml.cs(55,37): warning CS8604: Possible null reference argument for parameter 'token' in 'void ApiClient.SetToken(string token)'. [C:\Users\Administrator\Documents\malik\dekstop_ta\AbsenSholat\AbsenSholat_jtp3b20w_wpftmp.csproj]
C:\Users\Administrator\Documents\malik\dekstop_ta\AbsenSholat\DashboardWindow.xaml.cs(38,16): warning CS8618: Non-nullable field '_siswa' must contain a non-null value when exiting constructor. Consider adding the 'required' modifier or declaring the field as nullable. [C:\Users\Administrator\Documents\malik\dekstop_ta\AbsenSholat\AbsenSholat_jtp3b20w_wpftmp.csproj]
C:\Users\Administrator\Documents\malik\dekstop_ta\AbsenSholat\DashboardWindow.xaml.cs(38,16): warning CS8618: Non-nullable field '_timer' must contain a non-null value when exiting constructor. Consider adding the 'required' modifier or declaring the field as nullable. [C:\Users\Administrator\Documents\malik\dekstop_ta\AbsenSholat\AbsenSholat_jtp3b20w_wpftmp.csproj]
C:\Users\Administrator\Documents\malik\dekstop_ta\AbsenSholat\DashboardWindow.xaml.cs(38,16): warning CS8618: Non-nullable field '_scanAnimationTimer' must contain a non-null value when exiting constructor. Consider adding the 'required' modifier or declaring the field as nullable. [C:\Users\Administrator\Documents\malik\dekstop_ta\AbsenSholat\AbsenSholat_jtp3b20w_wpftmp.csproj]
C:\Users\Administrator\Documents\malik\dekstop_ta\AbsenSholat\Models\StatisticsModels.cs(23,23): warning CS8618: Non-nullable property 'Tanggal' must contain a non-null value when exiting constructor. Consider adding the 'required' modifier or declaring the property as nullable. [C:\Users\Administrator\Documents\malik\dekstop_ta\AbsenSholat\AbsenSholat_jtp3b20w_wpftmp.csproj]
C:\Users\Administrator\Documents\malik\dekstop_ta\AbsenSholat\Models\StatisticsModels.cs(8,31): warning CS8618: Non-nullable property 'Data' must contain a non-null value when exiting constructor. Consider adding the 'required' modifier or declaring the property as nullable. [C:\Users\Administrator\Documents\malik\dekstop_ta\AbsenSholat\AbsenSholat_jtp3b20w_wpftmp.csproj]
C:\Users\Administrator\Documents\malik\dekstop_ta\AbsenSholat\Models\StatisticsModels.cs(11,23): warning CS8618: Non-nullable property 'Message' must contain a non-null value when exiting constructor. Consider adding the 'required' modifier or declaring the property as nullable. [C:\Users\Administrator\Documents\malik\dekstop_ta\AbsenSholat\AbsenSholat_jtp3b20w_wpftmp.csproj]
C:\Users\Administrator\Documents\malik\dekstop_ta\AbsenSholat\Models\Siswa.cs(7,23): warning CS8618: Non-nullable property 'Nis' must contain a non-null value when exiting constructor. Consider adding the 'required' modifier or declaring the property as nullable. [C:\Users\Administrator\Documents\malik\dekstop_ta\AbsenSholat\AbsenSholat_jtp3b20w_wpftmp.csproj]
C:\Users\Administrator\Documents\malik\dekstop_ta\AbsenSholat\Models\Siswa.cs(8,23): warning CS8618: Non-nullable property 'NamaSiswa' must contain a non-null value when exiting constructor. Consider adding the 'required' modifier or declaring the property as nullable. [C:\Users\Administrator\Documents\malik\dekstop_ta\AbsenSholat\AbsenSholat_jtp3b20w_wpftmp.csproj]
C:\Users\Administrator\Documents\malik\dekstop_ta\AbsenSholat\Models\Siswa.cs(9,23): warning CS8618: Non-nullable property 'jk' must contain a non-null value when exiting constructor. Consider adding the 'required' modifier or declaring the property as nullable. [C:\Users\Administrator\Documents\malik\dekstop_ta\AbsenSholat\AbsenSholat_jtp3b20w_wpftmp.csproj]
C:\Users\Administrator\Documents\malik\dekstop_ta\AbsenSholat\Models\Siswa.cs(10,23): warning CS8618: Non-nullable property 'Jurusan' must contain a non-null value when exiting constructor. Consider adding the 'required' modifier or declaring the property as nullable. [C:\Users\Administrator\Documents\malik\dekstop_ta\AbsenSholat\AbsenSholat_jtp3b20w_wpftmp.csproj]
C:\Users\Administrator\Documents\malik\dekstop_ta\AbsenSholat\Models\Siswa.cs(11,23): warning CS8618: Non-nullable property 'Kelas' must contain a non-null value when exiting constructor. Consider adding the 'required' modifier or declaring the property as nullable. [C:\Users\Administrator\Documents\malik\dekstop_ta\AbsenSholat\AbsenSholat_jtp3b20w_wpftmp.csproj]
C:\Users\Administrator\Documents\malik\dekstop_ta\AbsenSholat\Models\SesiSholat.cs(11,23): warning CS8618: Non-nullable property 'NamaSholat' must contain a non-null value when exiting constructor. Consider adding the 'required' modifier or declaring the property as nullable. [C:\Users\Administrator\Documents\malik\dekstop_ta\AbsenSholat\AbsenSholat_jtp3b20w_wpftmp.csproj]
C:\Users\Administrator\Documents\malik\dekstop_ta\AbsenSholat\Models\SesiSholat.cs(14,23): warning CS8618: Non-nullable property 'WaktuMulai' must contain a non-null value when exiting constructor. Consider adding the 'required' modifier or declaring the property as nullable. [C:\Users\Administrator\Documents\malik\dekstop_ta\AbsenSholat\AbsenSholat_jtp3b20w_wpftmp.csproj]
C:\Users\Administrator\Documents\malik\dekstop_ta\AbsenSholat\Models\SesiSholat.cs(17,23): warning CS8618: Non-nullable property 'WaktuSelesai' must contain a non-null value when exiting constructor. Consider adding the 'required' modifier or declaring the property as nullable. [C:\Users\Administrator\Documents\malik\dekstop_ta\AbsenSholat\AbsenSholat_jtp3b20w_wpftmp.csproj]
C:\Users\Administrator\Documents\malik\dekstop_ta\AbsenSholat\Models\SesiSholat.cs(20,23): warning CS8618: Non-nullable property 'Tanggal' must contain a non-null value when exiting constructor. Consider adding the 'required' modifier or declaring the property as nullable. [C:\Users\Administrator\Documents\malik\dekstop_ta\AbsenSholat\AbsenSholat_jtp3b20w_wpftmp.csproj]
C:\Users\Administrator\Documents\malik\dekstop_ta\AbsenSholat\Models\RegisterResponse.cs(8,23): warning CS8618: Non-nullable property 'CreatedAt' must contain a non-null value when exiting constructor. Consider adding the 'required' modifier or declaring the property as nullable. [C:\Users\Administrator\Documents\malik\dekstop_ta\AbsenSholat\AbsenSholat_jtp3b20w_wpftmp.csproj]
C:\Users\Administrator\Documents\malik\dekstop_ta\AbsenSholat\Models\RegisterResponse.cs(11,23): warning CS8618: Non-nullable property 'Email' must contain a non-null value when exiting constructor. Consider adding the 'required' modifier or declaring the property as nullable. [C:\Users\Administrator\Documents\malik\dekstop_ta\AbsenSholat\AbsenSholat_jtp3b20w_wpftmp.csproj]
C:\Users\Administrator\Documents\malik\dekstop_ta\AbsenSholat\Models\RegisterResponse.cs(17,23): warning CS8618: Non-nullable property 'Message' must contain a non-null value when exiting constructor. Consider adding the 'required' modifier or declaring the property as nullable. [C:\Users\Administrator\Documents\malik\dekstop_ta\AbsenSholat\AbsenSholat_jtp3b20w_wpftmp.csproj]
C:\Users\Administrator\Documents\malik\dekstop_ta\AbsenSholat\Models\RegisterResponse.cs(20,23): warning CS8618: Non-nullable property 'Nis' must contain a non-null value when exiting constructor. Consider adding the 'required' modifier or declaring the property as nullable. [C:\Users\Administrator\Documents\malik\dekstop_ta\AbsenSholat\AbsenSholat_jtp3b20w_wpftmp.csproj]
C:\Users\Administrator\Documents\malik\dekstop_ta\AbsenSholat\Models\QRCodeModels.cs(50,23): warning CS8618: Non-nullable property 'JenisSholat' must contain a non-null value when exiting constructor. Consider adding the 'required' modifier or declaring the property as nullable. [C:\Users\Administrator\Documents\malik\dekstop_ta\AbsenSholat\AbsenSholat_jtp3b20w_wpftmp.csproj]
C:\Users\Administrator\Documents\malik\dekstop_ta\AbsenSholat\Models\QRCodeModels.cs(53,23): warning CS8618: Non-nullable property 'Jurusan' must contain a non-null value when exiting constructor. Consider adding the 'required' modifier or declaring the property as nullable. [C:\Users\Administrator\Documents\malik\dekstop_ta\AbsenSholat\AbsenSholat_jtp3b20w_wpftmp.csproj]
C:\Users\Administrator\Documents\malik\dekstop_ta\AbsenSholat\Models\QRCodeModels.cs(56,23): warning CS8618: Non-nullable property 'Kelas' must contain a non-null value when exiting constructor. Consider adding the 'required' modifier or declaring the property as nullable. [C:\Users\Administrator\Documents\malik\dekstop_ta\AbsenSholat\AbsenSholat_jtp3b20w_wpftmp.csproj]
C:\Users\Administrator\Documents\malik\dekstop_ta\AbsenSholat\Models\QRCodeModels.cs(59,23): warning CS8618: Non-nullable property 'NamaSiswa' must contain a non-null value when exiting constructor. Consider adding the 'required' modifier or declaring the property as nullable. [C:\Users\Administrator\Documents\malik\dekstop_ta\AbsenSholat\AbsenSholat_jtp3b20w_wpftmp.csproj]
C:\Users\Administrator\Documents\malik\dekstop_ta\AbsenSholat\Models\QRCodeModels.cs(62,23): warning CS8618: Non-nullable property 'Nis' must contain a non-null value when exiting constructor. Consider adding the 'required' modifier or declaring the property as nullable. [C:\Users\Administrator\Documents\malik\dekstop_ta\AbsenSholat\AbsenSholat_jtp3b20w_wpftmp.csproj]
C:\Users\Administrator\Documents\malik\dekstop_ta\AbsenSholat\Models\QRCodeModels.cs(65,23): warning CS8618: Non-nullable property 'Status' must contain a non-null value when exiting constructor. Consider adding the 'required' modifier or declaring the property as nullable. [C:\Users\Administrator\Documents\malik\dekstop_ta\AbsenSholat\AbsenSholat_jtp3b20w_wpftmp.csproj]
C:\Users\Administrator\Documents\malik\dekstop_ta\AbsenSholat\Models\QRCodeModels.cs(68,23): warning CS8618: Non-nullable property 'Tanggal' must contain a non-null value when exiting constructor. Consider adding the 'required' modifier or declaring the property as nullable. [C:\Users\Administrator\Documents\malik\dekstop_ta\AbsenSholat\AbsenSholat_jtp3b20w_wpftmp.csproj]
C:\Users\Administrator\Documents\malik\dekstop_ta\AbsenSholat\Models\QRCodeModels.cs(41,29): warning CS8618: Non-nullable property 'Data' must contain a non-null value when exiting constructor. Consider adding the 'required' modifier or declaring the property as nullable. [C:\Users\Administrator\Documents\malik\dekstop_ta\AbsenSholat\AbsenSholat_jtp3b20w_wpftmp.csproj]
C:\Users\Administrator\Documents\malik\dekstop_ta\AbsenSholat\Models\QRCodeModels.cs(44,23): warning CS8618: Non-nullable property 'Message' must contain a non-null value when exiting constructor. Consider adding the 'required' modifier or declaring the property as nullable. [C:\Users\Administrator\Documents\malik\dekstop_ta\AbsenSholat\AbsenSholat_jtp3b20w_wpftmp.csproj]
C:\Users\Administrator\Documents\malik\dekstop_ta\AbsenSholat\Models\QRCodeModels.cs(35,23): warning CS8618: Non-nullable property 'Token' must contain a non-null value when exiting constructor. Consider adding the 'required' modifier or declaring the property as nullable. [C:\Users\Administrator\Documents\malik\dekstop_ta\AbsenSholat\AbsenSholat_jtp3b20w_wpftmp.csproj]
C:\Users\Administrator\Documents\malik\dekstop_ta\AbsenSholat\Models\QRCodeModels.cs(17,23): warning CS8618: Non-nullable property 'ExpiresAt' must contain a non-null value when exiting constructor. Consider adding the 'required' modifier or declaring the property as nullable. [C:\Users\Administrator\Documents\malik\dekstop_ta\AbsenSholat\AbsenSholat_jtp3b20w_wpftmp.csproj]
C:\Users\Administrator\Documents\malik\dekstop_ta\AbsenSholat\Models\QRCodeModels.cs(23,23): warning CS8618: Non-nullable property 'JenisSholat' must contain a non-null value when exiting constructor. Consider adding the 'required' modifier or declaring the property as nullable. [C:\Users\Administrator\Documents\malik\dekstop_ta\AbsenSholat\AbsenSholat_jtp3b20w_wpftmp.csproj]
C:\Users\Administrator\Documents\malik\dekstop_ta\AbsenSholat\Models\QRCodeModels.cs(26,23): warning CS8618: Non-nullable property 'QrCode' must contain a non-null value when exiting constructor. Consider adding the 'required' modifier or declaring the property as nullable. [C:\Users\Administrator\Documents\malik\dekstop_ta\AbsenSholat\AbsenSholat_jtp3b20w_wpftmp.csproj]
C:\Users\Administrator\Documents\malik\dekstop_ta\AbsenSholat\Models\QRCodeModels.cs(29,23): warning CS8618: Non-nullable property 'Token' must contain a non-null value when exiting constructor. Consider adding the 'required' modifier or declaring the property as nullable. [C:\Users\Administrator\Documents\malik\dekstop_ta\AbsenSholat\AbsenSholat_jtp3b20w_wpftmp.csproj]
C:\Users\Administrator\Documents\malik\dekstop_ta\AbsenSholat\Models\QRCodeModels.cs(8,27): warning CS8618: Non-nullable property 'Data' must contain a non-null value when exiting constructor. Consider adding the 'required' modifier or declaring the property as nullable. [C:\Users\Administrator\Documents\malik\dekstop_ta\AbsenSholat\AbsenSholat_jtp3b20w_wpftmp.csproj]
C:\Users\Administrator\Documents\malik\dekstop_ta\AbsenSholat\Models\QRCodeModels.cs(11,23): warning CS8618: Non-nullable property 'Message' must contain a non-null value when exiting constructor. Consider adding the 'required' modifier or declaring the property as nullable. [C:\Users\Administrator\Documents\malik\dekstop_ta\AbsenSholat\AbsenSholat_jtp3b20w_wpftmp.csproj]
C:\Users\Administrator\Documents\malik\dekstop_ta\AbsenSholat\Models\LoginResponse.cs(13,23): warning CS8618: Non-nullable property 'Nis' must contain a non-null value when exiting constructor. Consider adding the 'required' modifier or declaring the property as nullable. [C:\Users\Administrator\Documents\malik\dekstop_ta\AbsenSholat\AbsenSholat_jtp3b20w_wpftmp.csproj]
C:\Users\Administrator\Documents\malik\dekstop_ta\AbsenSholat\Models\LoginResponse.cs(16,23): warning CS8618: Non-nullable property 'NamaSiswa' must contain a non-null value when exiting constructor. Consider adding the 'required' modifier or declaring the property as nullable. [C:\Users\Administrator\Documents\malik\dekstop_ta\AbsenSholat\AbsenSholat_jtp3b20w_wpftmp.csproj]
C:\Users\Administrator\Documents\malik\dekstop_ta\AbsenSholat\Models\LoginResponse.cs(19,23): warning CS8618: Non-nullable property 'Jk' must contain a non-null value when exiting constructor. Consider adding the 'required' modifier or declaring the property as nullable. [C:\Users\Administrator\Documents\malik\dekstop_ta\AbsenSholat\AbsenSholat_jtp3b20w_wpftmp.csproj]
C:\Users\Administrator\Documents\malik\dekstop_ta\AbsenSholat\Models\LoginResponse.cs(22,23): warning CS8618: Non-nullable property 'Jurusan' must contain a non-null value when exiting constructor. Consider adding the 'required' modifier or declaring the property as nullable. [C:\Users\Administrator\Documents\malik\dekstop_ta\AbsenSholat\AbsenSholat_jtp3b20w_wpftmp.csproj]
C:\Users\Administrator\Documents\malik\dekstop_ta\AbsenSholat\Models\LoginResponse.cs(25,23): warning CS8618: Non-nullable property 'Kelas' must contain a non-null value when exiting constructor. Consider adding the 'required' modifier or declaring the property as nullable. [C:\Users\Administrator\Documents\malik\dekstop_ta\AbsenSholat\AbsenSholat_jtp3b20w_wpftmp.csproj]
C:\Users\Administrator\Documents\malik\dekstop_ta\AbsenSholat\Models\LoginResponse.cs(28,23): warning CS8618: Non-nullable property 'Email' must contain a non-null value when exiting constructor. Consider adding the 'required' modifier or declaring the property as nullable. [C:\Users\Administrator\Documents\malik\dekstop_ta\AbsenSholat\AbsenSholat_jtp3b20w_wpftmp.csproj]
C:\Users\Administrator\Documents\malik\dekstop_ta\AbsenSholat\Models\LoginResponse.cs(31,23): warning CS8618: Non-nullable property 'Token' must contain a non-null value when exiting constructor. Consider adding the 'required' modifier or declaring the property as nullable. [C:\Users\Administrator\Documents\malik\dekstop_ta\AbsenSholat\AbsenSholat_jtp3b20w_wpftmp.csproj]
C:\Users\Administrator\Documents\malik\dekstop_ta\AbsenSholat\Models\HistoryModels.cs(60,23): warning CS8618: Non-nullable property 'Jurusan' must contain a non-null value when exiting constructor. Consider adding the 'required' modifier or declaring the property as nullable. [C:\Users\Administrator\Documents\malik\dekstop_ta\AbsenSholat\AbsenSholat_jtp3b20w_wpftmp.csproj]
C:\Users\Administrator\Documents\malik\dekstop_ta\AbsenSholat\Models\HistoryModels.cs(63,23): warning CS8618: Non-nullable property 'Kelas' must contain a non-null value when exiting constructor. Consider adding the 'required' modifier or declaring the property as nullable. [C:\Users\Administrator\Documents\malik\dekstop_ta\AbsenSholat\AbsenSholat_jtp3b20w_wpftmp.csproj]
C:\Users\Administrator\Documents\malik\dekstop_ta\AbsenSholat\Models\HistoryModels.cs(66,23): warning CS8618: Non-nullable property 'NamaSiswa' must contain a non-null value when exiting constructor. Consider adding the 'required' modifier or declaring the property as nullable. [C:\Users\Administrator\Documents\malik\dekstop_ta\AbsenSholat\AbsenSholat_jtp3b20w_wpftmp.csproj]
C:\Users\Administrator\Documents\malik\dekstop_ta\AbsenSholat\Models\HistoryModels.cs(69,23): warning CS8618: Non-nullable property 'Nis' must contain a non-null value when exiting constructor. Consider adding the 'required' modifier or declaring the property as nullable. [C:\Users\Administrator\Documents\malik\dekstop_ta\AbsenSholat\AbsenSholat_jtp3b20w_wpftmp.csproj]
C:\Users\Administrator\Documents\malik\dekstop_ta\AbsenSholat\Models\HistoryModels.cs(39,23): warning CS8618: Non-nullable property 'Deskripsi' must contain a non-null value when exiting constructor. Consider adding the 'required' modifier or declaring the property as nullable. [C:\Users\Administrator\Documents\malik\dekstop_ta\AbsenSholat\AbsenSholat_jtp3b20w_wpftmp.csproj]
C:\Users\Administrator\Documents\malik\dekstop_ta\AbsenSholat\Models\HistoryModels.cs(42,23): warning CS8618: Non-nullable property 'Hari' must contain a non-null value when exiting constructor. Consider adding the 'required' modifier or declaring the property as nullable. [C:\Users\Administrator\Documents\malik\dekstop_ta\AbsenSholat\AbsenSholat_jtp3b20w_wpftmp.csproj]
C:\Users\Administrator\Documents\malik\dekstop_ta\AbsenSholat\Models\HistoryModels.cs(48,23): warning CS8618: Non-nullable property 'JenisSholat' must contain a non-null value when exiting constructor. Consider adding the 'required' modifier or declaring the property as nullable. [C:\Users\Administrator\Documents\malik\dekstop_ta\AbsenSholat\AbsenSholat_jtp3b20w_wpftmp.csproj]
C:\Users\Administrator\Documents\malik\dekstop_ta\AbsenSholat\Models\HistoryModels.cs(51,23): warning CS8618: Non-nullable property 'Status' must contain a non-null value when exiting constructor. Consider adding the 'required' modifier or declaring the property as nullable. [C:\Users\Administrator\Documents\malik\dekstop_ta\AbsenSholat\AbsenSholat_jtp3b20w_wpftmp.csproj]
C:\Users\Administrator\Documents\malik\dekstop_ta\AbsenSholat\Models\HistoryModels.cs(54,23): warning CS8618: Non-nullable property 'Tanggal' must contain a non-null value when exiting constructor. Consider adding the 'required' modifier or declaring the property as nullable. [C:\Users\Administrator\Documents\malik\dekstop_ta\AbsenSholat\AbsenSholat_jtp3b20w_wpftmp.csproj]
C:\Users\Administrator\Documents\malik\dekstop_ta\AbsenSholat\Models\HistoryModels.cs(18,41): warning CS8618: Non-nullable property 'Absensi' must contain a non-null value when exiting constructor. Consider adding the 'required' modifier or declaring the property as nullable. [C:\Users\Administrator\Documents\malik\dekstop_ta\AbsenSholat\AbsenSholat_jtp3b20w_wpftmp.csproj]
C:\Users\Administrator\Documents\malik\dekstop_ta\AbsenSholat\Models\HistoryModels.cs(21,23): warning CS8618: Non-nullable property 'EndDate' must contain a non-null value when exiting constructor. Consider adding the 'required' modifier or declaring the property as nullable. [C:\Users\Administrator\Documents\malik\dekstop_ta\AbsenSholat\AbsenSholat_jtp3b20w_wpftmp.csproj]
C:\Users\Administrator\Documents\malik\dekstop_ta\AbsenSholat\Models\HistoryModels.cs(24,23): warning CS8618: Non-nullable property 'Periode' must contain a non-null value when exiting constructor. Consider adding the 'required' modifier or declaring the property as nullable. [C:\Users\Administrator\Documents\malik\dekstop_ta\AbsenSholat\AbsenSholat_jtp3b20w_wpftmp.csproj]
C:\Users\Administrator\Documents\malik\dekstop_ta\AbsenSholat\Models\HistoryModels.cs(27,26): warning CS8618: Non-nullable property 'Siswa' must contain a non-null value when exiting constructor. Consider adding the 'required' modifier or declaring the property as nullable. [C:\Users\Administrator\Documents\malik\dekstop_ta\AbsenSholat\AbsenSholat_jtp3b20w_wpftmp.csproj]
C:\Users\Administrator\Documents\malik\dekstop_ta\AbsenSholat\Models\HistoryModels.cs(30,23): warning CS8618: Non-nullable property 'StartDate' must contain a non-null value when exiting constructor. Consider adding the 'required' modifier or declaring the property as nullable. [C:\Users\Administrator\Documents\malik\dekstop_ta\AbsenSholat\AbsenSholat_jtp3b20w_wpftmp.csproj]
C:\Users\Administrator\Documents\malik\dekstop_ta\AbsenSholat\Models\HistoryModels.cs(33,33): warning CS8618: Non-nullable property 'Statistik' must contain a non-null value when exiting constructor. Consider adding the 'required' modifier or declaring the property as nullable. [C:\Users\Administrator\Documents\malik\dekstop_ta\AbsenSholat\AbsenSholat_jtp3b20w_wpftmp.csproj]
C:\Users\Administrator\Documents\malik\dekstop_ta\AbsenSholat\Models\HistoryModels.cs(9,33): warning CS8618: Non-nullable property 'Data' must contain a non-null value when exiting constructor. Consider adding the 'required' modifier or declaring the property as nullable. [C:\Users\Administrator\Documents\malik\dekstop_ta\AbsenSholat\AbsenSholat_jtp3b20w_wpftmp.csproj]
C:\Users\Administrator\Documents\malik\dekstop_ta\AbsenSholat\Models\HistoryModels.cs(12,23): warning CS8618: Non-nullable property 'Message' must contain a non-null value when exiting constructor. Consider adding the 'required' modifier or declaring the property as nullable. [C:\Users\Administrator\Documents\malik\dekstop_ta\AbsenSholat\AbsenSholat_jtp3b20w_wpftmp.csproj]
C:\Users\Administrator\Documents\malik\dekstop_ta\AbsenSholat\Models\AuthModels.cs(44,23): warning CS8618: Non-nullable property 'NewEmail' must contain a non-null value when exiting constructor. Consider adding the 'required' modifier or declaring the property as nullable. [C:\Users\Administrator\Documents\malik\dekstop_ta\AbsenSholat\AbsenSholat_jtp3b20w_wpftmp.csproj]
C:\Users\Administrator\Documents\malik\dekstop_ta\AbsenSholat\Models\AuthModels.cs(47,23): warning CS8618: Non-nullable property 'Otp' must contain a non-null value when exiting constructor. Consider adding the 'required' modifier or declaring the property as nullable. [C:\Users\Administrator\Documents\malik\dekstop_ta\AbsenSholat\AbsenSholat_jtp3b20w_wpftmp.csproj]
C:\Users\Administrator\Documents\malik\dekstop_ta\AbsenSholat\Models\AuthModels.cs(35,23): warning CS8618: Non-nullable property 'Nis' must contain a non-null value when exiting constructor. Consider adding the 'required' modifier or declaring the property as nullable. [C:\Users\Administrator\Documents\malik\dekstop_ta\AbsenSholat\AbsenSholat_jtp3b20w_wpftmp.csproj]
C:\Users\Administrator\Documents\malik\dekstop_ta\AbsenSholat\Models\AuthModels.cs(38,23): warning CS8618: Non-nullable property 'Otp' must contain a non-null value when exiting constructor. Consider adding the 'required' modifier or declaring the property as nullable. [C:\Users\Administrator\Documents\malik\dekstop_ta\AbsenSholat\AbsenSholat_jtp3b20w_wpftmp.csproj]
C:\Users\Administrator\Documents\malik\dekstop_ta\AbsenSholat\Models\AuthModels.cs(23,23): warning CS8618: Non-nullable property 'NewPassword' must contain a non-null value when exiting constructor. Consider adding the 'required' modifier or declaring the property as nullable. [C:\Users\Administrator\Documents\malik\dekstop_ta\AbsenSholat\AbsenSholat_jtp3b20w_wpftmp.csproj]
C:\Users\Administrator\Documents\malik\dekstop_ta\AbsenSholat\Models\AuthModels.cs(26,23): warning CS8618: Non-nullable property 'Nis' must contain a non-null value when exiting constructor. Consider adding the 'required' modifier or declaring the property as nullable. [C:\Users\Administrator\Documents\malik\dekstop_ta\AbsenSholat\AbsenSholat_jtp3b20w_wpftmp.csproj]
C:\Users\Administrator\Documents\malik\dekstop_ta\AbsenSholat\Models\AuthModels.cs(29,23): warning CS8618: Non-nullable property 'Otp' must contain a non-null value when exiting constructor. Consider adding the 'required' modifier or declaring the property as nullable. [C:\Users\Administrator\Documents\malik\dekstop_ta\AbsenSholat\AbsenSholat_jtp3b20w_wpftmp.csproj]
C:\Users\Administrator\Documents\malik\dekstop_ta\AbsenSholat\Models\AuthModels.cs(14,23): warning CS8618: Non-nullable property 'Email' must contain a non-null value when exiting constructor. Consider adding the 'required' modifier or declaring the property as nullable. [C:\Users\Administrator\Documents\malik\dekstop_ta\AbsenSholat\AbsenSholat_jtp3b20w_wpftmp.csproj]
C:\Users\Administrator\Documents\malik\dekstop_ta\AbsenSholat\Models\AuthModels.cs(17,23): warning CS8618: Non-nullable property 'Nis' must contain a non-null value when exiting constructor. Consider adding the 'required' modifier or declaring the property as nullable. [C:\Users\Administrator\Documents\malik\dekstop_ta\AbsenSholat\AbsenSholat_jtp3b20w_wpftmp.csproj]
C:\Users\Administrator\Documents\malik\dekstop_ta\AbsenSholat\Models\AuthModels.cs(8,23): warning CS8618: Non-nullable property 'NewEmail' must contain a non-null value when exiting constructor. Consider adding the 'required' modifier or declaring the property as nullable. [C:\Users\Administrator\Documents\malik\dekstop_ta\AbsenSholat\AbsenSholat_jtp3b20w_wpftmp.csproj]
C:\Users\Administrator\Documents\malik\dekstop_ta\AbsenSholat\Models\AkunLogin.cs(12,23): warning CS8618: Non-nullable property 'Nis' must contain a non-null value when exiting constructor. Consider adding the 'required' modifier or declaring the property as nullable. [C:\Users\Administrator\Documents\malik\dekstop_ta\AbsenSholat\AbsenSholat_jtp3b20w_wpftmp.csproj]
C:\Users\Administrator\Documents\malik\dekstop_ta\AbsenSholat\Models\AkunLogin.cs(13,23): warning CS8618: Non-nullable property 'NamaSiswa' must contain a non-null value when exiting constructor. Consider adding the 'required' modifier or declaring the property as nullable. [C:\Users\Administrator\Documents\malik\dekstop_ta\AbsenSholat\AbsenSholat_jtp3b20w_wpftmp.csproj]
C:\Users\Administrator\Documents\malik\dekstop_ta\AbsenSholat\Models\AkunLogin.cs(14,23): warning CS8618: Non-nullable property 'JenisKelamin' must contain a non-null value when exiting constructor. Consider adding the 'required' modifier or declaring the property as nullable. [C:\Users\Administrator\Documents\malik\dekstop_ta\AbsenSholat\AbsenSholat_jtp3b20w_wpftmp.csproj]
C:\Users\Administrator\Documents\malik\dekstop_ta\AbsenSholat\Models\AkunLogin.cs(15,23): warning CS8618: Non-nullable property 'Jurusan' must contain a non-null value when exiting constructor. Consider adding the 'required' modifier or declaring the property as nullable. [C:\Users\Administrator\Documents\malik\dekstop_ta\AbsenSholat\AbsenSholat_jtp3b20w_wpftmp.csproj]
C:\Users\Administrator\Documents\malik\dekstop_ta\AbsenSholat\Models\AkunLogin.cs(16,23): warning CS8618: Non-nullable property 'Kelas' must contain a non-null value when exiting constructor. Consider adding the 'required' modifier or declaring the property as nullable. [C:\Users\Administrator\Documents\malik\dekstop_ta\AbsenSholat\AbsenSholat_jtp3b20w_wpftmp.csproj]
C:\Users\Administrator\Documents\malik\dekstop_ta\AbsenSholat\Models\AkunLogin.cs(17,23): warning CS8618: Non-nullable property 'Email' must contain a non-null value when exiting constructor. Consider adding the 'required' modifier or declaring the property as nullable. [C:\Users\Administrator\Documents\malik\dekstop_ta\AbsenSholat\AbsenSholat_jtp3b20w_wpftmp.csproj]
C:\Users\Administrator\Documents\malik\dekstop_ta\AbsenSholat\Models\AkunLogin.cs(18,23): warning CS8618: Non-nullable property 'CreatedAt' must contain a non-null value when exiting constructor. Consider adding the 'required' modifier or declaring the property as nullable. [C:\Users\Administrator\Documents\malik\dekstop_ta\AbsenSholat\AbsenSholat_jtp3b20w_wpftmp.csproj]
C:\Users\Administrator\Documents\malik\dekstop_ta\AbsenSholat\Models\Absen.cs(17,23): warning CS8618: Non-nullable property 'Status' must contain a non-null value when exiting constructor. Consider adding the 'required' modifier or declaring the property as nullable. [C:\Users\Administrator\Documents\malik\dekstop_ta\AbsenSholat\AbsenSholat_jtp3b20w_wpftmp.csproj]
C:\Users\Administrator\Documents\malik\dekstop_ta\AbsenSholat\Models\Absen.cs(20,23): warning CS8618: Non-nullable property 'Deskripsi' must contain a non-null value when exiting constructor. Consider adding the 'required' modifier or declaring the property as nullable. [C:\Users\Administrator\Documents\malik\dekstop_ta\AbsenSholat\AbsenSholat_jtp3b20w_wpftmp.csproj]
C:\Users\Administrator\Documents\malik\dekstop_ta\AbsenSholat\Models\Absen.cs(23,23): warning CS8618: Non-nullable property 'CreatedAt' must contain a non-null value when exiting constructor. Consider adding the 'required' modifier or declaring the property as nullable. [C:\Users\Administrator\Documents\malik\dekstop_ta\AbsenSholat\AbsenSholat_jtp3b20w_wpftmp.csproj]
C:\Users\Administrator\Documents\malik\dekstop_ta\AbsenSholat\OtpVerificationWindow.xaml.cs(18,16): warning CS8618: Non-nullable field '_timer' must contain a non-null value when exiting constructor. Consider adding the 'required' modifier or declaring the field as nullable. [C:\Users\Administrator\Documents\malik\dekstop_ta\AbsenSholat\AbsenSholat_jtp3b20w_wpftmp.csproj]
C:\Users\Administrator\Documents\malik\dekstop_ta\AbsenSholat\OtpVerificationWindow.xaml.cs(40,28): warning CS8622: Nullability of reference types in type of parameter 'sender' of 'void OtpVerificationWindow.Timer_Tick(object sender, EventArgs e)' doesn't match the target delegate 'EventHandler' (possibly because of nullability attributes). [C:\Users\Administrator\Documents\malik\dekstop_ta\AbsenSholat\AbsenSholat_jtp3b20w_wpftmp.csproj]
C:\Users\Administrator\Documents\malik\dekstop_ta\AbsenSholat\ProfileWindow.xaml.cs(15,16): warning CS8618: Non-nullable field '_apiClient' must contain a non-null value when exiting constructor. Consider adding the 'required' modifier or declaring the field as nullable. [C:\Users\Administrator\Documents\malik\dekstop_ta\AbsenSholat\AbsenSholat_jtp3b20w_wpftmp.csproj]
C:\Users\Administrator\Documents\malik\dekstop_ta\AbsenSholat\ProfileWindow.xaml.cs(15,16): warning CS8618: Non-nullable field '_siswa' must contain a non-null value when exiting constructor. Consider adding the 'required' modifier or declaring the field as nullable. [C:\Users\Administrator\Documents\malik\dekstop_ta\AbsenSholat\AbsenSholat_jtp3b20w_wpftmp.csproj]
C:\Users\Administrator\Documents\malik\dekstop_ta\AbsenSholat\ProfileWindow.xaml.cs(15,16): warning CS8618: Non-nullable field '_email' must contain a non-null value when exiting constructor. Consider adding the 'required' modifier or declaring the field as nullable. [C:\Users\Administrator\Documents\malik\dekstop_ta\AbsenSholat\AbsenSholat_jtp3b20w_wpftmp.csproj]
C:\Users\Administrator\Documents\malik\dekstop_ta\AbsenSholat\DashboardWindow.xaml.cs(220,30): warning CS0168: The variable 'ex' is declared but never used [C:\Users\Administrator\Documents\malik\dekstop_ta\AbsenSholat\AbsenSholat_jtp3b20w_wpftmp.csproj]
C:\Users\Administrator\Documents\malik\dekstop_ta\AbsenSholat\ScanQrWindow.xaml.cs(17,16): warning CS8618: Non-nullable field '_apiClient' must contain a non-null value when exiting constructor. Consider adding the 'required' modifier or declaring the field as nullable. [C:\Users\Administrator\Documents\malik\dekstop_ta\AbsenSholat\AbsenSholat_jtp3b20w_wpftmp.csproj]
C:\Users\Administrator\Documents\malik\dekstop_ta\AbsenSholat\ScanQrWindow.xaml.cs(17,16): warning CS8618: Non-nullable field '_siswa' must contain a non-null value when exiting constructor. Consider adding the 'required' modifier or declaring the field as nullable. [C:\Users\Administrator\Documents\malik\dekstop_ta\AbsenSholat\AbsenSholat_jtp3b20w_wpftmp.csproj]
C:\Users\Administrator\Documents\malik\dekstop_ta\AbsenSholat\ScanQrWindow.xaml.cs(17,16): warning CS8618: Non-nullable field '_scanAnimationTimer' must contain a non-null value when exiting constructor. Consider adding the 'required' modifier or declaring the field as nullable. [C:\Users\Administrator\Documents\malik\dekstop_ta\AbsenSholat\AbsenSholat_jtp3b20w_wpftmp.csproj]
C:\Users\Administrator\Documents\malik\dekstop_ta\AbsenSholat\ScanQrWindow.xaml.cs(22,16): warning CS8618: Non-nullable field '_scanAnimationTimer' must contain a non-null value when exiting constructor. Consider adding the 'required' modifier or declaring the field as nullable. [C:\Users\Administrator\Documents\malik\dekstop_ta\AbsenSholat\AbsenSholat_jtp3b20w_wpftmp.csproj]
C:\Users\Administrator\Documents\malik\dekstop_ta\AbsenSholat\DashboardWindow.xaml.cs(26,24): warning CS0649: Field 'DashboardWindow._windowHandle' is never assigned to, and will always have its default value [C:\Users\Administrator\Documents\malik\dekstop_ta\AbsenSholat\AbsenSholat_jtp3b20w_wpftmp.csproj]
C:\Users\Administrator\Documents\malik\dekstop_ta\AbsenSholat\ApiClient.cs(44,104): warning CS8625: Cannot convert null literal to non-nullable reference type. [C:\Users\Administrator\Documents\malik\dekstop_ta\AbsenSholat\AbsenSholat.csproj]
C:\Users\Administrator\Documents\malik\dekstop_ta\AbsenSholat\ChangeEmailWindow.xaml.cs(17,16): warning CS8618: Non-nullable property 'NewEmail' must contain a non-null value when exiting constructor. Consider adding the 'required' modifier or declaring the property as nullable. [C:\Users\Administrator\Documents\malik\dekstop_ta\AbsenSholat\AbsenSholat.csproj]
C:\Users\Administrator\Documents\malik\dekstop_ta\AbsenSholat\ApiClient.cs(23,16): warning CS8618: Non-nullable field '_token' must contain a non-null value when exiting constructor. Consider adding the 'required' modifier or declaring the field as nullable. [C:\Users\Administrator\Documents\malik\dekstop_ta\AbsenSholat\AbsenSholat.csproj]
C:\Users\Administrator\Documents\malik\dekstop_ta\AbsenSholat\ChangeEmailOtpWindow.xaml.cs(19,16): warning CS8618: Non-nullable field '_timer' must contain a non-null value when exiting constructor. Consider adding the 'required' modifier or declaring the field as nullable. [C:\Users\Administrator\Documents\malik\dekstop_ta\AbsenSholat\AbsenSholat.csproj]
C:\Users\Administrator\Documents\malik\dekstop_ta\AbsenSholat\DashboardWindow.xaml.cs(32,22): warning CS8625: Cannot convert null literal to non-nullable reference type. [C:\Users\Administrator\Documents\malik\dekstop_ta\AbsenSholat\AbsenSholat.csproj]
C:\Users\Administrator\Documents\malik\dekstop_ta\AbsenSholat\DashboardWindow.xaml.cs(28,16): warning CS8618: Non-nullable field '_siswa' must contain a non-null value when exiting constructor. Consider adding the 'required' modifier or declaring the field as nullable. [C:\Users\Administrator\Documents\malik\dekstop_ta\AbsenSholat\AbsenSholat.csproj]
C:\Users\Administrator\Documents\malik\dekstop_ta\AbsenSholat\DashboardWindow.xaml.cs(28,16): warning CS8618: Non-nullable field '_email' must contain a non-null value when exiting constructor. Consider adding the 'required' modifier or declaring the field as nullable. [C:\Users\Administrator\Documents\malik\dekstop_ta\AbsenSholat\AbsenSholat.csproj]
C:\Users\Administrator\Documents\malik\dekstop_ta\AbsenSholat\DashboardWindow.xaml.cs(28,16): warning CS8618: Non-nullable field '_timer' must contain a non-null value when exiting constructor. Consider adding the 'required' modifier or declaring the field as nullable. [C:\Users\Administrator\Documents\malik\dekstop_ta\AbsenSholat\AbsenSholat.csproj]
C:\Users\Administrator\Documents\malik\dekstop_ta\AbsenSholat\DashboardWindow.xaml.cs(28,16): warning CS8618: Non-nullable field '_scanAnimationTimer' must contain a non-null value when exiting constructor. Consider adding the 'required' modifier or declaring the field as nullable. [C:\Users\Administrator\Documents\malik\dekstop_ta\AbsenSholat\AbsenSholat.csproj]
C:\Users\Administrator\Documents\malik\dekstop_ta\AbsenSholat\AdminDashboardWindow.xaml.cs(44,37): warning CS8600: Converting null literal or possible null value to non-nullable type. [C:\Users\Administrator\Documents\malik\dekstop_ta\AbsenSholat\AbsenSholat.csproj]
C:\Users\Administrator\Documents\malik\dekstop_ta\AbsenSholat\AdminDashboardWindow.xaml.cs(44,37): warning CS8604: Possible null reference argument for parameter 'token' in 'void ApiClient.SetToken(string token)'. [C:\Users\Administrator\Documents\malik\dekstop_ta\AbsenSholat\AbsenSholat.csproj]
C:\Users\Administrator\Documents\malik\dekstop_ta\AbsenSholat\AdminDashboardWindow.xaml.cs(35,16): warning CS8618: Non-nullable field '_clockTimer' must contain a non-null value when exiting constructor. Consider adding the 'required' modifier or declaring the field as nullable. [C:\Users\Administrator\Documents\malik\dekstop_ta\AbsenSholat\AbsenSholat.csproj]
C:\Users\Administrator\Documents\malik\dekstop_ta\AbsenSholat\AdminDashboardWindow.xaml.cs(35,16): warning CS8618: Non-nullable field '_qrCountdownTimer' must contain a non-null value when exiting constructor. Consider adding the 'required' modifier or declaring the field as nullable. [C:\Users\Administrator\Documents\malik\dekstop_ta\AbsenSholat\AbsenSholat.csproj]
C:\Users\Administrator\Documents\malik\dekstop_ta\AbsenSholat\ChangeEmailOtpWindow.xaml.cs(40,28): warning CS8622: Nullability of reference types in type of parameter 'sender' of 'void ChangeEmailOtpWindow.Timer_Tick(object sender, EventArgs e)' doesn't match the target delegate 'EventHandler' (possibly because of nullability attributes). [C:\Users\Administrator\Documents\malik\dekstop_ta\AbsenSholat\AbsenSholat.csproj]
C:\Users\Administrator\Documents\malik\dekstop_ta\AbsenSholat\DashboardWindow.xaml.cs(42,22): warning CS8601: Possible null reference assignment. [C:\Users\Administrator\Documents\malik\dekstop_ta\AbsenSholat\AbsenSholat.csproj]
C:\Users\Administrator\Documents\malik\dekstop_ta\AbsenSholat\DashboardWindow.xaml.cs(55,37): warning CS8600: Converting null literal or possible null value to non-nullable type. [C:\Users\Administrator\Documents\malik\dekstop_ta\AbsenSholat\AbsenSholat.csproj]
C:\Users\Administrator\Documents\malik\dekstop_ta\AbsenSholat\DashboardWindow.xaml.cs(55,37): warning CS8604: Possible null reference argument for parameter 'token' in 'void ApiClient.SetToken(string token)'. [C:\Users\Administrator\Documents\malik\dekstop_ta\AbsenSholat\AbsenSholat.csproj]
C:\Users\Administrator\Documents\malik\dekstop_ta\AbsenSholat\DashboardWindow.xaml.cs(38,16): warning CS8618: Non-nullable field '_siswa' must contain a non-null value when exiting constructor. Consider adding the 'required' modifier or declaring the field as nullable. [C:\Users\Administrator\Documents\malik\dekstop_ta\AbsenSholat\AbsenSholat.csproj]
C:\Users\Administrator\Documents\malik\dekstop_ta\AbsenSholat\DashboardWindow.xaml.cs(38,16): warning CS8618: Non-nullable field '_timer' must contain a non-null value when exiting constructor. Consider adding the 'required' modifier or declaring the field as nullable. [C:\Users\Administrator\Documents\malik\dekstop_ta\AbsenSholat\AbsenSholat.csproj]
C:\Users\Administrator\Documents\malik\dekstop_ta\AbsenSholat\DashboardWindow.xaml.cs(38,16): warning CS8618: Non-nullable field '_scanAnimationTimer' must contain a non-null value when exiting constructor. Consider adding the 'required' modifier or declaring the field as nullable. [C:\Users\Administrator\Documents\malik\dekstop_ta\AbsenSholat\AbsenSholat.csproj]
C:\Users\Administrator\Documents\malik\dekstop_ta\AbsenSholat\DashboardWindow.xaml.cs(660,23): warning CS8618: Non-nullable property 'Name' must contain a non-null value when exiting constructor. Consider adding the 'required' modifier or declaring the property as nullable. [C:\Users\Administrator\Documents\malik\dekstop_ta\AbsenSholat\AbsenSholat.csproj]
C:\Users\Administrator\Documents\malik\dekstop_ta\AbsenSholat\DashboardWindow.xaml.cs(661,23): warning CS8618: Non-nullable property 'TimeRange' must contain a non-null value when exiting constructor. Consider adding the 'required' modifier or declaring the property as nullable. [C:\Users\Administrator\Documents\malik\dekstop_ta\AbsenSholat\AbsenSholat.csproj]
C:\Users\Administrator\Documents\malik\dekstop_ta\AbsenSholat\DashboardWindow.xaml.cs(662,23): warning CS8618: Non-nullable property 'StatusText' must contain a non-null value when exiting constructor. Consider adding the 'required' modifier or declaring the property as nullable. [C:\Users\Administrator\Documents\malik\dekstop_ta\AbsenSholat\AbsenSholat.csproj]
C:\Users\Administrator\Documents\malik\dekstop_ta\AbsenSholat\DashboardWindow.xaml.cs(663,23): warning CS8618: Non-nullable property 'StatusBackground' must contain a non-null value when exiting constructor. Consider adding the 'required' modifier or declaring the property as nullable. [C:\Users\Administrator\Documents\malik\dekstop_ta\AbsenSholat\AbsenSholat.csproj]
C:\Users\Administrator\Documents\malik\dekstop_ta\AbsenSholat\DashboardWindow.xaml.cs(664,23): warning CS8618: Non-nullable property 'StatusForeground' must contain a non-null value when exiting constructor. Consider adding the 'required' modifier or declaring the property as nullable. [C:\Users\Administrator\Documents\malik\dekstop_ta\AbsenSholat\AbsenSholat.csproj]
C:\Users\Administrator\Documents\malik\dekstop_ta\AbsenSholat\DashboardWindow.xaml.cs(665,23): warning CS8618: Non-nullable property 'BorderColor' must contain a non-null value when exiting constructor. Consider adding the 'required' modifier or declaring the property as nullable. [C:\Users\Administrator\Documents\malik\dekstop_ta\AbsenSholat\AbsenSholat.csproj]
C:\Users\Administrator\Documents\malik\dekstop_ta\AbsenSholat\DashboardWindow.xaml.cs(666,23): warning CS8618: Non-nullable property 'BackgroundColor' must contain a non-null value when exiting constructor. Consider adding the 'required' modifier or declaring the property as nullable. [C:\Users\Administrator\Documents\malik\dekstop_ta\AbsenSholat\AbsenSholat.csproj]
C:\Users\Administrator\Documents\malik\dekstop_ta\AbsenSholat\ChangePasswordWindow.xaml.cs(73,87): warning CS8625: Cannot convert null literal to non-nullable reference type. [C:\Users\Administrator\Documents\malik\dekstop_ta\AbsenSholat\AbsenSholat.csproj]
C:\Users\Administrator\Documents\malik\dekstop_ta\AbsenSholat\ChangePasswordWindow.xaml.cs(74,62): warning CS8625: Cannot convert null literal to non-nullable reference type. [C:\Users\Administrator\Documents\malik\dekstop_ta\AbsenSholat\AbsenSholat.csproj]
C:\Users\Administrator\Documents\malik\dekstop_ta\AbsenSholat\ChangePasswordWindow.xaml.cs(95,95): warning CS8625: Cannot convert null literal to non-nullable reference type. [C:\Users\Administrator\Documents\malik\dekstop_ta\AbsenSholat\AbsenSholat.csproj]
C:\Users\Administrator\Documents\malik\dekstop_ta\AbsenSholat\ChangePasswordWindow.xaml.cs(96,66): warning CS8625: Cannot convert null literal to non-nullable reference type. [C:\Users\Administrator\Documents\malik\dekstop_ta\AbsenSholat\AbsenSholat.csproj]
C:\Users\Administrator\Documents\malik\dekstop_ta\AbsenSholat\ApiClient.cs(91,20): warning CS8603: Possible null reference return. [C:\Users\Administrator\Documents\malik\dekstop_ta\AbsenSholat\AbsenSholat.csproj]
C:\Users\Administrator\Documents\malik\dekstop_ta\AbsenSholat\ApiClient.cs(106,20): warning CS8603: Possible null reference return. [C:\Users\Administrator\Documents\malik\dekstop_ta\AbsenSholat\AbsenSholat.csproj]
C:\Users\Administrator\Documents\malik\dekstop_ta\AbsenSholat\ApiClient.cs(134,20): warning CS8603: Possible null reference return. [C:\Users\Administrator\Documents\malik\dekstop_ta\AbsenSholat\AbsenSholat.csproj]
C:\Users\Administrator\Documents\malik\dekstop_ta\AbsenSholat\Models\StatisticsModels.cs(23,23): warning CS8618: Non-nullable property 'Tanggal' must contain a non-null value when exiting constructor. Consider adding the 'required' modifier or declaring the property as nullable. [C:\Users\Administrator\Documents\malik\dekstop_ta\AbsenSholat\AbsenSholat.csproj]
C:\Users\Administrator\Documents\malik\dekstop_ta\AbsenSholat\Models\StatisticsModels.cs(8,31): warning CS8618: Non-nullable property 'Data' must contain a non-null value when exiting constructor. Consider adding the 'required' modifier or declaring the property as nullable. [C:\Users\Administrator\Documents\malik\dekstop_ta\AbsenSholat\AbsenSholat.csproj]
C:\Users\Administrator\Documents\malik\dekstop_ta\AbsenSholat\Models\StatisticsModels.cs(11,23): warning CS8618: Non-nullable property 'Message' must contain a non-null value when exiting constructor. Consider adding the 'required' modifier or declaring the property as nullable. [C:\Users\Administrator\Documents\malik\dekstop_ta\AbsenSholat\AbsenSholat.csproj]
C:\Users\Administrator\Documents\malik\dekstop_ta\AbsenSholat\Models\Siswa.cs(7,23): warning CS8618: Non-nullable property 'Nis' must contain a non-null value when exiting constructor. Consider adding the 'required' modifier or declaring the property as nullable. [C:\Users\Administrator\Documents\malik\dekstop_ta\AbsenSholat\AbsenSholat.csproj]
C:\Users\Administrator\Documents\malik\dekstop_ta\AbsenSholat\Models\Siswa.cs(8,23): warning CS8618: Non-nullable property 'NamaSiswa' must contain a non-null value when exiting constructor. Consider adding the 'required' modifier or declaring the property as nullable. [C:\Users\Administrator\Documents\malik\dekstop_ta\AbsenSholat\AbsenSholat.csproj]
C:\Users\Administrator\Documents\malik\dekstop_ta\AbsenSholat\Models\Siswa.cs(9,23): warning CS8618: Non-nullable property 'jk' must contain a non-null value when exiting constructor. Consider adding the 'required' modifier or declaring the property as nullable. [C:\Users\Administrator\Documents\malik\dekstop_ta\AbsenSholat\AbsenSholat.csproj]
C:\Users\Administrator\Documents\malik\dekstop_ta\AbsenSholat\Models\Siswa.cs(10,23): warning CS8618: Non-nullable property 'Jurusan' must contain a non-null value when exiting constructor. Consider adding the 'required' modifier or declaring the property as nullable. [C:\Users\Administrator\Documents\malik\dekstop_ta\AbsenSholat\AbsenSholat.csproj]
C:\Users\Administrator\Documents\malik\dekstop_ta\AbsenSholat\Models\Siswa.cs(11,23): warning CS8618: Non-nullable property 'Kelas' must contain a non-null value when exiting constructor. Consider adding the 'required' modifier or declaring the property as nullable. [C:\Users\Administrator\Documents\malik\dekstop_ta\AbsenSholat\AbsenSholat.csproj]
C:\Users\Administrator\Documents\malik\dekstop_ta\AbsenSholat\Models\SesiSholat.cs(11,23): warning CS8618: Non-nullable property 'NamaSholat' must contain a non-null value when exiting constructor. Consider adding the 'required' modifier or declaring the property as nullable. [C:\Users\Administrator\Documents\malik\dekstop_ta\AbsenSholat\AbsenSholat.csproj]
C:\Users\Administrator\Documents\malik\dekstop_ta\AbsenSholat\Models\SesiSholat.cs(14,23): warning CS8618: Non-nullable property 'WaktuMulai' must contain a non-null value when exiting constructor. Consider adding the 'required' modifier or declaring the property as nullable. [C:\Users\Administrator\Documents\malik\dekstop_ta\AbsenSholat\AbsenSholat.csproj]
C:\Users\Administrator\Documents\malik\dekstop_ta\AbsenSholat\Models\SesiSholat.cs(17,23): warning CS8618: Non-nullable property 'WaktuSelesai' must contain a non-null value when exiting constructor. Consider adding the 'required' modifier or declaring the property as nullable. [C:\Users\Administrator\Documents\malik\dekstop_ta\AbsenSholat\AbsenSholat.csproj]
C:\Users\Administrator\Documents\malik\dekstop_ta\AbsenSholat\Models\SesiSholat.cs(20,23): warning CS8618: Non-nullable property 'Tanggal' must contain a non-null value when exiting constructor. Consider adding the 'required' modifier or declaring the property as nullable. [C:\Users\Administrator\Documents\malik\dekstop_ta\AbsenSholat\AbsenSholat.csproj]
C:\Users\Administrator\Documents\malik\dekstop_ta\AbsenSholat\Models\RegisterResponse.cs(8,23): warning CS8618: Non-nullable property 'CreatedAt' must contain a non-null value when exiting constructor. Consider adding the 'required' modifier or declaring the property as nullable. [C:\Users\Administrator\Documents\malik\dekstop_ta\AbsenSholat\AbsenSholat.csproj]
C:\Users\Administrator\Documents\malik\dekstop_ta\AbsenSholat\Models\RegisterResponse.cs(11,23): warning CS8618: Non-nullable property 'Email' must contain a non-null value when exiting constructor. Consider adding the 'required' modifier or declaring the property as nullable. [C:\Users\Administrator\Documents\malik\dekstop_ta\AbsenSholat\AbsenSholat.csproj]
C:\Users\Administrator\Documents\malik\dekstop_ta\AbsenSholat\Models\RegisterResponse.cs(17,23): warning CS8618: Non-nullable property 'Message' must contain a non-null value when exiting constructor. Consider adding the 'required' modifier or declaring the property as nullable. [C:\Users\Administrator\Documents\malik\dekstop_ta\AbsenSholat\AbsenSholat.csproj]
C:\Users\Administrator\Documents\malik\dekstop_ta\AbsenSholat\Models\RegisterResponse.cs(20,23): warning CS8618: Non-nullable property 'Nis' must contain a non-null value when exiting constructor. Consider adding the 'required' modifier or declaring the property as nullable. [C:\Users\Administrator\Documents\malik\dekstop_ta\AbsenSholat\AbsenSholat.csproj]
C:\Users\Administrator\Documents\malik\dekstop_ta\AbsenSholat\Models\QRCodeModels.cs(50,23): warning CS8618: Non-nullable property 'JenisSholat' must contain a non-null value when exiting constructor. Consider adding the 'required' modifier or declaring the property as nullable. [C:\Users\Administrator\Documents\malik\dekstop_ta\AbsenSholat\AbsenSholat.csproj]
C:\Users\Administrator\Documents\malik\dekstop_ta\AbsenSholat\Models\QRCodeModels.cs(53,23): warning CS8618: Non-nullable property 'Jurusan' must contain a non-null value when exiting constructor. Consider adding the 'required' modifier or declaring the property as nullable. [C:\Users\Administrator\Documents\malik\dekstop_ta\AbsenSholat\AbsenSholat.csproj]
C:\Users\Administrator\Documents\malik\dekstop_ta\AbsenSholat\Models\QRCodeModels.cs(56,23): warning CS8618: Non-nullable property 'Kelas' must contain a non-null value when exiting constructor. Consider adding the 'required' modifier or declaring the property as nullable. [C:\Users\Administrator\Documents\malik\dekstop_ta\AbsenSholat\AbsenSholat.csproj]
C:\Users\Administrator\Documents\malik\dekstop_ta\AbsenSholat\Models\QRCodeModels.cs(59,23): warning CS8618: Non-nullable property 'NamaSiswa' must contain a non-null value when exiting constructor. Consider adding the 'required' modifier or declaring the property as nullable. [C:\Users\Administrator\Documents\malik\dekstop_ta\AbsenSholat\AbsenSholat.csproj]
C:\Users\Administrator\Documents\malik\dekstop_ta\AbsenSholat\Models\QRCodeModels.cs(62,23): warning CS8618: Non-nullable property 'Nis' must contain a non-null value when exiting constructor. Consider adding the 'required' modifier or declaring the property as nullable. [C:\Users\Administrator\Documents\malik\dekstop_ta\AbsenSholat\AbsenSholat.csproj]
C:\Users\Administrator\Documents\malik\dekstop_ta\AbsenSholat\Models\QRCodeModels.cs(65,23): warning CS8618: Non-nullable property 'Status' must contain a non-null value when exiting constructor. Consider adding the 'required' modifier or declaring the property as nullable. [C:\Users\Administrator\Documents\malik\dekstop_ta\AbsenSholat\AbsenSholat.csproj]
C:\Users\Administrator\Documents\malik\dekstop_ta\AbsenSholat\Models\QRCodeModels.cs(68,23): warning CS8618: Non-nullable property 'Tanggal' must contain a non-null value when exiting constructor. Consider adding the 'required' modifier or declaring the property as nullable. [C:\Users\Administrator\Documents\malik\dekstop_ta\AbsenSholat\AbsenSholat.csproj]
C:\Users\Administrator\Documents\malik\dekstop_ta\AbsenSholat\Models\QRCodeModels.cs(41,29): warning CS8618: Non-nullable property 'Data' must contain a non-null value when exiting constructor. Consider adding the 'required' modifier or declaring the property as nullable. [C:\Users\Administrator\Documents\malik\dekstop_ta\AbsenSholat\AbsenSholat.csproj]
C:\Users\Administrator\Documents\malik\dekstop_ta\AbsenSholat\Models\QRCodeModels.cs(44,23): warning CS8618: Non-nullable property 'Message' must contain a non-null value when exiting constructor. Consider adding the 'required' modifier or declaring the property as nullable. [C:\Users\Administrator\Documents\malik\dekstop_ta\AbsenSholat\AbsenSholat.csproj]
C:\Users\Administrator\Documents\malik\dekstop_ta\AbsenSholat\DashboardWindow.xaml.cs(220,30): warning CS0168: The variable 'ex' is declared but never used [C:\Users\Administrator\Documents\malik\dekstop_ta\AbsenSholat\AbsenSholat.csproj]
C:\Users\Administrator\Documents\malik\dekstop_ta\AbsenSholat\Models\QRCodeModels.cs(35,23): warning CS8618: Non-nullable property 'Token' must contain a non-null value when exiting constructor. Consider adding the 'required' modifier or declaring the property as nullable. [C:\Users\Administrator\Documents\malik\dekstop_ta\AbsenSholat\AbsenSholat.csproj]
C:\Users\Administrator\Documents\malik\dekstop_ta\AbsenSholat\Models\QRCodeModels.cs(17,23): warning CS8618: Non-nullable property 'ExpiresAt' must contain a non-null value when exiting constructor. Consider adding the 'required' modifier or declaring the property as nullable. [C:\Users\Administrator\Documents\malik\dekstop_ta\AbsenSholat\AbsenSholat.csproj]
C:\Users\Administrator\Documents\malik\dekstop_ta\AbsenSholat\Models\QRCodeModels.cs(23,23): warning CS8618: Non-nullable property 'JenisSholat' must contain a non-null value when exiting constructor. Consider adding the 'required' modifier or declaring the property as nullable. [C:\Users\Administrator\Documents\malik\dekstop_ta\AbsenSholat\AbsenSholat.csproj]
C:\Users\Administrator\Documents\malik\dekstop_ta\AbsenSholat\Models\QRCodeModels.cs(26,23): warning CS8618: Non-nullable property 'QrCode' must contain a non-null value when exiting constructor. Consider adding the 'required' modifier or declaring the property as nullable. [C:\Users\Administrator\Documents\malik\dekstop_ta\AbsenSholat\AbsenSholat.csproj]
C:\Users\Administrator\Documents\malik\dekstop_ta\AbsenSholat\Models\QRCodeModels.cs(29,23): warning CS8618: Non-nullable property 'Token' must contain a non-null value when exiting constructor. Consider adding the 'required' modifier or declaring the property as nullable. [C:\Users\Administrator\Documents\malik\dekstop_ta\AbsenSholat\AbsenSholat.csproj]
C:\Users\Administrator\Documents\malik\dekstop_ta\AbsenSholat\Models\QRCodeModels.cs(8,27): warning CS8618: Non-nullable property 'Data' must contain a non-null value when exiting constructor. Consider adding the 'required' modifier or declaring the property as nullable. [C:\Users\Administrator\Documents\malik\dekstop_ta\AbsenSholat\AbsenSholat.csproj]
C:\Users\Administrator\Documents\malik\dekstop_ta\AbsenSholat\Models\QRCodeModels.cs(11,23): warning CS8618: Non-nullable property 'Message' must contain a non-null value when exiting constructor. Consider adding the 'required' modifier or declaring the property as nullable. [C:\Users\Administrator\Documents\malik\dekstop_ta\AbsenSholat\AbsenSholat.csproj]
C:\Users\Administrator\Documents\malik\dekstop_ta\AbsenSholat\Models\LoginResponse.cs(13,23): warning CS8618: Non-nullable property 'Nis' must contain a non-null value when exiting constructor. Consider adding the 'required' modifier or declaring the property as nullable. [C:\Users\Administrator\Documents\malik\dekstop_ta\AbsenSholat\AbsenSholat.csproj]
C:\Users\Administrator\Documents\malik\dekstop_ta\AbsenSholat\Models\LoginResponse.cs(16,23): warning CS8618: Non-nullable property 'NamaSiswa' must contain a non-null value when exiting constructor. Consider adding the 'required' modifier or declaring the property as nullable. [C:\Users\Administrator\Documents\malik\dekstop_ta\AbsenSholat\AbsenSholat.csproj]
C:\Users\Administrator\Documents\malik\dekstop_ta\AbsenSholat\Models\LoginResponse.cs(19,23): warning CS8618: Non-nullable property 'Jk' must contain a non-null value when exiting constructor. Consider adding the 'required' modifier or declaring the property as nullable. [C:\Users\Administrator\Documents\malik\dekstop_ta\AbsenSholat\AbsenSholat.csproj]
C:\Users\Administrator\Documents\malik\dekstop_ta\AbsenSholat\Models\LoginResponse.cs(22,23): warning CS8618: Non-nullable property 'Jurusan' must contain a non-null value when exiting constructor. Consider adding the 'required' modifier or declaring the property as nullable. [C:\Users\Administrator\Documents\malik\dekstop_ta\AbsenSholat\AbsenSholat.csproj]
C:\Users\Administrator\Documents\malik\dekstop_ta\AbsenSholat\Models\LoginResponse.cs(25,23): warning CS8618: Non-nullable property 'Kelas' must contain a non-null value when exiting constructor. Consider adding the 'required' modifier or declaring the property as nullable. [C:\Users\Administrator\Documents\malik\dekstop_ta\AbsenSholat\AbsenSholat.csproj]
C:\Users\Administrator\Documents\malik\dekstop_ta\AbsenSholat\Models\LoginResponse.cs(28,23): warning CS8618: Non-nullable property 'Email' must contain a non-null value when exiting constructor. Consider adding the 'required' modifier or declaring the property as nullable. [C:\Users\Administrator\Documents\malik\dekstop_ta\AbsenSholat\AbsenSholat.csproj]
C:\Users\Administrator\Documents\malik\dekstop_ta\AbsenSholat\Models\LoginResponse.cs(31,23): warning CS8618: Non-nullable property 'Token' must contain a non-null value when exiting constructor. Consider adding the 'required' modifier or declaring the property as nullable. [C:\Users\Administrator\Documents\malik\dekstop_ta\AbsenSholat\AbsenSholat.csproj]
C:\Users\Administrator\Documents\malik\dekstop_ta\AbsenSholat\Models\HistoryModels.cs(60,23): warning CS8618: Non-nullable property 'Jurusan' must contain a non-null value when exiting constructor. Consider adding the 'required' modifier or declaring the property as nullable. [C:\Users\Administrator\Documents\malik\dekstop_ta\AbsenSholat\AbsenSholat.csproj]
C:\Users\Administrator\Documents\malik\dekstop_ta\AbsenSholat\Models\HistoryModels.cs(63,23): warning CS8618: Non-nullable property 'Kelas' must contain a non-null value when exiting constructor. Consider adding the 'required' modifier or declaring the property as nullable. [C:\Users\Administrator\Documents\malik\dekstop_ta\AbsenSholat\AbsenSholat.csproj]
C:\Users\Administrator\Documents\malik\dekstop_ta\AbsenSholat\Models\HistoryModels.cs(66,23): warning CS8618: Non-nullable property 'NamaSiswa' must contain a non-null value when exiting constructor. Consider adding the 'required' modifier or declaring the property as nullable. [C:\Users\Administrator\Documents\malik\dekstop_ta\AbsenSholat\AbsenSholat.csproj]
C:\Users\Administrator\Documents\malik\dekstop_ta\AbsenSholat\Models\HistoryModels.cs(69,23): warning CS8618: Non-nullable property 'Nis' must contain a non-null value when exiting constructor. Consider adding the 'required' modifier or declaring the property as nullable. [C:\Users\Administrator\Documents\malik\dekstop_ta\AbsenSholat\AbsenSholat.csproj]
C:\Users\Administrator\Documents\malik\dekstop_ta\AbsenSholat\Models\HistoryModels.cs(39,23): warning CS8618: Non-nullable property 'Deskripsi' must contain a non-null value when exiting constructor. Consider adding the 'required' modifier or declaring the property as nullable. [C:\Users\Administrator\Documents\malik\dekstop_ta\AbsenSholat\AbsenSholat.csproj]
C:\Users\Administrator\Documents\malik\dekstop_ta\AbsenSholat\Models\HistoryModels.cs(42,23): warning CS8618: Non-nullable property 'Hari' must contain a non-null value when exiting constructor. Consider adding the 'required' modifier or declaring the property as nullable. [C:\Users\Administrator\Documents\malik\dekstop_ta\AbsenSholat\AbsenSholat.csproj]
C:\Users\Administrator\Documents\malik\dekstop_ta\AbsenSholat\Models\HistoryModels.cs(48,23): warning CS8618: Non-nullable property 'JenisSholat' must contain a non-null value when exiting constructor. Consider adding the 'required' modifier or declaring the property as nullable. [C:\Users\Administrator\Documents\malik\dekstop_ta\AbsenSholat\AbsenSholat.csproj]
C:\Users\Administrator\Documents\malik\dekstop_ta\AbsenSholat\Models\HistoryModels.cs(51,23): warning CS8618: Non-nullable property 'Status' must contain a non-null value when exiting constructor. Consider adding the 'required' modifier or declaring the property as nullable. [C:\Users\Administrator\Documents\malik\dekstop_ta\AbsenSholat\AbsenSholat.csproj]
C:\Users\Administrator\Documents\malik\dekstop_ta\AbsenSholat\Models\HistoryModels.cs(54,23): warning CS8618: Non-nullable property 'Tanggal' must contain a non-null value when exiting constructor. Consider adding the 'required' modifier or declaring the property as nullable. [C:\Users\Administrator\Documents\malik\dekstop_ta\AbsenSholat\AbsenSholat.csproj]
C:\Users\Administrator\Documents\malik\dekstop_ta\AbsenSholat\Models\Absen.cs(17,23): warning CS8618: Non-nullable property 'Status' must contain a non-null value when exiting constructor. Consider adding the 'required' modifier or declaring the property as nullable. [C:\Users\Administrator\Documents\malik\dekstop_ta\AbsenSholat\AbsenSholat.csproj]
C:\Users\Administrator\Documents\malik\dekstop_ta\AbsenSholat\Models\Absen.cs(20,23): warning CS8618: Non-nullable property 'Deskripsi' must contain a non-null value when exiting constructor. Consider adding the 'required' modifier or declaring the property as nullable. [C:\Users\Administrator\Documents\malik\dekstop_ta\AbsenSholat\AbsenSholat.csproj]
C:\Users\Administrator\Documents\malik\dekstop_ta\AbsenSholat\Models\Absen.cs(23,23): warning CS8618: Non-nullable property 'CreatedAt' must contain a non-null value when exiting constructor. Consider adding the 'required' modifier or declaring the property as nullable. [C:\Users\Administrator\Documents\malik\dekstop_ta\AbsenSholat\AbsenSholat.csproj]
C:\Users\Administrator\Documents\malik\dekstop_ta\AbsenSholat\ProfileWindow.xaml.cs(15,16): warning CS8618: Non-nullable field '_apiClient' must contain a non-null value when exiting constructor. Consider adding the 'required' modifier or declaring the field as nullable. [C:\Users\Administrator\Documents\malik\dekstop_ta\AbsenSholat\AbsenSholat.csproj]
C:\Users\Administrator\Documents\malik\dekstop_ta\AbsenSholat\ProfileWindow.xaml.cs(15,16): warning CS8618: Non-nullable field '_siswa' must contain a non-null value when exiting constructor. Consider adding the 'required' modifier or declaring the field as nullable. [C:\Users\Administrator\Documents\malik\dekstop_ta\AbsenSholat\AbsenSholat.csproj]
C:\Users\Administrator\Documents\malik\dekstop_ta\AbsenSholat\ProfileWindow.xaml.cs(15,16): warning CS8618: Non-nullable field '_email' must contain a non-null value when exiting constructor. Consider adding the 'required' modifier or declaring the field as nullable. [C:\Users\Administrator\Documents\malik\dekstop_ta\AbsenSholat\AbsenSholat.csproj]
C:\Users\Administrator\Documents\malik\dekstop_ta\AbsenSholat\Models\HistoryModels.cs(18,41): warning CS8618: Non-nullable property 'Absensi' must contain a non-null value when exiting constructor. Consider adding the 'required' modifier or declaring the property as nullable. [C:\Users\Administrator\Documents\malik\dekstop_ta\AbsenSholat\AbsenSholat.csproj]
C:\Users\Administrator\Documents\malik\dekstop_ta\AbsenSholat\Models\HistoryModels.cs(21,23): warning CS8618: Non-nullable property 'EndDate' must contain a non-null value when exiting constructor. Consider adding the 'required' modifier or declaring the property as nullable. [C:\Users\Administrator\Documents\malik\dekstop_ta\AbsenSholat\AbsenSholat.csproj]
C:\Users\Administrator\Documents\malik\dekstop_ta\AbsenSholat\Models\HistoryModels.cs(24,23): warning CS8618: Non-nullable property 'Periode' must contain a non-null value when exiting constructor. Consider adding the 'required' modifier or declaring the property as nullable. [C:\Users\Administrator\Documents\malik\dekstop_ta\AbsenSholat\AbsenSholat.csproj]
C:\Users\Administrator\Documents\malik\dekstop_ta\AbsenSholat\Models\HistoryModels.cs(27,26): warning CS8618: Non-nullable property 'Siswa' must contain a non-null value when exiting constructor. Consider adding the 'required' modifier or declaring the property as nullable. [C:\Users\Administrator\Documents\malik\dekstop_ta\AbsenSholat\AbsenSholat.csproj]
C:\Users\Administrator\Documents\malik\dekstop_ta\AbsenSholat\Models\HistoryModels.cs(30,23): warning CS8618: Non-nullable property 'StartDate' must contain a non-null value when exiting constructor. Consider adding the 'required' modifier or declaring the property as nullable. [C:\Users\Administrator\Documents\malik\dekstop_ta\AbsenSholat\AbsenSholat.csproj]
C:\Users\Administrator\Documents\malik\dekstop_ta\AbsenSholat\Models\HistoryModels.cs(33,33): warning CS8618: Non-nullable property 'Statistik' must contain a non-null value when exiting constructor. Consider adding the 'required' modifier or declaring the property as nullable. [C:\Users\Administrator\Documents\malik\dekstop_ta\AbsenSholat\AbsenSholat.csproj]
C:\Users\Administrator\Documents\malik\dekstop_ta\AbsenSholat\OtpVerificationWindow.xaml.cs(18,16): warning CS8618: Non-nullable field '_timer' must contain a non-null value when exiting constructor. Consider adding the 'required' modifier or declaring the field as nullable. [C:\Users\Administrator\Documents\malik\dekstop_ta\AbsenSholat\AbsenSholat.csproj]
C:\Users\Administrator\Documents\malik\dekstop_ta\AbsenSholat\Models\AkunLogin.cs(12,23): warning CS8618: Non-nullable property 'Nis' must contain a non-null value when exiting constructor. Consider adding the 'required' modifier or declaring the property as nullable. [C:\Users\Administrator\Documents\malik\dekstop_ta\AbsenSholat\AbsenSholat.csproj]
C:\Users\Administrator\Documents\malik\dekstop_ta\AbsenSholat\Models\AkunLogin.cs(13,23): warning CS8618: Non-nullable property 'NamaSiswa' must contain a non-null value when exiting constructor. Consider adding the 'required' modifier or declaring the property as nullable. [C:\Users\Administrator\Documents\malik\dekstop_ta\AbsenSholat\AbsenSholat.csproj]
C:\Users\Administrator\Documents\malik\dekstop_ta\AbsenSholat\Models\AkunLogin.cs(14,23): warning CS8618: Non-nullable property 'JenisKelamin' must contain a non-null value when exiting constructor. Consider adding the 'required' modifier or declaring the property as nullable. [C:\Users\Administrator\Documents\malik\dekstop_ta\AbsenSholat\AbsenSholat.csproj]
C:\Users\Administrator\Documents\malik\dekstop_ta\AbsenSholat\Models\AkunLogin.cs(15,23): warning CS8618: Non-nullable property 'Jurusan' must contain a non-null value when exiting constructor. Consider adding the 'required' modifier or declaring the property as nullable. [C:\Users\Administrator\Documents\malik\dekstop_ta\AbsenSholat\AbsenSholat.csproj]
C:\Users\Administrator\Documents\malik\dekstop_ta\AbsenSholat\Models\AkunLogin.cs(16,23): warning CS8618: Non-nullable property 'Kelas' must contain a non-null value when exiting constructor. Consider adding the 'required' modifier or declaring the property as nullable. [C:\Users\Administrator\Documents\malik\dekstop_ta\AbsenSholat\AbsenSholat.csproj]
C:\Users\Administrator\Documents\malik\dekstop_ta\AbsenSholat\Models\AkunLogin.cs(17,23): warning CS8618: Non-nullable property 'Email' must contain a non-null value when exiting constructor. Consider adding the 'required' modifier or declaring the property as nullable. [C:\Users\Administrator\Documents\malik\dekstop_ta\AbsenSholat\AbsenSholat.csproj]
C:\Users\Administrator\Documents\malik\dekstop_ta\AbsenSholat\Models\AkunLogin.cs(18,23): warning CS8618: Non-nullable property 'CreatedAt' must contain a non-null value when exiting constructor. Consider adding the 'required' modifier or declaring the property as nullable. [C:\Users\Administrator\Documents\malik\dekstop_ta\AbsenSholat\AbsenSholat.csproj]
C:\Users\Administrator\Documents\malik\dekstop_ta\AbsenSholat\OtpVerificationWindow.xaml.cs(40,28): warning CS8622: Nullability of reference types in type of parameter 'sender' of 'void OtpVerificationWindow.Timer_Tick(object sender, EventArgs e)' doesn't match the target delegate 'EventHandler' (possibly because of nullability attributes). [C:\Users\Administrator\Documents\malik\dekstop_ta\AbsenSholat\AbsenSholat.csproj]
C:\Users\Administrator\Documents\malik\dekstop_ta\AbsenSholat\Models\AuthModels.cs(8,23): warning CS8618: Non-nullable property 'NewEmail' must contain a non-null value when exiting constructor. Consider adding the 'required' modifier or declaring the property as nullable. [C:\Users\Administrator\Documents\malik\dekstop_ta\AbsenSholat\AbsenSholat.csproj]
C:\Users\Administrator\Documents\malik\dekstop_ta\AbsenSholat\Models\AuthModels.cs(14,23): warning CS8618: Non-nullable property 'Email' must contain a non-null value when exiting constructor. Consider adding the 'required' modifier or declaring the property as nullable. [C:\Users\Administrator\Documents\malik\dekstop_ta\AbsenSholat\AbsenSholat.csproj]
C:\Users\Administrator\Documents\malik\dekstop_ta\AbsenSholat\Models\AuthModels.cs(17,23): warning CS8618: Non-nullable property 'Nis' must contain a non-null value when exiting constructor. Consider adding the 'required' modifier or declaring the property as nullable. [C:\Users\Administrator\Documents\malik\dekstop_ta\AbsenSholat\AbsenSholat.csproj]
C:\Users\Administrator\Documents\malik\dekstop_ta\AbsenSholat\Models\AuthModels.cs(23,23): warning CS8618: Non-nullable property 'NewPassword' must contain a non-null value when exiting constructor. Consider adding the 'required' modifier or declaring the property as nullable. [C:\Users\Administrator\Documents\malik\dekstop_ta\AbsenSholat\AbsenSholat.csproj]
C:\Users\Administrator\Documents\malik\dekstop_ta\AbsenSholat\Models\AuthModels.cs(26,23): warning CS8618: Non-nullable property 'Nis' must contain a non-null value when exiting constructor. Consider adding the 'required' modifier or declaring the property as nullable. [C:\Users\Administrator\Documents\malik\dekstop_ta\AbsenSholat\AbsenSholat.csproj]
C:\Users\Administrator\Documents\malik\dekstop_ta\AbsenSholat\Models\AuthModels.cs(29,23): warning CS8618: Non-nullable property 'Otp' must contain a non-null value when exiting constructor. Consider adding the 'required' modifier or declaring the property as nullable. [C:\Users\Administrator\Documents\malik\dekstop_ta\AbsenSholat\AbsenSholat.csproj]
C:\Users\Administrator\Documents\malik\dekstop_ta\AbsenSholat\Models\AuthModels.cs(35,23): warning CS8618: Non-nullable property 'Nis' must contain a non-null value when exiting constructor. Consider adding the 'required' modifier or declaring the property as nullable. [C:\Users\Administrator\Documents\malik\dekstop_ta\AbsenSholat\AbsenSholat.csproj]
C:\Users\Administrator\Documents\malik\dekstop_ta\AbsenSholat\Models\AuthModels.cs(38,23): warning CS8618: Non-nullable property 'Otp' must contain a non-null value when exiting constructor. Consider adding the 'required' modifier or declaring the property as nullable. [C:\Users\Administrator\Documents\malik\dekstop_ta\AbsenSholat\AbsenSholat.csproj]
C:\Users\Administrator\Documents\malik\dekstop_ta\AbsenSholat\Models\HistoryModels.cs(9,33): warning CS8618: Non-nullable property 'Data' must contain a non-null value when exiting constructor. Consider adding the 'required' modifier or declaring the property as nullable. [C:\Users\Administrator\Documents\malik\dekstop_ta\AbsenSholat\AbsenSholat.csproj]
C:\Users\Administrator\Documents\malik\dekstop_ta\AbsenSholat\Models\HistoryModels.cs(12,23): warning CS8618: Non-nullable property 'Message' must contain a non-null value when exiting constructor. Consider adding the 'required' modifier or declaring the property as nullable. [C:\Users\Administrator\Documents\malik\dekstop_ta\AbsenSholat\AbsenSholat.csproj]
C:\Users\Administrator\Documents\malik\dekstop_ta\AbsenSholat\Models\AuthModels.cs(44,23): warning CS8618: Non-nullable property 'NewEmail' must contain a non-null value when exiting constructor. Consider adding the 'required' modifier or declaring the property as nullable. [C:\Users\Administrator\Documents\malik\dekstop_ta\AbsenSholat\AbsenSholat.csproj]
C:\Users\Administrator\Documents\malik\dekstop_ta\AbsenSholat\Models\AuthModels.cs(47,23): warning CS8618: Non-nullable property 'Otp' must contain a non-null value when exiting constructor. Consider adding the 'required' modifier or declaring the property as nullable. [C:\Users\Administrator\Documents\malik\dekstop_ta\AbsenSholat\AbsenSholat.csproj]
C:\Users\Administrator\Documents\malik\dekstop_ta\AbsenSholat\ScanQrWindow.xaml.cs(17,16): warning CS8618: Non-nullable field '_apiClient' must contain a non-null value when exiting constructor. Consider adding the 'required' modifier or declaring the field as nullable. [C:\Users\Administrator\Documents\malik\dekstop_ta\AbsenSholat\AbsenSholat.csproj]
C:\Users\Administrator\Documents\malik\dekstop_ta\AbsenSholat\ScanQrWindow.xaml.cs(17,16): warning CS8618: Non-nullable field '_siswa' must contain a non-null value when exiting constructor. Consider adding the 'required' modifier or declaring the field as nullable. [C:\Users\Administrator\Documents\malik\dekstop_ta\AbsenSholat\AbsenSholat.csproj]
C:\Users\Administrator\Documents\malik\dekstop_ta\AbsenSholat\ScanQrWindow.xaml.cs(17,16): warning CS8618: Non-nullable field '_scanAnimationTimer' must contain a non-null value when exiting constructor. Consider adding the 'required' modifier or declaring the field as nullable. [C:\Users\Administrator\Documents\malik\dekstop_ta\AbsenSholat\AbsenSholat.csproj]
C:\Users\Administrator\Documents\malik\dekstop_ta\AbsenSholat\ScanQrWindow.xaml.cs(22,16): warning CS8618: Non-nullable field '_scanAnimationTimer' must contain a non-null value when exiting constructor. Consider adding the 'required' modifier or declaring the field as nullable. [C:\Users\Administrator\Documents\malik\dekstop_ta\AbsenSholat\AbsenSholat.csproj]
C:\Users\Administrator\Documents\malik\dekstop_ta\AbsenSholat\DashboardWindow.xaml.cs(26,24): warning CS0649: Field 'DashboardWindow._windowHandle' is never assigned to, and will always have its default value [C:\Users\Administrator\Documents\malik\dekstop_ta\AbsenSholat\AbsenSholat.csproj]
C:\Program Files\dotnet\sdk\10.0.102\Microsoft.Common.CurrentVersion.targets(5381,5): warning MSB3026: Could not copy "C:\Users\Administrator\Documents\malik\dekstop_ta\AbsenSholat\obj\Debug\net8.0-windows\apphost.exe" to "bin\Debug\net8.0-windows\AbsenSholat.exe". Beginning retry 1 in 1000ms. The process cannot access the file 'C:\Users\Administrator\Documents\malik\dekstop_ta\AbsenSholat\bin\Debug\net8.0-windows\AbsenSholat.exe' because it is being used by another process. The file is locked by: "AbsenSholat (7952)" [C:\Users\Administrator\Documents\malik\dekstop_ta\AbsenSholat\AbsenSholat.csproj]
C:\Program Files\dotnet\sdk\10.0.102\Microsoft.Common.CurrentVersion.targets(5381,5): warning MSB3026: Could not copy "C:\Users\Administrator\Documents\malik\dekstop_ta\AbsenSholat\obj\Debug\net8.0-windows\apphost.exe" to "bin\Debug\net8.0-windows\AbsenSholat.exe". Beginning retry 2 in 1000ms. The process cannot access the file 'C:\Users\Administrator\Documents\malik\dekstop_ta\AbsenSholat\bin\Debug\net8.0-windows\AbsenSholat.exe' because it is being used by another process. The file is locked by: "AbsenSholat (7952)" [C:\Users\Administrator\Documents\malik\dekstop_ta\AbsenSholat\AbsenSholat.csproj]
C:\Program Files\dotnet\sdk\10.0.102\Microsoft.Common.CurrentVersion.targets(5381,5): warning MSB3026: Could not copy "C:\Users\Administrator\Documents\malik\dekstop_ta\AbsenSholat\obj\Debug\net8.0-windows\apphost.exe" to "bin\Debug\net8.0-windows\AbsenSholat.exe". Beginning retry 3 in 1000ms. The process cannot access the file 'C:\Users\Administrator\Documents\malik\dekstop_ta\AbsenSholat\bin\Debug\net8.0-windows\AbsenSholat.exe' because it is being used by another process. The file is locked by: "AbsenSholat (7952)" [C:\Users\Administrator\Documents\malik\dekstop_ta\AbsenSholat\AbsenSholat.csproj]
C:\Program Files\dotnet\sdk\10.0.102\Microsoft.Common.CurrentVersion.targets(5381,5): warning MSB3026: Could not copy "C:\Users\Administrator\Documents\malik\dekstop_ta\AbsenSholat\obj\Debug\net8.0-windows\apphost.exe" to "bin\Debug\net8.0-windows\AbsenSholat.exe". Beginning retry 4 in 1000ms. The process cannot access the file 'C:\Users\Administrator\Documents\malik\dekstop_ta\AbsenSholat\bin\Debug\net8.0-windows\AbsenSholat.exe' because it is being used by another process. The file is locked by: "AbsenSholat (7952)" [C:\Users\Administrator\Documents\malik\dekstop_ta\AbsenSholat\AbsenSholat.csproj]
  AbsenSholat -> C:\Users\Administrator\Documents\malik\dekstop_ta\AbsenSholat\bin\Debug\net8.0-windows\AbsenSholat.dll

Build succeeded.

C:\Users\Administrator\Documents\malik\dekstop_ta\AbsenSholat\AbsenSholat.csproj : warning NU1603: AbsenSholat depends on OpenCvSharp4 (>= 4.9.0.20241106) but OpenCvSharp4 4.9.0.20241106 was not found. OpenCvSharp4 4.10.0.20240615 was resolved instead. [C:\Users\Administrator\Documents\malik\dekstop_ta\AbsenSholat.sln]
C:\Users\Administrator\Documents\malik\dekstop_ta\AbsenSholat\AbsenSholat.csproj : warning NU1603: AbsenSholat depends on OpenCvSharp4.runtime.win (>= 4.9.0.20241106) but OpenCvSharp4.runtime.win 4.9.0.20241106 was not found. OpenCvSharp4.runtime.win 4.10.0.20240615 was resolved instead. [C:\Users\Administrator\Documents\malik\dekstop_ta\AbsenSholat.sln]
C:\Program Files\dotnet\sdk\10.0.102\Microsoft.Common.CurrentVersion.targets(5937,5): warning MSB3061: Unable to delete file "C:\Users\Administrator\Documents\malik\dekstop_ta\AbsenSholat\bin\Debug\net8.0-windows\AbsenSholat.exe". Access to the path 'C:\Users\Administrator\Documents\malik\dekstop_ta\AbsenSholat\bin\Debug\net8.0-windows\AbsenSholat.exe' is denied. The file is locked by: "AbsenSholat (7952)" [C:\Users\Administrator\Documents\malik\dekstop_ta\AbsenSholat\AbsenSholat.csproj]
C:\Program Files\dotnet\sdk\10.0.102\Microsoft.Common.CurrentVersion.targets(5937,5): warning MSB3061: Unable to delete file "C:\Users\Administrator\Documents\malik\dekstop_ta\AbsenSholat\bin\Debug\net8.0-windows\AbsenSholat.dll". Access to the path 'C:\Users\Administrator\Documents\malik\dekstop_ta\AbsenSholat\bin\Debug\net8.0-windows\AbsenSholat.dll' is denied. The file is locked by: "Microsoft Visual Studio (6572), AbsenSholat (7952)" [C:\Users\Administrator\Documents\malik\dekstop_ta\AbsenSholat\AbsenSholat.csproj]
C:\Program Files\dotnet\sdk\10.0.102\Microsoft.Common.CurrentVersion.targets(5937,5): warning MSB3061: Unable to delete file "C:\Users\Administrator\Documents\malik\dekstop_ta\AbsenSholat\bin\Debug\net8.0-windows\OpenCvSharp.dll". Access to the path 'C:\Users\Administrator\Documents\malik\dekstop_ta\AbsenSholat\bin\Debug\net8.0-windows\OpenCvSharp.dll' is denied. The file is locked by: "Microsoft Visual Studio (6572), AbsenSholat (7952)" [C:\Users\Administrator\Documents\malik\dekstop_ta\AbsenSholat\AbsenSholat.csproj]
C:\Program Files\dotnet\sdk\10.0.102\Microsoft.Common.CurrentVersion.targets(5937,5): warning MSB3061: Unable to delete file "C:\Users\Administrator\Documents\malik\dekstop_ta\AbsenSholat\bin\Debug\net8.0-windows\runtimes\win-x64\native\OpenCvSharpExtern.dll". Access to the path 'C:\Users\Administrator\Documents\malik\dekstop_ta\AbsenSholat\bin\Debug\net8.0-windows\runtimes\win-x64\native\OpenCvSharpExtern.dll' is denied. The file is locked by: "AbsenSholat (7952)" [C:\Users\Administrator\Documents\malik\dekstop_ta\AbsenSholat\AbsenSholat.csproj]
C:\Users\Administrator\Documents\malik\dekstop_ta\AbsenSholat\AbsenSholat.csproj : warning NU1603: AbsenSholat depends on OpenCvSharp4 (>= 4.9.0.20241106) but OpenCvSharp4 4.9.0.20241106 was not found. OpenCvSharp4 4.10.0.20240615 was resolved instead.
C:\Users\Administrator\Documents\malik\dekstop_ta\AbsenSholat\AbsenSholat.csproj : warning NU1603: AbsenSholat depends on OpenCvSharp4.runtime.win (>= 4.9.0.20241106) but OpenCvSharp4.runtime.win 4.9.0.20241106 was not found. OpenCvSharp4.runtime.win 4.10.0.20240615 was resolved instead.
C:\Users\Administrator\Documents\malik\dekstop_ta\AbsenSholat\AbsenSholat_jtp3b20w_wpftmp.csproj : warning NU1603: AbsenSholat depends on OpenCvSharp4 (>= 4.9.0.20241106) but OpenCvSharp4 4.9.0.20241106 was not found. OpenCvSharp4 4.10.0.20240615 was resolved instead.
C:\Users\Administrator\Documents\malik\dekstop_ta\AbsenSholat\AbsenSholat_jtp3b20w_wpftmp.csproj : warning NU1603: AbsenSholat depends on OpenCvSharp4.runtime.win (>= 4.9.0.20241106) but OpenCvSharp4.runtime.win 4.9.0.20241106 was not found. OpenCvSharp4.runtime.win 4.10.0.20240615 was resolved instead.
C:\Users\Administrator\Documents\malik\dekstop_ta\AbsenSholat\ApiClient.cs(44,104): warning CS8625: Cannot convert null literal to non-nullable reference type. [C:\Users\Administrator\Documents\malik\dekstop_ta\AbsenSholat\AbsenSholat_jtp3b20w_wpftmp.csproj]
C:\Users\Administrator\Documents\malik\dekstop_ta\AbsenSholat\ChangeEmailWindow.xaml.cs(17,16): warning CS8618: Non-nullable property 'NewEmail' must contain a non-null value when exiting constructor. Consider adding the 'required' modifier or declaring the property as nullable. [C:\Users\Administrator\Documents\malik\dekstop_ta\AbsenSholat\AbsenSholat_jtp3b20w_wpftmp.csproj]
C:\Users\Administrator\Documents\malik\dekstop_ta\AbsenSholat\ApiClient.cs(23,16): warning CS8618: Non-nullable field '_token' must contain a non-null value when exiting constructor. Consider adding the 'required' modifier or declaring the field as nullable. [C:\Users\Administrator\Documents\malik\dekstop_ta\AbsenSholat\AbsenSholat_jtp3b20w_wpftmp.csproj]
C:\Users\Administrator\Documents\malik\dekstop_ta\AbsenSholat\ChangeEmailOtpWindow.xaml.cs(19,16): warning CS8618: Non-nullable field '_timer' must contain a non-null value when exiting constructor. Consider adding the 'required' modifier or declaring the field as nullable. [C:\Users\Administrator\Documents\malik\dekstop_ta\AbsenSholat\AbsenSholat_jtp3b20w_wpftmp.csproj]
C:\Users\Administrator\Documents\malik\dekstop_ta\AbsenSholat\AdminDashboardWindow.xaml.cs(44,37): warning CS8600: Converting null literal or possible null value to non-nullable type. [C:\Users\Administrator\Documents\malik\dekstop_ta\AbsenSholat\AbsenSholat_jtp3b20w_wpftmp.csproj]
C:\Users\Administrator\Documents\malik\dekstop_ta\AbsenSholat\AdminDashboardWindow.xaml.cs(44,37): warning CS8604: Possible null reference argument for parameter 'token' in 'void ApiClient.SetToken(string token)'. [C:\Users\Administrator\Documents\malik\dekstop_ta\AbsenSholat\AbsenSholat_jtp3b20w_wpftmp.csproj]
C:\Users\Administrator\Documents\malik\dekstop_ta\AbsenSholat\AdminDashboardWindow.xaml.cs(35,16): warning CS8618: Non-nullable field '_clockTimer' must contain a non-null value when exiting constructor. Consider adding the 'required' modifier or declaring the field as nullable. [C:\Users\Administrator\Documents\malik\dekstop_ta\AbsenSholat\AbsenSholat_jtp3b20w_wpftmp.csproj]
C:\Users\Administrator\Documents\malik\dekstop_ta\AbsenSholat\AdminDashboardWindow.xaml.cs(35,16): warning CS8618: Non-nullable field '_qrCountdownTimer' must contain a non-null value when exiting constructor. Consider adding the 'required' modifier or declaring the field as nullable. [C:\Users\Administrator\Documents\malik\dekstop_ta\AbsenSholat\AbsenSholat_jtp3b20w_wpftmp.csproj]
C:\Users\Administrator\Documents\malik\dekstop_ta\AbsenSholat\ChangeEmailOtpWindow.xaml.cs(40,28): warning CS8622: Nullability of reference types in type of parameter 'sender' of 'void ChangeEmailOtpWindow.Timer_Tick(object sender, EventArgs e)' doesn't match the target delegate 'EventHandler' (possibly because of nullability attributes). [C:\Users\Administrator\Documents\malik\dekstop_ta\AbsenSholat\AbsenSholat_jtp3b20w_wpftmp.csproj]
C:\Users\Administrator\Documents\malik\dekstop_ta\AbsenSholat\ChangePasswordWindow.xaml.cs(73,87): warning CS8625: Cannot convert null literal to non-nullable reference type. [C:\Users\Administrator\Documents\malik\dekstop_ta\AbsenSholat\AbsenSholat_jtp3b20w_wpftmp.csproj]
C:\Users\Administrator\Documents\malik\dekstop_ta\AbsenSholat\ChangePasswordWindow.xaml.cs(74,62): warning CS8625: Cannot convert null literal to non-nullable reference type. [C:\Users\Administrator\Documents\malik\dekstop_ta\AbsenSholat\AbsenSholat_jtp3b20w_wpftmp.csproj]
C:\Users\Administrator\Documents\malik\dekstop_ta\AbsenSholat\ChangePasswordWindow.xaml.cs(95,95): warning CS8625: Cannot convert null literal to non-nullable reference type. [C:\Users\Administrator\Documents\malik\dekstop_ta\AbsenSholat\AbsenSholat_jtp3b20w_wpftmp.csproj]
C:\Users\Administrator\Documents\malik\dekstop_ta\AbsenSholat\ChangePasswordWindow.xaml.cs(96,66): warning CS8625: Cannot convert null literal to non-nullable reference type. [C:\Users\Administrator\Documents\malik\dekstop_ta\AbsenSholat\AbsenSholat_jtp3b20w_wpftmp.csproj]
C:\Users\Administrator\Documents\malik\dekstop_ta\AbsenSholat\ApiClient.cs(91,20): warning CS8603: Possible null reference return. [C:\Users\Administrator\Documents\malik\dekstop_ta\AbsenSholat\AbsenSholat_jtp3b20w_wpftmp.csproj]
C:\Users\Administrator\Documents\malik\dekstop_ta\AbsenSholat\ApiClient.cs(106,20): warning CS8603: Possible null reference return. [C:\Users\Administrator\Documents\malik\dekstop_ta\AbsenSholat\AbsenSholat_jtp3b20w_wpftmp.csproj]
C:\Users\Administrator\Documents\malik\dekstop_ta\AbsenSholat\ApiClient.cs(134,20): warning CS8603: Possible null reference return. [C:\Users\Administrator\Documents\malik\dekstop_ta\AbsenSholat\AbsenSholat_jtp3b20w_wpftmp.csproj]
C:\Users\Administrator\Documents\malik\dekstop_ta\AbsenSholat\DashboardWindow.xaml.cs(32,22): warning CS8625: Cannot convert null literal to non-nullable reference type. [C:\Users\Administrator\Documents\malik\dekstop_ta\AbsenSholat\AbsenSholat_jtp3b20w_wpftmp.csproj]
C:\Users\Administrator\Documents\malik\dekstop_ta\AbsenSholat\DashboardWindow.xaml.cs(28,16): warning CS8618: Non-nullable field '_siswa' must contain a non-null value when exiting constructor. Consider adding the 'required' modifier or declaring the field as nullable. [C:\Users\Administrator\Documents\malik\dekstop_ta\AbsenSholat\AbsenSholat_jtp3b20w_wpftmp.csproj]
C:\Users\Administrator\Documents\malik\dekstop_ta\AbsenSholat\DashboardWindow.xaml.cs(28,16): warning CS8618: Non-nullable field '_email' must contain a non-null value when exiting constructor. Consider adding the 'required' modifier or declaring the field as nullable. [C:\Users\Administrator\Documents\malik\dekstop_ta\AbsenSholat\AbsenSholat_jtp3b20w_wpftmp.csproj]
C:\Users\Administrator\Documents\malik\dekstop_ta\AbsenSholat\DashboardWindow.xaml.cs(28,16): warning CS8618: Non-nullable field '_timer' must contain a non-null value when exiting constructor. Consider adding the 'required' modifier or declaring the field as nullable. [C:\Users\Administrator\Documents\malik\dekstop_ta\AbsenSholat\AbsenSholat_jtp3b20w_wpftmp.csproj]
C:\Users\Administrator\Documents\malik\dekstop_ta\AbsenSholat\DashboardWindow.xaml.cs(28,16): warning CS8618: Non-nullable field '_scanAnimationTimer' must contain a non-null value when exiting constructor. Consider adding the 'required' modifier or declaring the field as nullable. [C:\Users\Administrator\Documents\malik\dekstop_ta\AbsenSholat\AbsenSholat_jtp3b20w_wpftmp.csproj]
C:\Users\Administrator\Documents\malik\dekstop_ta\AbsenSholat\DashboardWindow.xaml.cs(660,23): warning CS8618: Non-nullable property 'Name' must contain a non-null value when exiting constructor. Consider adding the 'required' modifier or declaring the property as nullable. [C:\Users\Administrator\Documents\malik\dekstop_ta\AbsenSholat\AbsenSholat_jtp3b20w_wpftmp.csproj]
C:\Users\Administrator\Documents\malik\dekstop_ta\AbsenSholat\DashboardWindow.xaml.cs(661,23): warning CS8618: Non-nullable property 'TimeRange' must contain a non-null value when exiting constructor. Consider adding the 'required' modifier or declaring the property as nullable. [C:\Users\Administrator\Documents\malik\dekstop_ta\AbsenSholat\AbsenSholat_jtp3b20w_wpftmp.csproj]
C:\Users\Administrator\Documents\malik\dekstop_ta\AbsenSholat\DashboardWindow.xaml.cs(662,23): warning CS8618: Non-nullable property 'StatusText' must contain a non-null value when exiting constructor. Consider adding the 'required' modifier or declaring the property as nullable. [C:\Users\Administrator\Documents\malik\dekstop_ta\AbsenSholat\AbsenSholat_jtp3b20w_wpftmp.csproj]
C:\Users\Administrator\Documents\malik\dekstop_ta\AbsenSholat\DashboardWindow.xaml.cs(663,23): warning CS8618: Non-nullable property 'StatusBackground' must contain a non-null value when exiting constructor. Consider adding the 'required' modifier or declaring the property as nullable. [C:\Users\Administrator\Documents\malik\dekstop_ta\AbsenSholat\AbsenSholat_jtp3b20w_wpftmp.csproj]
C:\Users\Administrator\Documents\malik\dekstop_ta\AbsenSholat\DashboardWindow.xaml.cs(664,23): warning CS8618: Non-nullable property 'StatusForeground' must contain a non-null value when exiting constructor. Consider adding the 'required' modifier or declaring the property as nullable. [C:\Users\Administrator\Documents\malik\dekstop_ta\AbsenSholat\AbsenSholat_jtp3b20w_wpftmp.csproj]
C:\Users\Administrator\Documents\malik\dekstop_ta\AbsenSholat\DashboardWindow.xaml.cs(665,23): warning CS8618: Non-nullable property 'BorderColor' must contain a non-null value when exiting constructor. Consider adding the 'required' modifier or declaring the property as nullable. [C:\Users\Administrator\Documents\malik\dekstop_ta\AbsenSholat\AbsenSholat_jtp3b20w_wpftmp.csproj]
C:\Users\Administrator\Documents\malik\dekstop_ta\AbsenSholat\DashboardWindow.xaml.cs(666,23): warning CS8618: Non-nullable property 'BackgroundColor' must contain a non-null value when exiting constructor. Consider adding the 'required' modifier or declaring the property as nullable. [C:\Users\Administrator\Documents\malik\dekstop_ta\AbsenSholat\AbsenSholat_jtp3b20w_wpftmp.csproj]
C:\Users\Administrator\Documents\malik\dekstop_ta\AbsenSholat\DashboardWindow.xaml.cs(42,22): warning CS8601: Possible null reference assignment. [C:\Users\Administrator\Documents\malik\dekstop_ta\AbsenSholat\AbsenSholat_jtp3b20w_wpftmp.csproj]
C:\Users\Administrator\Documents\malik\dekstop_ta\AbsenSholat\DashboardWindow.xaml.cs(55,37): warning CS8600: Converting null literal or possible null value to non-nullable type. [C:\Users\Administrator\Documents\malik\dekstop_ta\AbsenSholat\AbsenSholat_jtp3b20w_wpftmp.csproj]
C:\Users\Administrator\Documents\malik\dekstop_ta\AbsenSholat\DashboardWindow.xaml.cs(55,37): warning CS8604: Possible null reference argument for parameter 'token' in 'void ApiClient.SetToken(string token)'. [C:\Users\Administrator\Documents\malik\dekstop_ta\AbsenSholat\AbsenSholat_jtp3b20w_wpftmp.csproj]
C:\Users\Administrator\Documents\malik\dekstop_ta\AbsenSholat\DashboardWindow.xaml.cs(38,16): warning CS8618: Non-nullable field '_siswa' must contain a non-null value when exiting constructor. Consider adding the 'required' modifier or declaring the field as nullable. [C:\Users\Administrator\Documents\malik\dekstop_ta\AbsenSholat\AbsenSholat_jtp3b20w_wpftmp.csproj]
C:\Users\Administrator\Documents\malik\dekstop_ta\AbsenSholat\DashboardWindow.xaml.cs(38,16): warning CS8618: Non-nullable field '_timer' must contain a non-null value when exiting constructor. Consider adding the 'required' modifier or declaring the field as nullable. [C:\Users\Administrator\Documents\malik\dekstop_ta\AbsenSholat\AbsenSholat_jtp3b20w_wpftmp.csproj]
C:\Users\Administrator\Documents\malik\dekstop_ta\AbsenSholat\DashboardWindow.xaml.cs(38,16): warning CS8618: Non-nullable field '_scanAnimationTimer' must contain a non-null value when exiting constructor. Consider adding the 'required' modifier or declaring the field as nullable. [C:\Users\Administrator\Documents\malik\dekstop_ta\AbsenSholat\AbsenSholat_jtp3b20w_wpftmp.csproj]
C:\Users\Administrator\Documents\malik\dekstop_ta\AbsenSholat\Models\StatisticsModels.cs(23,23): warning CS8618: Non-nullable property 'Tanggal' must contain a non-null value when exiting constructor. Consider adding the 'required' modifier or declaring the property as nullable. [C:\Users\Administrator\Documents\malik\dekstop_ta\AbsenSholat\AbsenSholat_jtp3b20w_wpftmp.csproj]
C:\Users\Administrator\Documents\malik\dekstop_ta\AbsenSholat\Models\StatisticsModels.cs(8,31): warning CS8618: Non-nullable property 'Data' must contain a non-null value when exiting constructor. Consider adding the 'required' modifier or declaring the property as nullable. [C:\Users\Administrator\Documents\malik\dekstop_ta\AbsenSholat\AbsenSholat_jtp3b20w_wpftmp.csproj]
C:\Users\Administrator\Documents\malik\dekstop_ta\AbsenSholat\Models\StatisticsModels.cs(11,23): warning CS8618: Non-nullable property 'Message' must contain a non-null value when exiting constructor. Consider adding the 'required' modifier or declaring the property as nullable. [C:\Users\Administrator\Documents\malik\dekstop_ta\AbsenSholat\AbsenSholat_jtp3b20w_wpftmp.csproj]
C:\Users\Administrator\Documents\malik\dekstop_ta\AbsenSholat\Models\Siswa.cs(7,23): warning CS8618: Non-nullable property 'Nis' must contain a non-null value when exiting constructor. Consider adding the 'required' modifier or declaring the property as nullable. [C:\Users\Administrator\Documents\malik\dekstop_ta\AbsenSholat\AbsenSholat_jtp3b20w_wpftmp.csproj]
C:\Users\Administrator\Documents\malik\dekstop_ta\AbsenSholat\Models\Siswa.cs(8,23): warning CS8618: Non-nullable property 'NamaSiswa' must contain a non-null value when exiting constructor. Consider adding the 'required' modifier or declaring the property as nullable. [C:\Users\Administrator\Documents\malik\dekstop_ta\AbsenSholat\AbsenSholat_jtp3b20w_wpftmp.csproj]
C:\Users\Administrator\Documents\malik\dekstop_ta\AbsenSholat\Models\Siswa.cs(9,23): warning CS8618: Non-nullable property 'jk' must contain a non-null value when exiting constructor. Consider adding the 'required' modifier or declaring the property as nullable. [C:\Users\Administrator\Documents\malik\dekstop_ta\AbsenSholat\AbsenSholat_jtp3b20w_wpftmp.csproj]
C:\Users\Administrator\Documents\malik\dekstop_ta\AbsenSholat\Models\Siswa.cs(10,23): warning CS8618: Non-nullable property 'Jurusan' must contain a non-null value when exiting constructor. Consider adding the 'required' modifier or declaring the property as nullable. [C:\Users\Administrator\Documents\malik\dekstop_ta\AbsenSholat\AbsenSholat_jtp3b20w_wpftmp.csproj]
C:\Users\Administrator\Documents\malik\dekstop_ta\AbsenSholat\Models\Siswa.cs(11,23): warning CS8618: Non-nullable property 'Kelas' must contain a non-null value when exiting constructor. Consider adding the 'required' modifier or declaring the property as nullable. [C:\Users\Administrator\Documents\malik\dekstop_ta\AbsenSholat\AbsenSholat_jtp3b20w_wpftmp.csproj]
C:\Users\Administrator\Documents\malik\dekstop_ta\AbsenSholat\Models\SesiSholat.cs(11,23): warning CS8618: Non-nullable property 'NamaSholat' must contain a non-null value when exiting constructor. Consider adding the 'required' modifier or declaring the property as nullable. [C:\Users\Administrator\Documents\malik\dekstop_ta\AbsenSholat\AbsenSholat_jtp3b20w_wpftmp.csproj]
C:\Users\Administrator\Documents\malik\dekstop_ta\AbsenSholat\Models\SesiSholat.cs(14,23): warning CS8618: Non-nullable property 'WaktuMulai' must contain a non-null value when exiting constructor. Consider adding the 'required' modifier or declaring the property as nullable. [C:\Users\Administrator\Documents\malik\dekstop_ta\AbsenSholat\AbsenSholat_jtp3b20w_wpftmp.csproj]
C:\Users\Administrator\Documents\malik\dekstop_ta\AbsenSholat\Models\SesiSholat.cs(17,23): warning CS8618: Non-nullable property 'WaktuSelesai' must contain a non-null value when exiting constructor. Consider adding the 'required' modifier or declaring the property as nullable. [C:\Users\Administrator\Documents\malik\dekstop_ta\AbsenSholat\AbsenSholat_jtp3b20w_wpftmp.csproj]
C:\Users\Administrator\Documents\malik\dekstop_ta\AbsenSholat\Models\SesiSholat.cs(20,23): warning CS8618: Non-nullable property 'Tanggal' must contain a non-null value when exiting constructor. Consider adding the 'required' modifier or declaring the property as nullable. [C:\Users\Administrator\Documents\malik\dekstop_ta\AbsenSholat\AbsenSholat_jtp3b20w_wpftmp.csproj]
C:\Users\Administrator\Documents\malik\dekstop_ta\AbsenSholat\Models\RegisterResponse.cs(8,23): warning CS8618: Non-nullable property 'CreatedAt' must contain a non-null value when exiting constructor. Consider adding the 'required' modifier or declaring the property as nullable. [C:\Users\Administrator\Documents\malik\dekstop_ta\AbsenSholat\AbsenSholat_jtp3b20w_wpftmp.csproj]
C:\Users\Administrator\Documents\malik\dekstop_ta\AbsenSholat\Models\RegisterResponse.cs(11,23): warning CS8618: Non-nullable property 'Email' must contain a non-null value when exiting constructor. Consider adding the 'required' modifier or declaring the property as nullable. [C:\Users\Administrator\Documents\malik\dekstop_ta\AbsenSholat\AbsenSholat_jtp3b20w_wpftmp.csproj]
C:\Users\Administrator\Documents\malik\dekstop_ta\AbsenSholat\Models\RegisterResponse.cs(17,23): warning CS8618: Non-nullable property 'Message' must contain a non-null value when exiting constructor. Consider adding the 'required' modifier or declaring the property as nullable. [C:\Users\Administrator\Documents\malik\dekstop_ta\AbsenSholat\AbsenSholat_jtp3b20w_wpftmp.csproj]
C:\Users\Administrator\Documents\malik\dekstop_ta\AbsenSholat\Models\RegisterResponse.cs(20,23): warning CS8618: Non-nullable property 'Nis' must contain a non-null value when exiting constructor. Consider adding the 'required' modifier or declaring the property as nullable. [C:\Users\Administrator\Documents\malik\dekstop_ta\AbsenSholat\AbsenSholat_jtp3b20w_wpftmp.csproj]
C:\Users\Administrator\Documents\malik\dekstop_ta\AbsenSholat\Models\QRCodeModels.cs(50,23): warning CS8618: Non-nullable property 'JenisSholat' must contain a non-null value when exiting constructor. Consider adding the 'required' modifier or declaring the property as nullable. [C:\Users\Administrator\Documents\malik\dekstop_ta\AbsenSholat\AbsenSholat_jtp3b20w_wpftmp.csproj]
C:\Users\Administrator\Documents\malik\dekstop_ta\AbsenSholat\Models\QRCodeModels.cs(53,23): warning CS8618: Non-nullable property 'Jurusan' must contain a non-null value when exiting constructor. Consider adding the 'required' modifier or declaring the property as nullable. [C:\Users\Administrator\Documents\malik\dekstop_ta\AbsenSholat\AbsenSholat_jtp3b20w_wpftmp.csproj]
C:\Users\Administrator\Documents\malik\dekstop_ta\AbsenSholat\Models\QRCodeModels.cs(56,23): warning CS8618: Non-nullable property 'Kelas' must contain a non-null value when exiting constructor. Consider adding the 'required' modifier or declaring the property as nullable. [C:\Users\Administrator\Documents\malik\dekstop_ta\AbsenSholat\AbsenSholat_jtp3b20w_wpftmp.csproj]
C:\Users\Administrator\Documents\malik\dekstop_ta\AbsenSholat\Models\QRCodeModels.cs(59,23): warning CS8618: Non-nullable property 'NamaSiswa' must contain a non-null value when exiting constructor. Consider adding the 'required' modifier or declaring the property as nullable. [C:\Users\Administrator\Documents\malik\dekstop_ta\AbsenSholat\AbsenSholat_jtp3b20w_wpftmp.csproj]
C:\Users\Administrator\Documents\malik\dekstop_ta\AbsenSholat\Models\QRCodeModels.cs(62,23): warning CS8618: Non-nullable property 'Nis' must contain a non-null value when exiting constructor. Consider adding the 'required' modifier or declaring the property as nullable. [C:\Users\Administrator\Documents\malik\dekstop_ta\AbsenSholat\AbsenSholat_jtp3b20w_wpftmp.csproj]
C:\Users\Administrator\Documents\malik\dekstop_ta\AbsenSholat\Models\QRCodeModels.cs(65,23): warning CS8618: Non-nullable property 'Status' must contain a non-null value when exiting constructor. Consider adding the 'required' modifier or declaring the property as nullable. [C:\Users\Administrator\Documents\malik\dekstop_ta\AbsenSholat\AbsenSholat_jtp3b20w_wpftmp.csproj]
C:\Users\Administrator\Documents\malik\dekstop_ta\AbsenSholat\Models\QRCodeModels.cs(68,23): warning CS8618: Non-nullable property 'Tanggal' must contain a non-null value when exiting constructor. Consider adding the 'required' modifier or declaring the property as nullable. [C:\Users\Administrator\Documents\malik\dekstop_ta\AbsenSholat\AbsenSholat_jtp3b20w_wpftmp.csproj]
C:\Users\Administrator\Documents\malik\dekstop_ta\AbsenSholat\Models\QRCodeModels.cs(41,29): warning CS8618: Non-nullable property 'Data' must contain a non-null value when exiting constructor. Consider adding the 'required' modifier or declaring the property as nullable. [C:\Users\Administrator\Documents\malik\dekstop_ta\AbsenSholat\AbsenSholat_jtp3b20w_wpftmp.csproj]
C:\Users\Administrator\Documents\malik\dekstop_ta\AbsenSholat\Models\QRCodeModels.cs(44,23): warning CS8618: Non-nullable property 'Message' must contain a non-null value when exiting constructor. Consider adding the 'required' modifier or declaring the property as nullable. [C:\Users\Administrator\Documents\malik\dekstop_ta\AbsenSholat\AbsenSholat_jtp3b20w_wpftmp.csproj]
C:\Users\Administrator\Documents\malik\dekstop_ta\AbsenSholat\Models\QRCodeModels.cs(35,23): warning CS8618: Non-nullable property 'Token' must contain a non-null value when exiting constructor. Consider adding the 'required' modifier or declaring the property as nullable. [C:\Users\Administrator\Documents\malik\dekstop_ta\AbsenSholat\AbsenSholat_jtp3b20w_wpftmp.csproj]
C:\Users\Administrator\Documents\malik\dekstop_ta\AbsenSholat\Models\QRCodeModels.cs(17,23): warning CS8618: Non-nullable property 'ExpiresAt' must contain a non-null value when exiting constructor. Consider adding the 'required' modifier or declaring the property as nullable. [C:\Users\Administrator\Documents\malik\dekstop_ta\AbsenSholat\AbsenSholat_jtp3b20w_wpftmp.csproj]
C:\Users\Administrator\Documents\malik\dekstop_ta\AbsenSholat\Models\QRCodeModels.cs(23,23): warning CS8618: Non-nullable property 'JenisSholat' must contain a non-null value when exiting constructor. Consider adding the 'required' modifier or declaring the property as nullable. [C:\Users\Administrator\Documents\malik\dekstop_ta\AbsenSholat\AbsenSholat_jtp3b20w_wpftmp.csproj]
C:\Users\Administrator\Documents\malik\dekstop_ta\AbsenSholat\Models\QRCodeModels.cs(26,23): warning CS8618: Non-nullable property 'QrCode' must contain a non-null value when exiting constructor. Consider adding the 'required' modifier or declaring the property as nullable. [C:\Users\Administrator\Documents\malik\dekstop_ta\AbsenSholat\AbsenSholat_jtp3b20w_wpftmp.csproj]
C:\Users\Administrator\Documents\malik\dekstop_ta\AbsenSholat\Models\QRCodeModels.cs(29,23): warning CS8618: Non-nullable property 'Token' must contain a non-null value when exiting constructor. Consider adding the 'required' modifier or declaring the property as nullable. [C:\Users\Administrator\Documents\malik\dekstop_ta\AbsenSholat\AbsenSholat_jtp3b20w_wpftmp.csproj]
C:\Users\Administrator\Documents\malik\dekstop_ta\AbsenSholat\Models\QRCodeModels.cs(8,27): warning CS8618: Non-nullable property 'Data' must contain a non-null value when exiting constructor. Consider adding the 'required' modifier or declaring the property as nullable. [C:\Users\Administrator\Documents\malik\dekstop_ta\AbsenSholat\AbsenSholat_jtp3b20w_wpftmp.csproj]
C:\Users\Administrator\Documents\malik\dekstop_ta\AbsenSholat\Models\QRCodeModels.cs(11,23): warning CS8618: Non-nullable property 'Message' must contain a non-null value when exiting constructor. Consider adding the 'required' modifier or declaring the property as nullable. [C:\Users\Administrator\Documents\malik\dekstop_ta\AbsenSholat\AbsenSholat_jtp3b20w_wpftmp.csproj]
C:\Users\Administrator\Documents\malik\dekstop_ta\AbsenSholat\Models\LoginResponse.cs(13,23): warning CS8618: Non-nullable property 'Nis' must contain a non-null value when exiting constructor. Consider adding the 'required' modifier or declaring the property as nullable. [C:\Users\Administrator\Documents\malik\dekstop_ta\AbsenSholat\AbsenSholat_jtp3b20w_wpftmp.csproj]
C:\Users\Administrator\Documents\malik\dekstop_ta\AbsenSholat\Models\LoginResponse.cs(16,23): warning CS8618: Non-nullable property 'NamaSiswa' must contain a non-null value when exiting constructor. Consider adding the 'required' modifier or declaring the property as nullable. [C:\Users\Administrator\Documents\malik\dekstop_ta\AbsenSholat\AbsenSholat_jtp3b20w_wpftmp.csproj]
C:\Users\Administrator\Documents\malik\dekstop_ta\AbsenSholat\Models\LoginResponse.cs(19,23): warning CS8618: Non-nullable property 'Jk' must contain a non-null value when exiting constructor. Consider adding the 'required' modifier or declaring the property as nullable. [C:\Users\Administrator\Documents\malik\dekstop_ta\AbsenSholat\AbsenSholat_jtp3b20w_wpftmp.csproj]
C:\Users\Administrator\Documents\malik\dekstop_ta\AbsenSholat\Models\LoginResponse.cs(22,23): warning CS8618: Non-nullable property 'Jurusan' must contain a non-null value when exiting constructor. Consider adding the 'required' modifier or declaring the property as nullable. [C:\Users\Administrator\Documents\malik\dekstop_ta\AbsenSholat\AbsenSholat_jtp3b20w_wpftmp.csproj]
C:\Users\Administrator\Documents\malik\dekstop_ta\AbsenSholat\Models\LoginResponse.cs(25,23): warning CS8618: Non-nullable property 'Kelas' must contain a non-null value when exiting constructor. Consider adding the 'required' modifier or declaring the property as nullable. [C:\Users\Administrator\Documents\malik\dekstop_ta\AbsenSholat\AbsenSholat_jtp3b20w_wpftmp.csproj]
C:\Users\Administrator\Documents\malik\dekstop_ta\AbsenSholat\Models\LoginResponse.cs(28,23): warning CS8618: Non-nullable property 'Email' must contain a non-null value when exiting constructor. Consider adding the 'required' modifier or declaring the property as nullable. [C:\Users\Administrator\Documents\malik\dekstop_ta\AbsenSholat\AbsenSholat_jtp3b20w_wpftmp.csproj]
C:\Users\Administrator\Documents\malik\dekstop_ta\AbsenSholat\Models\LoginResponse.cs(31,23): warning CS8618: Non-nullable property 'Token' must contain a non-null value when exiting constructor. Consider adding the 'required' modifier or declaring the property as nullable. [C:\Users\Administrator\Documents\malik\dekstop_ta\AbsenSholat\AbsenSholat_jtp3b20w_wpftmp.csproj]
C:\Users\Administrator\Documents\malik\dekstop_ta\AbsenSholat\Models\HistoryModels.cs(60,23): warning CS8618: Non-nullable property 'Jurusan' must contain a non-null value when exiting constructor. Consider adding the 'required' modifier or declaring the property as nullable. [C:\Users\Administrator\Documents\malik\dekstop_ta\AbsenSholat\AbsenSholat_jtp3b20w_wpftmp.csproj]
C:\Users\Administrator\Documents\malik\dekstop_ta\AbsenSholat\Models\HistoryModels.cs(63,23): warning CS8618: Non-nullable property 'Kelas' must contain a non-null value when exiting constructor. Consider adding the 'required' modifier or declaring the property as nullable. [C:\Users\Administrator\Documents\malik\dekstop_ta\AbsenSholat\AbsenSholat_jtp3b20w_wpftmp.csproj]
C:\Users\Administrator\Documents\malik\dekstop_ta\AbsenSholat\Models\HistoryModels.cs(66,23): warning CS8618: Non-nullable property 'NamaSiswa' must contain a non-null value when exiting constructor. Consider adding the 'required' modifier or declaring the property as nullable. [C:\Users\Administrator\Documents\malik\dekstop_ta\AbsenSholat\AbsenSholat_jtp3b20w_wpftmp.csproj]
C:\Users\Administrator\Documents\malik\dekstop_ta\AbsenSholat\Models\HistoryModels.cs(69,23): warning CS8618: Non-nullable property 'Nis' must contain a non-null value when exiting constructor. Consider adding the 'required' modifier or declaring the property as nullable. [C:\Users\Administrator\Documents\malik\dekstop_ta\AbsenSholat\AbsenSholat_jtp3b20w_wpftmp.csproj]
C:\Users\Administrator\Documents\malik\dekstop_ta\AbsenSholat\Models\HistoryModels.cs(39,23): warning CS8618: Non-nullable property 'Deskripsi' must contain a non-null value when exiting constructor. Consider adding the 'required' modifier or declaring the property as nullable. [C:\Users\Administrator\Documents\malik\dekstop_ta\AbsenSholat\AbsenSholat_jtp3b20w_wpftmp.csproj]
C:\Users\Administrator\Documents\malik\dekstop_ta\AbsenSholat\Models\HistoryModels.cs(42,23): warning CS8618: Non-nullable property 'Hari' must contain a non-null value when exiting constructor. Consider adding the 'required' modifier or declaring the property as nullable. [C:\Users\Administrator\Documents\malik\dekstop_ta\AbsenSholat\AbsenSholat_jtp3b20w_wpftmp.csproj]
C:\Users\Administrator\Documents\malik\dekstop_ta\AbsenSholat\Models\HistoryModels.cs(48,23): warning CS8618: Non-nullable property 'JenisSholat' must contain a non-null value when exiting constructor. Consider adding the 'required' modifier or declaring the property as nullable. [C:\Users\Administrator\Documents\malik\dekstop_ta\AbsenSholat\AbsenSholat_jtp3b20w_wpftmp.csproj]
C:\Users\Administrator\Documents\malik\dekstop_ta\AbsenSholat\Models\HistoryModels.cs(51,23): warning CS8618: Non-nullable property 'Status' must contain a non-null value when exiting constructor. Consider adding the 'required' modifier or declaring the property as nullable. [C:\Users\Administrator\Documents\malik\dekstop_ta\AbsenSholat\AbsenSholat_jtp3b20w_wpftmp.csproj]
C:\Users\Administrator\Documents\malik\dekstop_ta\AbsenSholat\Models\HistoryModels.cs(54,23): warning CS8618: Non-nullable property 'Tanggal' must contain a non-null value when exiting constructor. Consider adding the 'required' modifier or declaring the property as nullable. [C:\Users\Administrator\Documents\malik\dekstop_ta\AbsenSholat\AbsenSholat_jtp3b20w_wpftmp.csproj]
C:\Users\Administrator\Documents\malik\dekstop_ta\AbsenSholat\Models\HistoryModels.cs(18,41): warning CS8618: Non-nullable property 'Absensi' must contain a non-null value when exiting constructor. Consider adding the 'required' modifier or declaring the property as nullable. [C:\Users\Administrator\Documents\malik\dekstop_ta\AbsenSholat\AbsenSholat_jtp3b20w_wpftmp.csproj]
C:\Users\Administrator\Documents\malik\dekstop_ta\AbsenSholat\Models\HistoryModels.cs(21,23): warning CS8618: Non-nullable property 'EndDate' must contain a non-null value when exiting constructor. Consider adding the 'required' modifier or declaring the property as nullable. [C:\Users\Administrator\Documents\malik\dekstop_ta\AbsenSholat\AbsenSholat_jtp3b20w_wpftmp.csproj]
C:\Users\Administrator\Documents\malik\dekstop_ta\AbsenSholat\Models\HistoryModels.cs(24,23): warning CS8618: Non-nullable property 'Periode' must contain a non-null value when exiting constructor. Consider adding the 'required' modifier or declaring the property as nullable. [C:\Users\Administrator\Documents\malik\dekstop_ta\AbsenSholat\AbsenSholat_jtp3b20w_wpftmp.csproj]
C:\Users\Administrator\Documents\malik\dekstop_ta\AbsenSholat\Models\HistoryModels.cs(27,26): warning CS8618: Non-nullable property 'Siswa' must contain a non-null value when exiting constructor. Consider adding the 'required' modifier or declaring the property as nullable. [C:\Users\Administrator\Documents\malik\dekstop_ta\AbsenSholat\AbsenSholat_jtp3b20w_wpftmp.csproj]
C:\Users\Administrator\Documents\malik\dekstop_ta\AbsenSholat\Models\HistoryModels.cs(30,23): warning CS8618: Non-nullable property 'StartDate' must contain a non-null value when exiting constructor. Consider adding the 'required' modifier or declaring the property as nullable. [C:\Users\Administrator\Documents\malik\dekstop_ta\AbsenSholat\AbsenSholat_jtp3b20w_wpftmp.csproj]
C:\Users\Administrator\Documents\malik\dekstop_ta\AbsenSholat\Models\HistoryModels.cs(33,33): warning CS8618: Non-nullable property 'Statistik' must contain a non-null value when exiting constructor. Consider adding the 'required' modifier or declaring the property as nullable. [C:\Users\Administrator\Documents\malik\dekstop_ta\AbsenSholat\AbsenSholat_jtp3b20w_wpftmp.csproj]
C:\Users\Administrator\Documents\malik\dekstop_ta\AbsenSholat\Models\HistoryModels.cs(9,33): warning CS8618: Non-nullable property 'Data' must contain a non-null value when exiting constructor. Consider adding the 'required' modifier or declaring the property as nullable. [C:\Users\Administrator\Documents\malik\dekstop_ta\AbsenSholat\AbsenSholat_jtp3b20w_wpftmp.csproj]
C:\Users\Administrator\Documents\malik\dekstop_ta\AbsenSholat\Models\HistoryModels.cs(12,23): warning CS8618: Non-nullable property 'Message' must contain a non-null value when exiting constructor. Consider adding the 'required' modifier or declaring the property as nullable. [C:\Users\Administrator\Documents\malik\dekstop_ta\AbsenSholat\AbsenSholat_jtp3b20w_wpftmp.csproj]
C:\Users\Administrator\Documents\malik\dekstop_ta\AbsenSholat\Models\AuthModels.cs(44,23): warning CS8618: Non-nullable property 'NewEmail' must contain a non-null value when exiting constructor. Consider adding the 'required' modifier or declaring the property as nullable. [C:\Users\Administrator\Documents\malik\dekstop_ta\AbsenSholat\AbsenSholat_jtp3b20w_wpftmp.csproj]
C:\Users\Administrator\Documents\malik\dekstop_ta\AbsenSholat\Models\AuthModels.cs(47,23): warning CS8618: Non-nullable property 'Otp' must contain a non-null value when exiting constructor. Consider adding the 'required' modifier or declaring the property as nullable. [C:\Users\Administrator\Documents\malik\dekstop_ta\AbsenSholat\AbsenSholat_jtp3b20w_wpftmp.csproj]
C:\Users\Administrator\Documents\malik\dekstop_ta\AbsenSholat\Models\AuthModels.cs(35,23): warning CS8618: Non-nullable property 'Nis' must contain a non-null value when exiting constructor. Consider adding the 'required' modifier or declaring the property as nullable. [C:\Users\Administrator\Documents\malik\dekstop_ta\AbsenSholat\AbsenSholat_jtp3b20w_wpftmp.csproj]
C:\Users\Administrator\Documents\malik\dekstop_ta\AbsenSholat\Models\AuthModels.cs(38,23): warning CS8618: Non-nullable property 'Otp' must contain a non-null value when exiting constructor. Consider adding the 'required' modifier or declaring the property as nullable. [C:\Users\Administrator\Documents\malik\dekstop_ta\AbsenSholat\AbsenSholat_jtp3b20w_wpftmp.csproj]
C:\Users\Administrator\Documents\malik\dekstop_ta\AbsenSholat\Models\AuthModels.cs(23,23): warning CS8618: Non-nullable property 'NewPassword' must contain a non-null value when exiting constructor. Consider adding the 'required' modifier or declaring the property as nullable. [C:\Users\Administrator\Documents\malik\dekstop_ta\AbsenSholat\AbsenSholat_jtp3b20w_wpftmp.csproj]
C:\Users\Administrator\Documents\malik\dekstop_ta\AbsenSholat\Models\AuthModels.cs(26,23): warning CS8618: Non-nullable property 'Nis' must contain a non-null value when exiting constructor. Consider adding the 'required' modifier or declaring the property as nullable. [C:\Users\Administrator\Documents\malik\dekstop_ta\AbsenSholat\AbsenSholat_jtp3b20w_wpftmp.csproj]
C:\Users\Administrator\Documents\malik\dekstop_ta\AbsenSholat\Models\AuthModels.cs(29,23): warning CS8618: Non-nullable property 'Otp' must contain a non-null value when exiting constructor. Consider adding the 'required' modifier or declaring the property as nullable. [C:\Users\Administrator\Documents\malik\dekstop_ta\AbsenSholat\AbsenSholat_jtp3b20w_wpftmp.csproj]
C:\Users\Administrator\Documents\malik\dekstop_ta\AbsenSholat\Models\AuthModels.cs(14,23): warning CS8618: Non-nullable property 'Email' must contain a non-null value when exiting constructor. Consider adding the 'required' modifier or declaring the property as nullable. [C:\Users\Administrator\Documents\malik\dekstop_ta\AbsenSholat\AbsenSholat_jtp3b20w_wpftmp.csproj]
C:\Users\Administrator\Documents\malik\dekstop_ta\AbsenSholat\Models\AuthModels.cs(17,23): warning CS8618: Non-nullable property 'Nis' must contain a non-null value when exiting constructor. Consider adding the 'required' modifier or declaring the property as nullable. [C:\Users\Administrator\Documents\malik\dekstop_ta\AbsenSholat\AbsenSholat_jtp3b20w_wpftmp.csproj]
C:\Users\Administrator\Documents\malik\dekstop_ta\AbsenSholat\Models\AuthModels.cs(8,23): warning CS8618: Non-nullable property 'NewEmail' must contain a non-null value when exiting constructor. Consider adding the 'required' modifier or declaring the property as nullable. [C:\Users\Administrator\Documents\malik\dekstop_ta\AbsenSholat\AbsenSholat_jtp3b20w_wpftmp.csproj]
C:\Users\Administrator\Documents\malik\dekstop_ta\AbsenSholat\Models\AkunLogin.cs(12,23): warning CS8618: Non-nullable property 'Nis' must contain a non-null value when exiting constructor. Consider adding the 'required' modifier or declaring the property as nullable. [C:\Users\Administrator\Documents\malik\dekstop_ta\AbsenSholat\AbsenSholat_jtp3b20w_wpftmp.csproj]
C:\Users\Administrator\Documents\malik\dekstop_ta\AbsenSholat\Models\AkunLogin.cs(13,23): warning CS8618: Non-nullable property 'NamaSiswa' must contain a non-null value when exiting constructor. Consider adding the 'required' modifier or declaring the property as nullable. [C:\Users\Administrator\Documents\malik\dekstop_ta\AbsenSholat\AbsenSholat_jtp3b20w_wpftmp.csproj]
C:\Users\Administrator\Documents\malik\dekstop_ta\AbsenSholat\Models\AkunLogin.cs(14,23): warning CS8618: Non-nullable property 'JenisKelamin' must contain a non-null value when exiting constructor. Consider adding the 'required' modifier or declaring the property as nullable. [C:\Users\Administrator\Documents\malik\dekstop_ta\AbsenSholat\AbsenSholat_jtp3b20w_wpftmp.csproj]
C:\Users\Administrator\Documents\malik\dekstop_ta\AbsenSholat\Models\AkunLogin.cs(15,23): warning CS8618: Non-nullable property 'Jurusan' must contain a non-null value when exiting constructor. Consider adding the 'required' modifier or declaring the property as nullable. [C:\Users\Administrator\Documents\malik\dekstop_ta\AbsenSholat\AbsenSholat_jtp3b20w_wpftmp.csproj]
C:\Users\Administrator\Documents\malik\dekstop_ta\AbsenSholat\Models\AkunLogin.cs(16,23): warning CS8618: Non-nullable property 'Kelas' must contain a non-null value when exiting constructor. Consider adding the 'required' modifier or declaring the property as nullable. [C:\Users\Administrator\Documents\malik\dekstop_ta\AbsenSholat\AbsenSholat_jtp3b20w_wpftmp.csproj]
C:\Users\Administrator\Documents\malik\dekstop_ta\AbsenSholat\Models\AkunLogin.cs(17,23): warning CS8618: Non-nullable property 'Email' must contain a non-null value when exiting constructor. Consider adding the 'required' modifier or declaring the property as nullable. [C:\Users\Administrator\Documents\malik\dekstop_ta\AbsenSholat\AbsenSholat_jtp3b20w_wpftmp.csproj]
C:\Users\Administrator\Documents\malik\dekstop_ta\AbsenSholat\Models\AkunLogin.cs(18,23): warning CS8618: Non-nullable property 'CreatedAt' must contain a non-null value when exiting constructor. Consider adding the 'required' modifier or declaring the property as nullable. [C:\Users\Administrator\Documents\malik\dekstop_ta\AbsenSholat\AbsenSholat_jtp3b20w_wpftmp.csproj]
C:\Users\Administrator\Documents\malik\dekstop_ta\AbsenSholat\Models\Absen.cs(17,23): warning CS8618: Non-nullable property 'Status' must contain a non-null value when exiting constructor. Consider adding the 'required' modifier or declaring the property as nullable. [C:\Users\Administrator\Documents\malik\dekstop_ta\AbsenSholat\AbsenSholat_jtp3b20w_wpftmp.csproj]
C:\Users\Administrator\Documents\malik\dekstop_ta\AbsenSholat\Models\Absen.cs(20,23): warning CS8618: Non-nullable property 'Deskripsi' must contain a non-null value when exiting constructor. Consider adding the 'required' modifier or declaring the property as nullable. [C:\Users\Administrator\Documents\malik\dekstop_ta\AbsenSholat\AbsenSholat_jtp3b20w_wpftmp.csproj]
C:\Users\Administrator\Documents\malik\dekstop_ta\AbsenSholat\Models\Absen.cs(23,23): warning CS8618: Non-nullable property 'CreatedAt' must contain a non-null value when exiting constructor. Consider adding the 'required' modifier or declaring the property as nullable. [C:\Users\Administrator\Documents\malik\dekstop_ta\AbsenSholat\AbsenSholat_jtp3b20w_wpftmp.csproj]
C:\Users\Administrator\Documents\malik\dekstop_ta\AbsenSholat\OtpVerificationWindow.xaml.cs(18,16): warning CS8618: Non-nullable field '_timer' must contain a non-null value when exiting constructor. Consider adding the 'required' modifier or declaring the field as nullable. [C:\Users\Administrator\Documents\malik\dekstop_ta\AbsenSholat\AbsenSholat_jtp3b20w_wpftmp.csproj]
C:\Users\Administrator\Documents\malik\dekstop_ta\AbsenSholat\OtpVerificationWindow.xaml.cs(40,28): warning CS8622: Nullability of reference types in type of parameter 'sender' of 'void OtpVerificationWindow.Timer_Tick(object sender, EventArgs e)' doesn't match the target delegate 'EventHandler' (possibly because of nullability attributes). [C:\Users\Administrator\Documents\malik\dekstop_ta\AbsenSholat\AbsenSholat_jtp3b20w_wpftmp.csproj]
C:\Users\Administrator\Documents\malik\dekstop_ta\AbsenSholat\ProfileWindow.xaml.cs(15,16): warning CS8618: Non-nullable field '_apiClient' must contain a non-null value when exiting constructor. Consider adding the 'required' modifier or declaring the field as nullable. [C:\Users\Administrator\Documents\malik\dekstop_ta\AbsenSholat\AbsenSholat_jtp3b20w_wpftmp.csproj]
C:\Users\Administrator\Documents\malik\dekstop_ta\AbsenSholat\ProfileWindow.xaml.cs(15,16): warning CS8618: Non-nullable field '_siswa' must contain a non-null value when exiting constructor. Consider adding the 'required' modifier or declaring the field as nullable. [C:\Users\Administrator\Documents\malik\dekstop_ta\AbsenSholat\AbsenSholat_jtp3b20w_wpftmp.csproj]
C:\Users\Administrator\Documents\malik\dekstop_ta\AbsenSholat\ProfileWindow.xaml.cs(15,16): warning CS8618: Non-nullable field '_email' must contain a non-null value when exiting constructor. Consider adding the 'required' modifier or declaring the field as nullable. [C:\Users\Administrator\Documents\malik\dekstop_ta\AbsenSholat\AbsenSholat_jtp3b20w_wpftmp.csproj]
C:\Users\Administrator\Documents\malik\dekstop_ta\AbsenSholat\DashboardWindow.xaml.cs(220,30): warning CS0168: The variable 'ex' is declared but never used [C:\Users\Administrator\Documents\malik\dekstop_ta\AbsenSholat\AbsenSholat_jtp3b20w_wpftmp.csproj]
C:\Users\Administrator\Documents\malik\dekstop_ta\AbsenSholat\ScanQrWindow.xaml.cs(17,16): warning CS8618: Non-nullable field '_apiClient' must contain a non-null value when exiting constructor. Consider adding the 'required' modifier or declaring the field as nullable. [C:\Users\Administrator\Documents\malik\dekstop_ta\AbsenSholat\AbsenSholat_jtp3b20w_wpftmp.csproj]
C:\Users\Administrator\Documents\malik\dekstop_ta\AbsenSholat\ScanQrWindow.xaml.cs(17,16): warning CS8618: Non-nullable field '_siswa' must contain a non-null value when exiting constructor. Consider adding the 'required' modifier or declaring the field as nullable. [C:\Users\Administrator\Documents\malik\dekstop_ta\AbsenSholat\AbsenSholat_jtp3b20w_wpftmp.csproj]
C:\Users\Administrator\Documents\malik\dekstop_ta\AbsenSholat\ScanQrWindow.xaml.cs(17,16): warning CS8618: Non-nullable field '_scanAnimationTimer' must contain a non-null value when exiting constructor. Consider adding the 'required' modifier or declaring the field as nullable. [C:\Users\Administrator\Documents\malik\dekstop_ta\AbsenSholat\AbsenSholat_jtp3b20w_wpftmp.csproj]
C:\Users\Administrator\Documents\malik\dekstop_ta\AbsenSholat\ScanQrWindow.xaml.cs(22,16): warning CS8618: Non-nullable field '_scanAnimationTimer' must contain a non-null value when exiting constructor. Consider adding the 'required' modifier or declaring the field as nullable. [C:\Users\Administrator\Documents\malik\dekstop_ta\AbsenSholat\AbsenSholat_jtp3b20w_wpftmp.csproj]
C:\Users\Administrator\Documents\malik\dekstop_ta\AbsenSholat\DashboardWindow.xaml.cs(26,24): warning CS0649: Field 'DashboardWindow._windowHandle' is never assigned to, and will always have its default value [C:\Users\Administrator\Documents\malik\dekstop_ta\AbsenSholat\AbsenSholat_jtp3b20w_wpftmp.csproj]
C:\Users\Administrator\Documents\malik\dekstop_ta\AbsenSholat\ApiClient.cs(44,104): warning CS8625: Cannot convert null literal to non-nullable reference type. [C:\Users\Administrator\Documents\malik\dekstop_ta\AbsenSholat\AbsenSholat.csproj]
C:\Users\Administrator\Documents\malik\dekstop_ta\AbsenSholat\ChangeEmailWindow.xaml.cs(17,16): warning CS8618: Non-nullable property 'NewEmail' must contain a non-null value when exiting constructor. Consider adding the 'required' modifier or declaring the property as nullable. [C:\Users\Administrator\Documents\malik\dekstop_ta\AbsenSholat\AbsenSholat.csproj]
C:\Users\Administrator\Documents\malik\dekstop_ta\AbsenSholat\ApiClient.cs(23,16): warning CS8618: Non-nullable field '_token' must contain a non-null value when exiting constructor. Consider adding the 'required' modifier or declaring the field as nullable. [C:\Users\Administrator\Documents\malik\dekstop_ta\AbsenSholat\AbsenSholat.csproj]
C:\Users\Administrator\Documents\malik\dekstop_ta\AbsenSholat\ChangeEmailOtpWindow.xaml.cs(19,16): warning CS8618: Non-nullable field '_timer' must contain a non-null value when exiting constructor. Consider adding the 'required' modifier or declaring the field as nullable. [C:\Users\Administrator\Documents\malik\dekstop_ta\AbsenSholat\AbsenSholat.csproj]
C:\Users\Administrator\Documents\malik\dekstop_ta\AbsenSholat\DashboardWindow.xaml.cs(32,22): warning CS8625: Cannot convert null literal to non-nullable reference type. [C:\Users\Administrator\Documents\malik\dekstop_ta\AbsenSholat\AbsenSholat.csproj]
C:\Users\Administrator\Documents\malik\dekstop_ta\AbsenSholat\DashboardWindow.xaml.cs(28,16): warning CS8618: Non-nullable field '_siswa' must contain a non-null value when exiting constructor. Consider adding the 'required' modifier or declaring the field as nullable. [C:\Users\Administrator\Documents\malik\dekstop_ta\AbsenSholat\AbsenSholat.csproj]
C:\Users\Administrator\Documents\malik\dekstop_ta\AbsenSholat\DashboardWindow.xaml.cs(28,16): warning CS8618: Non-nullable field '_email' must contain a non-null value when exiting constructor. Consider adding the 'required' modifier or declaring the field as nullable. [C:\Users\Administrator\Documents\malik\dekstop_ta\AbsenSholat\AbsenSholat.csproj]
C:\Users\Administrator\Documents\malik\dekstop_ta\AbsenSholat\DashboardWindow.xaml.cs(28,16): warning CS8618: Non-nullable field '_timer' must contain a non-null value when exiting constructor. Consider adding the 'required' modifier or declaring the field as nullable. [C:\Users\Administrator\Documents\malik\dekstop_ta\AbsenSholat\AbsenSholat.csproj]
C:\Users\Administrator\Documents\malik\dekstop_ta\AbsenSholat\DashboardWindow.xaml.cs(28,16): warning CS8618: Non-nullable field '_scanAnimationTimer' must contain a non-null value when exiting constructor. Consider adding the 'required' modifier or declaring the field as nullable. [C:\Users\Administrator\Documents\malik\dekstop_ta\AbsenSholat\AbsenSholat.csproj]
C:\Users\Administrator\Documents\malik\dekstop_ta\AbsenSholat\AdminDashboardWindow.xaml.cs(44,37): warning CS8600: Converting null literal or possible null value to non-nullable type. [C:\Users\Administrator\Documents\malik\dekstop_ta\AbsenSholat\AbsenSholat.csproj]
C:\Users\Administrator\Documents\malik\dekstop_ta\AbsenSholat\AdminDashboardWindow.xaml.cs(44,37): warning CS8604: Possible null reference argument for parameter 'token' in 'void ApiClient.SetToken(string token)'. [C:\Users\Administrator\Documents\malik\dekstop_ta\AbsenSholat\AbsenSholat.csproj]
C:\Users\Administrator\Documents\malik\dekstop_ta\AbsenSholat\AdminDashboardWindow.xaml.cs(35,16): warning CS8618: Non-nullable field '_clockTimer' must contain a non-null value when exiting constructor. Consider adding the 'required' modifier or declaring the field as nullable. [C:\Users\Administrator\Documents\malik\dekstop_ta\AbsenSholat\AbsenSholat.csproj]
C:\Users\Administrator\Documents\malik\dekstop_ta\AbsenSholat\AdminDashboardWindow.xaml.cs(35,16): warning CS8618: Non-nullable field '_qrCountdownTimer' must contain a non-null value when exiting constructor. Consider adding the 'required' modifier or declaring the field as nullable. [C:\Users\Administrator\Documents\malik\dekstop_ta\AbsenSholat\AbsenSholat.csproj]
C:\Users\Administrator\Documents\malik\dekstop_ta\AbsenSholat\ChangeEmailOtpWindow.xaml.cs(40,28): warning CS8622: Nullability of reference types in type of parameter 'sender' of 'void ChangeEmailOtpWindow.Timer_Tick(object sender, EventArgs e)' doesn't match the target delegate 'EventHandler' (possibly because of nullability attributes). [C:\Users\Administrator\Documents\malik\dekstop_ta\AbsenSholat\AbsenSholat.csproj]
C:\Users\Administrator\Documents\malik\dekstop_ta\AbsenSholat\DashboardWindow.xaml.cs(42,22): warning CS8601: Possible null reference assignment. [C:\Users\Administrator\Documents\malik\dekstop_ta\AbsenSholat\AbsenSholat.csproj]
C:\Users\Administrator\Documents\malik\dekstop_ta\AbsenSholat\DashboardWindow.xaml.cs(55,37): warning CS8600: Converting null literal or possible null value to non-nullable type. [C:\Users\Administrator\Documents\malik\dekstop_ta\AbsenSholat\AbsenSholat.csproj]
C:\Users\Administrator\Documents\malik\dekstop_ta\AbsenSholat\DashboardWindow.xaml.cs(55,37): warning CS8604: Possible null reference argument for parameter 'token' in 'void ApiClient.SetToken(string token)'. [C:\Users\Administrator\Documents\malik\dekstop_ta\AbsenSholat\AbsenSholat.csproj]
C:\Users\Administrator\Documents\malik\dekstop_ta\AbsenSholat\DashboardWindow.xaml.cs(38,16): warning CS8618: Non-nullable field '_siswa' must contain a non-null value when exiting constructor. Consider adding the 'required' modifier or declaring the field as nullable. [C:\Users\Administrator\Documents\malik\dekstop_ta\AbsenSholat\AbsenSholat.csproj]
C:\Users\Administrator\Documents\malik\dekstop_ta\AbsenSholat\DashboardWindow.xaml.cs(38,16): warning CS8618: Non-nullable field '_timer' must contain a non-null value when exiting constructor. Consider adding the 'required' modifier or declaring the field as nullable. [C:\Users\Administrator\Documents\malik\dekstop_ta\AbsenSholat\AbsenSholat.csproj]
C:\Users\Administrator\Documents\malik\dekstop_ta\AbsenSholat\DashboardWindow.xaml.cs(38,16): warning CS8618: Non-nullable field '_scanAnimationTimer' must contain a non-null value when exiting constructor. Consider adding the 'required' modifier or declaring the field as nullable. [C:\Users\Administrator\Documents\malik\dekstop_ta\AbsenSholat\AbsenSholat.csproj]
C:\Users\Administrator\Documents\malik\dekstop_ta\AbsenSholat\DashboardWindow.xaml.cs(660,23): warning CS8618: Non-nullable property 'Name' must contain a non-null value when exiting constructor. Consider adding the 'required' modifier or declaring the property as nullable. [C:\Users\Administrator\Documents\malik\dekstop_ta\AbsenSholat\AbsenSholat.csproj]
C:\Users\Administrator\Documents\malik\dekstop_ta\AbsenSholat\DashboardWindow.xaml.cs(661,23): warning CS8618: Non-nullable property 'TimeRange' must contain a non-null value when exiting constructor. Consider adding the 'required' modifier or declaring the property as nullable. [C:\Users\Administrator\Documents\malik\dekstop_ta\AbsenSholat\AbsenSholat.csproj]
C:\Users\Administrator\Documents\malik\dekstop_ta\AbsenSholat\DashboardWindow.xaml.cs(662,23): warning CS8618: Non-nullable property 'StatusText' must contain a non-null value when exiting constructor. Consider adding the 'required' modifier or declaring the property as nullable. [C:\Users\Administrator\Documents\malik\dekstop_ta\AbsenSholat\AbsenSholat.csproj]
C:\Users\Administrator\Documents\malik\dekstop_ta\AbsenSholat\DashboardWindow.xaml.cs(663,23): warning CS8618: Non-nullable property 'StatusBackground' must contain a non-null value when exiting constructor. Consider adding the 'required' modifier or declaring the property as nullable. [C:\Users\Administrator\Documents\malik\dekstop_ta\AbsenSholat\AbsenSholat.csproj]
C:\Users\Administrator\Documents\malik\dekstop_ta\AbsenSholat\DashboardWindow.xaml.cs(664,23): warning CS8618: Non-nullable property 'StatusForeground' must contain a non-null value when exiting constructor. Consider adding the 'required' modifier or declaring the property as nullable. [C:\Users\Administrator\Documents\malik\dekstop_ta\AbsenSholat\AbsenSholat.csproj]
C:\Users\Administrator\Documents\malik\dekstop_ta\AbsenSholat\DashboardWindow.xaml.cs(665,23): warning CS8618: Non-nullable property 'BorderColor' must contain a non-null value when exiting constructor. Consider adding the 'required' modifier or declaring the property as nullable. [C:\Users\Administrator\Documents\malik\dekstop_ta\AbsenSholat\AbsenSholat.csproj]
C:\Users\Administrator\Documents\malik\dekstop_ta\AbsenSholat\DashboardWindow.xaml.cs(666,23): warning CS8618: Non-nullable property 'BackgroundColor' must contain a non-null value when exiting constructor. Consider adding the 'required' modifier or declaring the property as nullable. [C:\Users\Administrator\Documents\malik\dekstop_ta\AbsenSholat\AbsenSholat.csproj]
C:\Users\Administrator\Documents\malik\dekstop_ta\AbsenSholat\ChangePasswordWindow.xaml.cs(73,87): warning CS8625: Cannot convert null literal to non-nullable reference type. [C:\Users\Administrator\Documents\malik\dekstop_ta\AbsenSholat\AbsenSholat.csproj]
C:\Users\Administrator\Documents\malik\dekstop_ta\AbsenSholat\ChangePasswordWindow.xaml.cs(74,62): warning CS8625: Cannot convert null literal to non-nullable reference type. [C:\Users\Administrator\Documents\malik\dekstop_ta\AbsenSholat\AbsenSholat.csproj]
C:\Users\Administrator\Documents\malik\dekstop_ta\AbsenSholat\ChangePasswordWindow.xaml.cs(95,95): warning CS8625: Cannot convert null literal to non-nullable reference type. [C:\Users\Administrator\Documents\malik\dekstop_ta\AbsenSholat\AbsenSholat.csproj]
C:\Users\Administrator\Documents\malik\dekstop_ta\AbsenSholat\ChangePasswordWindow.xaml.cs(96,66): warning CS8625: Cannot convert null literal to non-nullable reference type. [C:\Users\Administrator\Documents\malik\dekstop_ta\AbsenSholat\AbsenSholat.csproj]
C:\Users\Administrator\Documents\malik\dekstop_ta\AbsenSholat\ApiClient.cs(91,20): warning CS8603: Possible null reference return. [C:\Users\Administrator\Documents\malik\dekstop_ta\AbsenSholat\AbsenSholat.csproj]
C:\Users\Administrator\Documents\malik\dekstop_ta\AbsenSholat\ApiClient.cs(106,20): warning CS8603: Possible null reference return. [C:\Users\Administrator\Documents\malik\dekstop_ta\AbsenSholat\AbsenSholat.csproj]
C:\Users\Administrator\Documents\malik\dekstop_ta\AbsenSholat\ApiClient.cs(134,20): warning CS8603: Possible null reference return. [C:\Users\Administrator\Documents\malik\dekstop_ta\AbsenSholat\AbsenSholat.csproj]
C:\Users\Administrator\Documents\malik\dekstop_ta\AbsenSholat\Models\StatisticsModels.cs(23,23): warning CS8618: Non-nullable property 'Tanggal' must contain a non-null value when exiting constructor. Consider adding the 'required' modifier or declaring the property as nullable. [C:\Users\Administrator\Documents\malik\dekstop_ta\AbsenSholat\AbsenSholat.csproj]
C:\Users\Administrator\Documents\malik\dekstop_ta\AbsenSholat\Models\StatisticsModels.cs(8,31): warning CS8618: Non-nullable property 'Data' must contain a non-null value when exiting constructor. Consider adding the 'required' modifier or declaring the property as nullable. [C:\Users\Administrator\Documents\malik\dekstop_ta\AbsenSholat\AbsenSholat.csproj]
C:\Users\Administrator\Documents\malik\dekstop_ta\AbsenSholat\Models\StatisticsModels.cs(11,23): warning CS8618: Non-nullable property 'Message' must contain a non-null value when exiting constructor. Consider adding the 'required' modifier or declaring the property as nullable. [C:\Users\Administrator\Documents\malik\dekstop_ta\AbsenSholat\AbsenSholat.csproj]
C:\Users\Administrator\Documents\malik\dekstop_ta\AbsenSholat\Models\Siswa.cs(7,23): warning CS8618: Non-nullable property 'Nis' must contain a non-null value when exiting constructor. Consider adding the 'required' modifier or declaring the property as nullable. [C:\Users\Administrator\Documents\malik\dekstop_ta\AbsenSholat\AbsenSholat.csproj]
C:\Users\Administrator\Documents\malik\dekstop_ta\AbsenSholat\Models\Siswa.cs(8,23): warning CS8618: Non-nullable property 'NamaSiswa' must contain a non-null value when exiting constructor. Consider adding the 'required' modifier or declaring the property as nullable. [C:\Users\Administrator\Documents\malik\dekstop_ta\AbsenSholat\AbsenSholat.csproj]
C:\Users\Administrator\Documents\malik\dekstop_ta\AbsenSholat\Models\Siswa.cs(9,23): warning CS8618: Non-nullable property 'jk' must contain a non-null value when exiting constructor. Consider adding the 'required' modifier or declaring the property as nullable. [C:\Users\Administrator\Documents\malik\dekstop_ta\AbsenSholat\AbsenSholat.csproj]
C:\Users\Administrator\Documents\malik\dekstop_ta\AbsenSholat\Models\Siswa.cs(10,23): warning CS8618: Non-nullable property 'Jurusan' must contain a non-null value when exiting constructor. Consider adding the 'required' modifier or declaring the property as nullable. [C:\Users\Administrator\Documents\malik\dekstop_ta\AbsenSholat\AbsenSholat.csproj]
C:\Users\Administrator\Documents\malik\dekstop_ta\AbsenSholat\Models\Siswa.cs(11,23): warning CS8618: Non-nullable property 'Kelas' must contain a non-null value when exiting constructor. Consider adding the 'required' modifier or declaring the property as nullable. [C:\Users\Administrator\Documents\malik\dekstop_ta\AbsenSholat\AbsenSholat.csproj]
C:\Users\Administrator\Documents\malik\dekstop_ta\AbsenSholat\Models\SesiSholat.cs(11,23): warning CS8618: Non-nullable property 'NamaSholat' must contain a non-null value when exiting constructor. Consider adding the 'required' modifier or declaring the property as nullable. [C:\Users\Administrator\Documents\malik\dekstop_ta\AbsenSholat\AbsenSholat.csproj]
C:\Users\Administrator\Documents\malik\dekstop_ta\AbsenSholat\Models\SesiSholat.cs(14,23): warning CS8618: Non-nullable property 'WaktuMulai' must contain a non-null value when exiting constructor. Consider adding the 'required' modifier or declaring the property as nullable. [C:\Users\Administrator\Documents\malik\dekstop_ta\AbsenSholat\AbsenSholat.csproj]
C:\Users\Administrator\Documents\malik\dekstop_ta\AbsenSholat\Models\SesiSholat.cs(17,23): warning CS8618: Non-nullable property 'WaktuSelesai' must contain a non-null value when exiting constructor. Consider adding the 'required' modifier or declaring the property as nullable. [C:\Users\Administrator\Documents\malik\dekstop_ta\AbsenSholat\AbsenSholat.csproj]
C:\Users\Administrator\Documents\malik\dekstop_ta\AbsenSholat\Models\SesiSholat.cs(20,23): warning CS8618: Non-nullable property 'Tanggal' must contain a non-null value when exiting constructor. Consider adding the 'required' modifier or declaring the property as nullable. [C:\Users\Administrator\Documents\malik\dekstop_ta\AbsenSholat\AbsenSholat.csproj]
C:\Users\Administrator\Documents\malik\dekstop_ta\AbsenSholat\Models\RegisterResponse.cs(8,23): warning CS8618: Non-nullable property 'CreatedAt' must contain a non-null value when exiting constructor. Consider adding the 'required' modifier or declaring the property as nullable. [C:\Users\Administrator\Documents\malik\dekstop_ta\AbsenSholat\AbsenSholat.csproj]
C:\Users\Administrator\Documents\malik\dekstop_ta\AbsenSholat\Models\RegisterResponse.cs(11,23): warning CS8618: Non-nullable property 'Email' must contain a non-null value when exiting constructor. Consider adding the 'required' modifier or declaring the property as nullable. [C:\Users\Administrator\Documents\malik\dekstop_ta\AbsenSholat\AbsenSholat.csproj]
C:\Users\Administrator\Documents\malik\dekstop_ta\AbsenSholat\Models\RegisterResponse.cs(17,23): warning CS8618: Non-nullable property 'Message' must contain a non-null value when exiting constructor. Consider adding the 'required' modifier or declaring the property as nullable. [C:\Users\Administrator\Documents\malik\dekstop_ta\AbsenSholat\AbsenSholat.csproj]
C:\Users\Administrator\Documents\malik\dekstop_ta\AbsenSholat\Models\RegisterResponse.cs(20,23): warning CS8618: Non-nullable property 'Nis' must contain a non-null value when exiting constructor. Consider adding the 'required' modifier or declaring the property as nullable. [C:\Users\Administrator\Documents\malik\dekstop_ta\AbsenSholat\AbsenSholat.csproj]
C:\Users\Administrator\Documents\malik\dekstop_ta\AbsenSholat\Models\QRCodeModels.cs(50,23): warning CS8618: Non-nullable property 'JenisSholat' must contain a non-null value when exiting constructor. Consider adding the 'required' modifier or declaring the property as nullable. [C:\Users\Administrator\Documents\malik\dekstop_ta\AbsenSholat\AbsenSholat.csproj]
C:\Users\Administrator\Documents\malik\dekstop_ta\AbsenSholat\Models\QRCodeModels.cs(53,23): warning CS8618: Non-nullable property 'Jurusan' must contain a non-null value when exiting constructor. Consider adding the 'required' modifier or declaring the property as nullable. [C:\Users\Administrator\Documents\malik\dekstop_ta\AbsenSholat\AbsenSholat.csproj]
C:\Users\Administrator\Documents\malik\dekstop_ta\AbsenSholat\Models\QRCodeModels.cs(56,23): warning CS8618: Non-nullable property 'Kelas' must contain a non-null value when exiting constructor. Consider adding the 'required' modifier or declaring the property as nullable. [C:\Users\Administrator\Documents\malik\dekstop_ta\AbsenSholat\AbsenSholat.csproj]
C:\Users\Administrator\Documents\malik\dekstop_ta\AbsenSholat\Models\QRCodeModels.cs(59,23): warning CS8618: Non-nullable property 'NamaSiswa' must contain a non-null value when exiting constructor. Consider adding the 'required' modifier or declaring the property as nullable. [C:\Users\Administrator\Documents\malik\dekstop_ta\AbsenSholat\AbsenSholat.csproj]
C:\Users\Administrator\Documents\malik\dekstop_ta\AbsenSholat\Models\QRCodeModels.cs(62,23): warning CS8618: Non-nullable property 'Nis' must contain a non-null value when exiting constructor. Consider adding the 'required' modifier or declaring the property as nullable. [C:\Users\Administrator\Documents\malik\dekstop_ta\AbsenSholat\AbsenSholat.csproj]
C:\Users\Administrator\Documents\malik\dekstop_ta\AbsenSholat\Models\QRCodeModels.cs(65,23): warning CS8618: Non-nullable property 'Status' must contain a non-null value when exiting constructor. Consider adding the 'required' modifier or declaring the property as nullable. [C:\Users\Administrator\Documents\malik\dekstop_ta\AbsenSholat\AbsenSholat.csproj]
C:\Users\Administrator\Documents\malik\dekstop_ta\AbsenSholat\Models\QRCodeModels.cs(68,23): warning CS8618: Non-nullable property 'Tanggal' must contain a non-null value when exiting constructor. Consider adding the 'required' modifier or declaring the property as nullable. [C:\Users\Administrator\Documents\malik\dekstop_ta\AbsenSholat\AbsenSholat.csproj]
C:\Users\Administrator\Documents\malik\dekstop_ta\AbsenSholat\Models\QRCodeModels.cs(41,29): warning CS8618: Non-nullable property 'Data' must contain a non-null value when exiting constructor. Consider adding the 'required' modifier or declaring the property as nullable. [C:\Users\Administrator\Documents\malik\dekstop_ta\AbsenSholat\AbsenSholat.csproj]
C:\Users\Administrator\Documents\malik\dekstop_ta\AbsenSholat\Models\QRCodeModels.cs(44,23): warning CS8618: Non-nullable property 'Message' must contain a non-null value when exiting constructor. Consider adding the 'required' modifier or declaring the property as nullable. [C:\Users\Administrator\Documents\malik\dekstop_ta\AbsenSholat\AbsenSholat.csproj]
C:\Users\Administrator\Documents\malik\dekstop_ta\AbsenSholat\DashboardWindow.xaml.cs(220,30): warning CS0168: The variable 'ex' is declared but never used [C:\Users\Administrator\Documents\malik\dekstop_ta\AbsenSholat\AbsenSholat.csproj]
C:\Users\Administrator\Documents\malik\dekstop_ta\AbsenSholat\Models\QRCodeModels.cs(35,23): warning CS8618: Non-nullable property 'Token' must contain a non-null value when exiting constructor. Consider adding the 'required' modifier or declaring the property as nullable. [C:\Users\Administrator\Documents\malik\dekstop_ta\AbsenSholat\AbsenSholat.csproj]
C:\Users\Administrator\Documents\malik\dekstop_ta\AbsenSholat\Models\QRCodeModels.cs(17,23): warning CS8618: Non-nullable property 'ExpiresAt' must contain a non-null value when exiting constructor. Consider adding the 'required' modifier or declaring the property as nullable. [C:\Users\Administrator\Documents\malik\dekstop_ta\AbsenSholat\AbsenSholat.csproj]
C:\Users\Administrator\Documents\malik\dekstop_ta\AbsenSholat\Models\QRCodeModels.cs(23,23): warning CS8618: Non-nullable property 'JenisSholat' must contain a non-null value when exiting constructor. Consider adding the 'required' modifier or declaring the property as nullable. [C:\Users\Administrator\Documents\malik\dekstop_ta\AbsenSholat\AbsenSholat.csproj]
C:\Users\Administrator\Documents\malik\dekstop_ta\AbsenSholat\Models\QRCodeModels.cs(26,23): warning CS8618: Non-nullable property 'QrCode' must contain a non-null value when exiting constructor. Consider adding the 'required' modifier or declaring the property as nullable. [C:\Users\Administrator\Documents\malik\dekstop_ta\AbsenSholat\AbsenSholat.csproj]
C:\Users\Administrator\Documents\malik\dekstop_ta\AbsenSholat\Models\QRCodeModels.cs(29,23): warning CS8618: Non-nullable property 'Token' must contain a non-null value when exiting constructor. Consider adding the 'required' modifier or declaring the property as nullable. [C:\Users\Administrator\Documents\malik\dekstop_ta\AbsenSholat\AbsenSholat.csproj]
C:\Users\Administrator\Documents\malik\dekstop_ta\AbsenSholat\Models\QRCodeModels.cs(8,27): warning CS8618: Non-nullable property 'Data' must contain a non-null value when exiting constructor. Consider adding the 'required' modifier or declaring the property as nullable. [C:\Users\Administrator\Documents\malik\dekstop_ta\AbsenSholat\AbsenSholat.csproj]
C:\Users\Administrator\Documents\malik\dekstop_ta\AbsenSholat\Models\QRCodeModels.cs(11,23): warning CS8618: Non-nullable property 'Message' must contain a non-null value when exiting constructor. Consider adding the 'required' modifier or declaring the property as nullable. [C:\Users\Administrator\Documents\malik\dekstop_ta\AbsenSholat\AbsenSholat.csproj]
C:\Users\Administrator\Documents\malik\dekstop_ta\AbsenSholat\Models\LoginResponse.cs(13,23): warning CS8618: Non-nullable property 'Nis' must contain a non-null value when exiting constructor. Consider adding the 'required' modifier or declaring the property as nullable. [C:\Users\Administrator\Documents\malik\dekstop_ta\AbsenSholat\AbsenSholat.csproj]
C:\Users\Administrator\Documents\malik\dekstop_ta\AbsenSholat\Models\LoginResponse.cs(16,23): warning CS8618: Non-nullable property 'NamaSiswa' must contain a non-null value when exiting constructor. Consider adding the 'required' modifier or declaring the property as nullable. [C:\Users\Administrator\Documents\malik\dekstop_ta\AbsenSholat\AbsenSholat.csproj]
C:\Users\Administrator\Documents\malik\dekstop_ta\AbsenSholat\Models\LoginResponse.cs(19,23): warning CS8618: Non-nullable property 'Jk' must contain a non-null value when exiting constructor. Consider adding the 'required' modifier or declaring the property as nullable. [C:\Users\Administrator\Documents\malik\dekstop_ta\AbsenSholat\AbsenSholat.csproj]
C:\Users\Administrator\Documents\malik\dekstop_ta\AbsenSholat\Models\LoginResponse.cs(22,23): warning CS8618: Non-nullable property 'Jurusan' must contain a non-null value when exiting constructor. Consider adding the 'required' modifier or declaring the property as nullable. [C:\Users\Administrator\Documents\malik\dekstop_ta\AbsenSholat\AbsenSholat.csproj]
C:\Users\Administrator\Documents\malik\dekstop_ta\AbsenSholat\Models\LoginResponse.cs(25,23): warning CS8618: Non-nullable property 'Kelas' must contain a non-null value when exiting constructor. Consider adding the 'required' modifier or declaring the property as nullable. [C:\Users\Administrator\Documents\malik\dekstop_ta\AbsenSholat\AbsenSholat.csproj]
C:\Users\Administrator\Documents\malik\dekstop_ta\AbsenSholat\Models\LoginResponse.cs(28,23): warning CS8618: Non-nullable property 'Email' must contain a non-null value when exiting constructor. Consider adding the 'required' modifier or declaring the property as nullable. [C:\Users\Administrator\Documents\malik\dekstop_ta\AbsenSholat\AbsenSholat.csproj]
C:\Users\Administrator\Documents\malik\dekstop_ta\AbsenSholat\Models\LoginResponse.cs(31,23): warning CS8618: Non-nullable property 'Token' must contain a non-null value when exiting constructor. Consider adding the 'required' modifier or declaring the property as nullable. [C:\Users\Administrator\Documents\malik\dekstop_ta\AbsenSholat\AbsenSholat.csproj]
C:\Users\Administrator\Documents\malik\dekstop_ta\AbsenSholat\Models\HistoryModels.cs(60,23): warning CS8618: Non-nullable property 'Jurusan' must contain a non-null value when exiting constructor. Consider adding the 'required' modifier or declaring the property as nullable. [C:\Users\Administrator\Documents\malik\dekstop_ta\AbsenSholat\AbsenSholat.csproj]
C:\Users\Administrator\Documents\malik\dekstop_ta\AbsenSholat\Models\HistoryModels.cs(63,23): warning CS8618: Non-nullable property 'Kelas' must contain a non-null value when exiting constructor. Consider adding the 'required' modifier or declaring the property as nullable. [C:\Users\Administrator\Documents\malik\dekstop_ta\AbsenSholat\AbsenSholat.csproj]
C:\Users\Administrator\Documents\malik\dekstop_ta\AbsenSholat\Models\HistoryModels.cs(66,23): warning CS8618: Non-nullable property 'NamaSiswa' must contain a non-null value when exiting constructor. Consider adding the 'required' modifier or declaring the property as nullable. [C:\Users\Administrator\Documents\malik\dekstop_ta\AbsenSholat\AbsenSholat.csproj]
C:\Users\Administrator\Documents\malik\dekstop_ta\AbsenSholat\Models\HistoryModels.cs(69,23): warning CS8618: Non-nullable property 'Nis' must contain a non-null value when exiting constructor. Consider adding the 'required' modifier or declaring the property as nullable. [C:\Users\Administrator\Documents\malik\dekstop_ta\AbsenSholat\AbsenSholat.csproj]
C:\Users\Administrator\Documents\malik\dekstop_ta\AbsenSholat\Models\HistoryModels.cs(39,23): warning CS8618: Non-nullable property 'Deskripsi' must contain a non-null value when exiting constructor. Consider adding the 'required' modifier or declaring the property as nullable. [C:\Users\Administrator\Documents\malik\dekstop_ta\AbsenSholat\AbsenSholat.csproj]
C:\Users\Administrator\Documents\malik\dekstop_ta\AbsenSholat\Models\HistoryModels.cs(42,23): warning CS8618: Non-nullable property 'Hari' must contain a non-null value when exiting constructor. Consider adding the 'required' modifier or declaring the property as nullable. [C:\Users\Administrator\Documents\malik\dekstop_ta\AbsenSholat\AbsenSholat.csproj]
C:\Users\Administrator\Documents\malik\dekstop_ta\AbsenSholat\Models\HistoryModels.cs(48,23): warning CS8618: Non-nullable property 'JenisSholat' must contain a non-null value when exiting constructor. Consider adding the 'required' modifier or declaring the property as nullable. [C:\Users\Administrator\Documents\malik\dekstop_ta\AbsenSholat\AbsenSholat.csproj]
C:\Users\Administrator\Documents\malik\dekstop_ta\AbsenSholat\Models\HistoryModels.cs(51,23): warning CS8618: Non-nullable property 'Status' must contain a non-null value when exiting constructor. Consider adding the 'required' modifier or declaring the property as nullable. [C:\Users\Administrator\Documents\malik\dekstop_ta\AbsenSholat\AbsenSholat.csproj]
C:\Users\Administrator\Documents\malik\dekstop_ta\AbsenSholat\Models\HistoryModels.cs(54,23): warning CS8618: Non-nullable property 'Tanggal' must contain a non-null value when exiting constructor. Consider adding the 'required' modifier or declaring the property as nullable. [C:\Users\Administrator\Documents\malik\dekstop_ta\AbsenSholat\AbsenSholat.csproj]
C:\Users\Administrator\Documents\malik\dekstop_ta\AbsenSholat\Models\Absen.cs(17,23): warning CS8618: Non-nullable property 'Status' must contain a non-null value when exiting constructor. Consider adding the 'required' modifier or declaring the property as nullable. [C:\Users\Administrator\Documents\malik\dekstop_ta\AbsenSholat\AbsenSholat.csproj]
C:\Users\Administrator\Documents\malik\dekstop_ta\AbsenSholat\Models\Absen.cs(20,23): warning CS8618: Non-nullable property 'Deskripsi' must contain a non-null value when exiting constructor. Consider adding the 'required' modifier or declaring the property as nullable. [C:\Users\Administrator\Documents\malik\dekstop_ta\AbsenSholat\AbsenSholat.csproj]
C:\Users\Administrator\Documents\malik\dekstop_ta\AbsenSholat\Models\Absen.cs(23,23): warning CS8618: Non-nullable property 'CreatedAt' must contain a non-null value when exiting constructor. Consider adding the 'required' modifier or declaring the property as nullable. [C:\Users\Administrator\Documents\malik\dekstop_ta\AbsenSholat\AbsenSholat.csproj]
C:\Users\Administrator\Documents\malik\dekstop_ta\AbsenSholat\ProfileWindow.xaml.cs(15,16): warning CS8618: Non-nullable field '_apiClient' must contain a non-null value when exiting constructor. Consider adding the 'required' modifier or declaring the field as nullable. [C:\Users\Administrator\Documents\malik\dekstop_ta\AbsenSholat\AbsenSholat.csproj]
C:\Users\Administrator\Documents\malik\dekstop_ta\AbsenSholat\ProfileWindow.xaml.cs(15,16): warning CS8618: Non-nullable field '_siswa' must contain a non-null value when exiting constructor. Consider adding the 'required' modifier or declaring the field as nullable. [C:\Users\Administrator\Documents\malik\dekstop_ta\AbsenSholat\AbsenSholat.csproj]
C:\Users\Administrator\Documents\malik\dekstop_ta\AbsenSholat\ProfileWindow.xaml.cs(15,16): warning CS8618: Non-nullable field '_email' must contain a non-null value when exiting constructor. Consider adding the 'required' modifier or declaring the field as nullable. [C:\Users\Administrator\Documents\malik\dekstop_ta\AbsenSholat\AbsenSholat.csproj]
C:\Users\Administrator\Documents\malik\dekstop_ta\AbsenSholat\Models\HistoryModels.cs(18,41): warning CS8618: Non-nullable property 'Absensi' must contain a non-null value when exiting constructor. Consider adding the 'required' modifier or declaring the property as nullable. [C:\Users\Administrator\Documents\malik\dekstop_ta\AbsenSholat\AbsenSholat.csproj]
C:\Users\Administrator\Documents\malik\dekstop_ta\AbsenSholat\Models\HistoryModels.cs(21,23): warning CS8618: Non-nullable property 'EndDate' must contain a non-null value when exiting constructor. Consider adding the 'required' modifier or declaring the property as nullable. [C:\Users\Administrator\Documents\malik\dekstop_ta\AbsenSholat\AbsenSholat.csproj]
C:\Users\Administrator\Documents\malik\dekstop_ta\AbsenSholat\Models\HistoryModels.cs(24,23): warning CS8618: Non-nullable property 'Periode' must contain a non-null value when exiting constructor. Consider adding the 'required' modifier or declaring the property as nullable. [C:\Users\Administrator\Documents\malik\dekstop_ta\AbsenSholat\AbsenSholat.csproj]
C:\Users\Administrator\Documents\malik\dekstop_ta\AbsenSholat\Models\HistoryModels.cs(27,26): warning CS8618: Non-nullable property 'Siswa' must contain a non-null value when exiting constructor. Consider adding the 'required' modifier or declaring the property as nullable. [C:\Users\Administrator\Documents\malik\dekstop_ta\AbsenSholat\AbsenSholat.csproj]
C:\Users\Administrator\Documents\malik\dekstop_ta\AbsenSholat\Models\HistoryModels.cs(30,23): warning CS8618: Non-nullable property 'StartDate' must contain a non-null value when exiting constructor. Consider adding the 'required' modifier or declaring the property as nullable. [C:\Users\Administrator\Documents\malik\dekstop_ta\AbsenSholat\AbsenSholat.csproj]
C:\Users\Administrator\Documents\malik\dekstop_ta\AbsenSholat\Models\HistoryModels.cs(33,33): warning CS8618: Non-nullable property 'Statistik' must contain a non-null value when exiting constructor. Consider adding the 'required' modifier or declaring the property as nullable. [C:\Users\Administrator\Documents\malik\dekstop_ta\AbsenSholat\AbsenSholat.csproj]
C:\Users\Administrator\Documents\malik\dekstop_ta\AbsenSholat\OtpVerificationWindow.xaml.cs(18,16): warning CS8618: Non-nullable field '_timer' must contain a non-null value when exiting constructor. Consider adding the 'required' modifier or declaring the field as nullable. [C:\Users\Administrator\Documents\malik\dekstop_ta\AbsenSholat\AbsenSholat.csproj]
C:\Users\Administrator\Documents\malik\dekstop_ta\AbsenSholat\Models\AkunLogin.cs(12,23): warning CS8618: Non-nullable property 'Nis' must contain a non-null value when exiting constructor. Consider adding the 'required' modifier or declaring the property as nullable. [C:\Users\Administrator\Documents\malik\dekstop_ta\AbsenSholat\AbsenSholat.csproj]
C:\Users\Administrator\Documents\malik\dekstop_ta\AbsenSholat\Models\AkunLogin.cs(13,23): warning CS8618: Non-nullable property 'NamaSiswa' must contain a non-null value when exiting constructor. Consider adding the 'required' modifier or declaring the property as nullable. [C:\Users\Administrator\Documents\malik\dekstop_ta\AbsenSholat\AbsenSholat.csproj]
C:\Users\Administrator\Documents\malik\dekstop_ta\AbsenSholat\Models\AkunLogin.cs(14,23): warning CS8618: Non-nullable property 'JenisKelamin' must contain a non-null value when exiting constructor. Consider adding the 'required' modifier or declaring the property as nullable. [C:\Users\Administrator\Documents\malik\dekstop_ta\AbsenSholat\AbsenSholat.csproj]
C:\Users\Administrator\Documents\malik\dekstop_ta\AbsenSholat\Models\AkunLogin.cs(15,23): warning CS8618: Non-nullable property 'Jurusan' must contain a non-null value when exiting constructor. Consider adding the 'required' modifier or declaring the property as nullable. [C:\Users\Administrator\Documents\malik\dekstop_ta\AbsenSholat\AbsenSholat.csproj]
C:\Users\Administrator\Documents\malik\dekstop_ta\AbsenSholat\Models\AkunLogin.cs(16,23): warning CS8618: Non-nullable property 'Kelas' must contain a non-null value when exiting constructor. Consider adding the 'required' modifier or declaring the property as nullable. [C:\Users\Administrator\Documents\malik\dekstop_ta\AbsenSholat\AbsenSholat.csproj]
C:\Users\Administrator\Documents\malik\dekstop_ta\AbsenSholat\Models\AkunLogin.cs(17,23): warning CS8618: Non-nullable property 'Email' must contain a non-null value when exiting constructor. Consider adding the 'required' modifier or declaring the property as nullable. [C:\Users\Administrator\Documents\malik\dekstop_ta\AbsenSholat\AbsenSholat.csproj]
C:\Users\Administrator\Documents\malik\dekstop_ta\AbsenSholat\Models\AkunLogin.cs(18,23): warning CS8618: Non-nullable property 'CreatedAt' must contain a non-null value when exiting constructor. Consider adding the 'required' modifier or declaring the property as nullable. [C:\Users\Administrator\Documents\malik\dekstop_ta\AbsenSholat\AbsenSholat.csproj]
C:\Users\Administrator\Documents\malik\dekstop_ta\AbsenSholat\OtpVerificationWindow.xaml.cs(40,28): warning CS8622: Nullability of reference types in type of parameter 'sender' of 'void OtpVerificationWindow.Timer_Tick(object sender, EventArgs e)' doesn't match the target delegate 'EventHandler' (possibly because of nullability attributes). [C:\Users\Administrator\Documents\malik\dekstop_ta\AbsenSholat\AbsenSholat.csproj]
C:\Users\Administrator\Documents\malik\dekstop_ta\AbsenSholat\Models\AuthModels.cs(8,23): warning CS8618: Non-nullable property 'NewEmail' must contain a non-null value when exiting constructor. Consider adding the 'required' modifier or declaring the property as nullable. [C:\Users\Administrator\Documents\malik\dekstop_ta\AbsenSholat\AbsenSholat.csproj]
C:\Users\Administrator\Documents\malik\dekstop_ta\AbsenSholat\Models\AuthModels.cs(14,23): warning CS8618: Non-nullable property 'Email' must contain a non-null value when exiting constructor. Consider adding the 'required' modifier or declaring the property as nullable. [C:\Users\Administrator\Documents\malik\dekstop_ta\AbsenSholat\AbsenSholat.csproj]
C:\Users\Administrator\Documents\malik\dekstop_ta\AbsenSholat\Models\AuthModels.cs(17,23): warning CS8618: Non-nullable property 'Nis' must contain a non-null value when exiting constructor. Consider adding the 'required' modifier or declaring the property as nullable. [C:\Users\Administrator\Documents\malik\dekstop_ta\AbsenSholat\AbsenSholat.csproj]
C:\Users\Administrator\Documents\malik\dekstop_ta\AbsenSholat\Models\AuthModels.cs(23,23): warning CS8618: Non-nullable property 'NewPassword' must contain a non-null value when exiting constructor. Consider adding the 'required' modifier or declaring the property as nullable. [C:\Users\Administrator\Documents\malik\dekstop_ta\AbsenSholat\AbsenSholat.csproj]
C:\Users\Administrator\Documents\malik\dekstop_ta\AbsenSholat\Models\AuthModels.cs(26,23): warning CS8618: Non-nullable property 'Nis' must contain a non-null value when exiting constructor. Consider adding the 'required' modifier or declaring the property as nullable. [C:\Users\Administrator\Documents\malik\dekstop_ta\AbsenSholat\AbsenSholat.csproj]
C:\Users\Administrator\Documents\malik\dekstop_ta\AbsenSholat\Models\AuthModels.cs(29,23): warning CS8618: Non-nullable property 'Otp' must contain a non-null value when exiting constructor. Consider adding the 'required' modifier or declaring the property as nullable. [C:\Users\Administrator\Documents\malik\dekstop_ta\AbsenSholat\AbsenSholat.csproj]
C:\Users\Administrator\Documents\malik\dekstop_ta\AbsenSholat\Models\AuthModels.cs(35,23): warning CS8618: Non-nullable property 'Nis' must contain a non-null value when exiting constructor. Consider adding the 'required' modifier or declaring the property as nullable. [C:\Users\Administrator\Documents\malik\dekstop_ta\AbsenSholat\AbsenSholat.csproj]
C:\Users\Administrator\Documents\malik\dekstop_ta\AbsenSholat\Models\AuthModels.cs(38,23): warning CS8618: Non-nullable property 'Otp' must contain a non-null value when exiting constructor. Consider adding the 'required' modifier or declaring the property as nullable. [C:\Users\Administrator\Documents\malik\dekstop_ta\AbsenSholat\AbsenSholat.csproj]
C:\Users\Administrator\Documents\malik\dekstop_ta\AbsenSholat\Models\HistoryModels.cs(9,33): warning CS8618: Non-nullable property 'Data' must contain a non-null value when exiting constructor. Consider adding the 'required' modifier or declaring the property as nullable. [C:\Users\Administrator\Documents\malik\dekstop_ta\AbsenSholat\AbsenSholat.csproj]
C:\Users\Administrator\Documents\malik\dekstop_ta\AbsenSholat\Models\HistoryModels.cs(12,23): warning CS8618: Non-nullable property 'Message' must contain a non-null value when exiting constructor. Consider adding the 'required' modifier or declaring the property as nullable. [C:\Users\Administrator\Documents\malik\dekstop_ta\AbsenSholat\AbsenSholat.csproj]
C:\Users\Administrator\Documents\malik\dekstop_ta\AbsenSholat\Models\AuthModels.cs(44,23): warning CS8618: Non-nullable property 'NewEmail' must contain a non-null value when exiting constructor. Consider adding the 'required' modifier or declaring the property as nullable. [C:\Users\Administrator\Documents\malik\dekstop_ta\AbsenSholat\AbsenSholat.csproj]
C:\Users\Administrator\Documents\malik\dekstop_ta\AbsenSholat\Models\AuthModels.cs(47,23): warning CS8618: Non-nullable property 'Otp' must contain a non-null value when exiting constructor. Consider adding the 'required' modifier or declaring the property as nullable. [C:\Users\Administrator\Documents\malik\dekstop_ta\AbsenSholat\AbsenSholat.csproj]
C:\Users\Administrator\Documents\malik\dekstop_ta\AbsenSholat\ScanQrWindow.xaml.cs(17,16): warning CS8618: Non-nullable field '_apiClient' must contain a non-null value when exiting constructor. Consider adding the 'required' modifier or declaring the field as nullable. [C:\Users\Administrator\Documents\malik\dekstop_ta\AbsenSholat\AbsenSholat.csproj]
C:\Users\Administrator\Documents\malik\dekstop_ta\AbsenSholat\ScanQrWindow.xaml.cs(17,16): warning CS8618: Non-nullable field '_siswa' must contain a non-null value when exiting constructor. Consider adding the 'required' modifier or declaring the field as nullable. [C:\Users\Administrator\Documents\malik\dekstop_ta\AbsenSholat\AbsenSholat.csproj]
C:\Users\Administrator\Documents\malik\dekstop_ta\AbsenSholat\ScanQrWindow.xaml.cs(17,16): warning CS8618: Non-nullable field '_scanAnimationTimer' must contain a non-null value when exiting constructor. Consider adding the 'required' modifier or declaring the field as nullable. [C:\Users\Administrator\Documents\malik\dekstop_ta\AbsenSholat\AbsenSholat.csproj]
C:\Users\Administrator\Documents\malik\dekstop_ta\AbsenSholat\ScanQrWindow.xaml.cs(22,16): warning CS8618: Non-nullable field '_scanAnimationTimer' must contain a non-null value when exiting constructor. Consider adding the 'required' modifier or declaring the field as nullable. [C:\Users\Administrator\Documents\malik\dekstop_ta\AbsenSholat\AbsenSholat.csproj]
C:\Users\Administrator\Documents\malik\dekstop_ta\AbsenSholat\DashboardWindow.xaml.cs(26,24): warning CS0649: Field 'DashboardWindow._windowHandle' is never assigned to, and will always have its default value [C:\Users\Administrator\Documents\malik\dekstop_ta\AbsenSholat\AbsenSholat.csproj]
C:\Program Files\dotnet\sdk\10.0.102\Microsoft.Common.CurrentVersion.targets(5381,5): warning MSB3026: Could not copy "C:\Users\Administrator\Documents\malik\dekstop_ta\AbsenSholat\obj\Debug\net8.0-windows\apphost.exe" to "bin\Debug\net8.0-windows\AbsenSholat.exe". Beginning retry 1 in 1000ms. The process cannot access the file 'C:\Users\Administrator\Documents\malik\dekstop_ta\AbsenSholat\bin\Debug\net8.0-windows\AbsenSholat.exe' because it is being used by another process. The file is locked by: "AbsenSholat (7952)" [C:\Users\Administrator\Documents\malik\dekstop_ta\AbsenSholat\AbsenSholat.csproj]
C:\Program Files\dotnet\sdk\10.0.102\Microsoft.Common.CurrentVersion.targets(5381,5): warning MSB3026: Could not copy "C:\Users\Administrator\Documents\malik\dekstop_ta\AbsenSholat\obj\Debug\net8.0-windows\apphost.exe" to "bin\Debug\net8.0-windows\AbsenSholat.exe". Beginning retry 2 in 1000ms. The process cannot access the file 'C:\Users\Administrator\Documents\malik\dekstop_ta\AbsenSholat\bin\Debug\net8.0-windows\AbsenSholat.exe' because it is being used by another process. The file is locked by: "AbsenSholat (7952)" [C:\Users\Administrator\Documents\malik\dekstop_ta\AbsenSholat\AbsenSholat.csproj]
C:\Program Files\dotnet\sdk\10.0.102\Microsoft.Common.CurrentVersion.targets(5381,5): warning MSB3026: Could not copy "C:\Users\Administrator\Documents\malik\dekstop_ta\AbsenSholat\obj\Debug\net8.0-windows\apphost.exe" to "bin\Debug\net8.0-windows\AbsenSholat.exe". Beginning retry 3 in 1000ms. The process cannot access the file 'C:\Users\Administrator\Documents\malik\dekstop_ta\AbsenSholat\bin\Debug\net8.0-windows\AbsenSholat.exe' because it is being used by another process. The file is locked by: "AbsenSholat (7952)" [C:\Users\Administrator\Documents\malik\dekstop_ta\AbsenSholat\AbsenSholat.csproj]
C:\Program Files\dotnet\sdk\10.0.102\Microsoft.Common.CurrentVersion.targets(5381,5): warning MSB3026: Could not copy "C:\Users\Administrator\Documents\malik\dekstop_ta\AbsenSholat\obj\Debug\net8.0-windows\apphost.exe" to "bin\Debug\net8.0-windows\AbsenSholat.exe". Beginning retry 4 in 1000ms. The process cannot access the file 'C:\Users\Administrator\Documents\malik\dekstop_ta\AbsenSholat\bin\Debug\net8.0-windows\AbsenSholat.exe' because it is being used by another process. The file is locked by: "AbsenSholat (7952)" [C:\Users\Administrator\Documents\malik\dekstop_ta\AbsenSholat\AbsenSholat.csproj]
    256 Warning(s)
    0 Error(s)

Time Elapsed 00:00:09.88
